******************************************************************************
                  MSP430 Linker PC v4.3.3                      
******************************************************************************
>> Linked Thu Apr 02 20:23:03 2015

OUTPUT FILE NAME:   <MSP430 Hall Effect Sensor.out>
ENTRY POINT SYMBOL: "_c_int00"  address: 0000de0a


MEMORY CONFIGURATION

         name            origin    length      used     unused   attr    fill
----------------------  --------  ---------  --------  --------  ----  --------
  SFR                   00000000   00000010  00000000  00000010  RWIX
  PERIPHERALS_8BIT      00000010   000000f0  00000000  000000f0  RWIX
  PERIPHERALS_16BIT     00000100   00000100  00000000  00000100  RWIX
  RAM                   00000200   00000200  00000071  0000018f  RWIX
  INFOD                 00001000   00000040  00000000  00000040  RWIX
  INFOC                 00001040   00000040  00000000  00000040  RWIX
  INFOB                 00001080   00000040  00000000  00000040  RWIX
  INFOA                 000010c0   00000040  00000000  00000040  RWIX
  FLASH                 0000c000   00003fe0  00001ee2  000020fe  RWIX
  INT00                 0000ffe0   00000002  00000000  00000002  RWIX
  INT01                 0000ffe2   00000002  00000000  00000002  RWIX
  INT02                 0000ffe4   00000002  00000002  00000000  RWIX
  INT03                 0000ffe6   00000002  00000002  00000000  RWIX
  INT04                 0000ffe8   00000002  00000000  00000002  RWIX
  INT05                 0000ffea   00000002  00000002  00000000  RWIX
  INT06                 0000ffec   00000002  00000002  00000000  RWIX
  INT07                 0000ffee   00000002  00000002  00000000  RWIX
  INT08                 0000fff0   00000002  00000002  00000000  RWIX
  INT09                 0000fff2   00000002  00000002  00000000  RWIX
  INT10                 0000fff4   00000002  00000002  00000000  RWIX
  INT11                 0000fff6   00000002  00000002  00000000  RWIX
  INT12                 0000fff8   00000002  00000002  00000000  RWIX
  INT13                 0000fffa   00000002  00000002  00000000  RWIX
  INT14                 0000fffc   00000002  00000002  00000000  RWIX
  RESET                 0000fffe   00000002  00000002  00000000  RWIX


SECTION ALLOCATION MAP

 output                                  attributes/
section   page    origin      length       input sections
--------  ----  ----------  ----------   ----------------
.init_array 
*          0    0000c000    00000000     UNINITIALIZED

.data      0    00000200    0000001a     UNINITIALIZED
                  00000200    0000001a     main.obj (.data)

.TI.persistent 
*          0    00000200    00000000     UNINITIALIZED

.bss       0    0000021a    00000007     UNINITIALIZED
                  0000021a    00000002     (.common:ADCconverted)
                  0000021c    00000002     (.common:count)
                  0000021e    00000002     (.common:num)
                  00000220    00000001     (.common:fixed_point_speed)

.TI.noinit 
*          0    0000021a    00000000     UNINITIALIZED

.stack     0    000003b0    00000050     UNINITIALIZED
                  000003b0    00000002     rts430_eabi.lib : boot.obj (.stack)
                  000003b2    0000004e     --HOLE--

.text      0    0000c000    00001ec6     
                  0000c000    00000462     rts430_eabi.lib : frcdivd.obj (.text:__TI_frcdivd)
                  0000c462    000002f4                     : frcmpyd.obj (.text:__TI_frcmpyd)
                  0000c756    000002e8                     : addd.obj (.text:__mspabi_addd)
                  0000ca3e    0000026e                     : mpyd.obj (.text:__mspabi_mpyd)
                  0000ccac    00000260                     : frcaddd.obj (.text:__TI_frcaddd)
                  0000cf0c    00000238                     : divd.obj (.text:__mspabi_divd)
                  0000d144    000001d8     main.obj (.text:main)
                  0000d31c    000001d0     rts430_eabi.lib : floor.obj (.text:floor)
                  0000d4ec    00000130                     : fs_add.obj (.text)
                  0000d61c    000000dc                     : cmpd.obj (.text:__mspabi_cmpd)
                  0000d6f8    000000c2                     : fs_mpy.obj (.text)
                  0000d7ba    000000be                     : renormd.obj (.text:__TI_renormd)
                  0000d878    0000009a                     : fs_div.obj (.text)
                  0000d912    0000008c                     : cvtdf.obj (.text:__mspabi_cvtdf)
                  0000d99e    00000068                     : cvtfd.obj (.text:__mspabi_cvtfd)
                  0000da06    0000005e                     : copy_decompress_rle.obj (.text:__TI_decompress_rle_core)
                  0000da64    0000005e                     : autoinit.obj (.text:_auto_init)
                  0000dac2    0000005c                     : lsr32.obj (.text:l_lsr_const)
                  0000db1e    0000004c                     : lsr16.obj (.text)
                  0000db6a    0000004a                     : fs_cmp.obj (.text)
                  0000dbb4    00000046                     : fs_tou.obj (.text)
                  0000dbfa    00000044                     : llmath.obj (.text:__mspabi_srlll)
                  0000dc3e    00000042                     : llmath.obj (.text:__mspabi_sllll)
                  0000dc80    0000003e                     : asr32.obj (.text:l_asr_const)
                  0000dcbe    0000003e                     : lsl32.obj (.text:l_lsl_const)
                  0000dcfc    0000002e                     : subd.obj (.text:__mspabi_subd)
                  0000dd2a    0000002c                     : asr16.obj (.text)
                  0000dd56    0000002c                     : lsl16.obj (.text)
                  0000dd82    00000026                     : mult32.obj (.text)
                  0000dda8    00000024                     : fs_utof.obj (.text)
                  0000ddcc    00000022     main.obj (.text:SPI_Init)
                  0000ddee    0000001c     main.obj (.text:USCI0RX_ISR_HOOK)
                  0000de0a    0000001a     rts430_eabi.lib : boot.obj (.text:_c_int00_noexit)
                  0000de24    00000014                     : copy_zero_init.obj (.text:decompress:ZI:__TI_zero_init)
                  0000de38    00000014                     : mult16.obj (.text)
                  0000de4c    00000012                     : copy_decompress_none.obj (.text:decompress:none:__TI_decompress_none)
                  0000de5e    00000012                     : lsr32.obj (.text:l_lsr)
                  0000de70    00000012                     : memcpy.obj (.text:memcpy)
                  0000de82    00000010                     : asr32.obj (.text:l_asr)
                  0000de92    00000010                     : lsl32.obj (.text:l_lsl)
                  0000dea2    00000010                     : epilog.obj (.text)
                  0000deb2    00000006                     : isr_trap.obj (.text:__TI_ISR_TRAP)
                  0000deb8    00000006                     : copy_decompress_rle.obj (.text:decompress:rle24:__TI_decompress_rle24)
                  0000debe    00000004                     : pre_init.obj (.text:_system_pre_init)
                  0000dec2    00000004                     : exit.obj (.text:abort)

.cinit     0    0000dec6    0000001c     
                  0000dec6    00000009     (.cinit..data.load) [load image, compression = rle]
                  0000decf    00000001     --HOLE-- [fill = 0]
                  0000ded0    00000006     (__TI_handler_table)
                  0000ded6    00000004     (.cinit..bss.load) [load image, compression = zero_init]
                  0000deda    00000008     (__TI_cinit_table)

PORT1      0    0000ffe4    00000002     
                  0000ffe4    00000002     rts430_eabi.lib : int02.obj (.int02)

PORT2      0    0000ffe6    00000002     
                  0000ffe6    00000002     rts430_eabi.lib : int03.obj (.int03)

ADC10      0    0000ffea    00000002     
                  0000ffea    00000002     rts430_eabi.lib : int05.obj (.int05)

USCIAB0TX 
*          0    0000ffec    00000002     
                  0000ffec    00000002     rts430_eabi.lib : int06.obj (.int06)

USCIAB0RX 
*          0    0000ffee    00000002     
                  0000ffee    00000002     main.obj (.int07)

TIMER0_A1 
*          0    0000fff0    00000002     
                  0000fff0    00000002     rts430_eabi.lib : int08.obj (.int08)

TIMER0_A0 
*          0    0000fff2    00000002     
                  0000fff2    00000002     rts430_eabi.lib : int09.obj (.int09)

WDT        0    0000fff4    00000002     
                  0000fff4    00000002     rts430_eabi.lib : int10.obj (.int10)

COMPARATORA 
*          0    0000fff6    00000002     
                  0000fff6    00000002     rts430_eabi.lib : int11.obj (.int11)

TIMER1_A1 
*          0    0000fff8    00000002     
                  0000fff8    00000002     rts430_eabi.lib : int12.obj (.int12)

TIMER1_A0 
*          0    0000fffa    00000002     
                  0000fffa    00000002     rts430_eabi.lib : int13.obj (.int13)

NMI        0    0000fffc    00000002     
                  0000fffc    00000002     rts430_eabi.lib : int14.obj (.int14)

.reset     0    0000fffe    00000002     
                  0000fffe    00000002     rts430_eabi.lib : boot.obj (.reset)


LINKER GENERATED COPY TABLES

__TI_cinit_table @ 0000deda records: 2, size/record: 4, table size: 8
	.data: load addr=0000dec6, load size=00000009 bytes, run addr=00000200, run size=0000001a bytes, compression=rle
	.bss: load addr=0000ded6, load size=00000004 bytes, run addr=0000021a, run size=00000007 bytes, compression=zero_init


LINKER GENERATED HANDLER TABLE

__TI_handler_table @ 0000ded0 records: 3, size/record: 2, table size: 6
	index: 0, handler: __TI_zero_init
	index: 1, handler: __TI_decompress_rle24
	index: 2, handler: __TI_decompress_none


GLOBAL SYMBOLS: SORTED ALPHABETICALLY BY Name 

address    name
--------   ----
0000004a   ADC10AE0
000001b0   ADC10CTL0
000001b2   ADC10CTL1
00000048   ADC10DTC0
00000049   ADC10DTC1
000001b4   ADC10MEM
000001bc   ADC10SA
0000021a   ADCconverted
00000057   BCSCTL1
00000058   BCSCTL2
00000053   BCSCTL3
0000dec2   C$$EXIT
00000059   CACTL1
0000005a   CACTL2
000010fb   CALBC1_12MHZ
000010f9   CALBC1_16MHZ
000010ff   CALBC1_1MHZ
000010fd   CALBC1_8MHZ
000010fa   CALDCO_12MHZ
000010f8   CALDCO_16MHZ
000010fe   CALDCO_1MHZ
000010fc   CALDCO_8MHZ
0000005b   CAPD
00000056   DCOCTL
00000128   FCTL1
0000012a   FCTL2
0000012c   FCTL3
00000000   IE1
00000001   IE2
00000002   IFG1
00000003   IFG2
00000022   P1DIR
00000025   P1IE
00000024   P1IES
00000023   P1IFG
00000020   P1IN
00000021   P1OUT
00000027   P1REN
00000026   P1SEL
00000041   P1SEL2
0000002a   P2DIR
0000002d   P2IE
0000002c   P2IES
0000002b   P2IFG
00000028   P2IN
00000029   P2OUT
0000002f   P2REN
0000002e   P2SEL
00000042   P2SEL2
0000001a   P3DIR
00000018   P3IN
00000019   P3OUT
00000010   P3REN
0000001b   P3SEL
00000043   P3SEL2
0000ddcc   SPI_Init
00000172   TA0CCR0
00000174   TA0CCR1
00000176   TA0CCR2
00000162   TA0CCTL0
00000164   TA0CCTL1
00000166   TA0CCTL2
00000160   TA0CTL
0000012e   TA0IV
00000170   TA0R
00000192   TA1CCR0
00000194   TA1CCR1
00000196   TA1CCR2
00000182   TA1CCTL0
00000184   TA1CCTL1
00000186   TA1CCTL2
00000180   TA1CTL
0000011e   TA1IV
00000190   TA1R
000010db   TLV_ADC10_1_LEN
000010da   TLV_ADC10_1_TAG
000010c0   TLV_CHECKSUM
000010f7   TLV_DCO_30_LEN
000010f6   TLV_DCO_30_TAG
0000005d   UCA0ABCTL
00000062   UCA0BR0
00000063   UCA0BR1
00000060   UCA0CTL0
00000061   UCA0CTL1
0000005f   UCA0IRRCTL
0000005e   UCA0IRTCTL
00000064   UCA0MCTL
00000066   UCA0RXBUF
00000065   UCA0STAT
00000067   UCA0TXBUF
0000006a   UCB0BR0
0000006b   UCB0BR1
00000068   UCB0CTL0
00000069   UCB0CTL1
0000006c   UCB0I2CIE
00000118   UCB0I2COA
0000011a   UCB0I2CSA
0000006e   UCB0RXBUF
0000006d   UCB0STAT
0000006f   UCB0TXBUF
0000ddee   USCI0RX_ISR_HOOK
00000120   WDTCTL
00000400   __STACK_END
00000050   __STACK_SIZE
0000deda   __TI_CINIT_Base
0000dee2   __TI_CINIT_Limit
0000ded0   __TI_Handler_Table_Base
0000ded6   __TI_Handler_Table_Limit
UNDEFED    __TI_INITARRAY_Base
UNDEFED    __TI_INITARRAY_Limit
0000deb2   __TI_ISR_TRAP
00000001   __TI_args_main
0000de4c   __TI_decompress_none
0000deb8   __TI_decompress_rle24
00000001   __TI_exit
0000ccac   __TI_frcaddd
0000c000   __TI_frcdivd
0000c462   __TI_frcmpyd
0000ffe4   __TI_int02
0000ffe6   __TI_int03
0000ffea   __TI_int05
0000ffec   __TI_int06
0000ffee   __TI_int07
0000fff0   __TI_int08
0000fff2   __TI_int09
0000fff4   __TI_int10
0000fff6   __TI_int11
0000fff8   __TI_int12
0000fffa   __TI_int13
0000fffc   __TI_int14
0000d7ba   __TI_renormd
0000de24   __TI_zero_init
ffffffff   __binit__
ffffffff   __c_args__
0000c756   __mspabi_addd
0000d4f2   __mspabi_addf
0000d61c   __mspabi_cmpd
0000db6a   __mspabi_cmpf
0000d912   __mspabi_cvtdf
0000d99e   __mspabi_cvtfd
0000cf0c   __mspabi_divd
0000d878   __mspabi_divf
0000dbb4   __mspabi_fixfu
0000dda8   __mspabi_fltuf
0000deae   __mspabi_func_epilog_1
0000deac   __mspabi_func_epilog_2
0000deaa   __mspabi_func_epilog_3
0000dea8   __mspabi_func_epilog_4
0000dea6   __mspabi_func_epilog_5
0000dea4   __mspabi_func_epilog_6
0000dea2   __mspabi_func_epilog_7
0000ca3e   __mspabi_mpyd
0000d6f8   __mspabi_mpyf
0000de38   __mspabi_mpyi
0000dd82   __mspabi_mpyl
0000dd56   __mspabi_slli
0000dd7e   __mspabi_slli_1
0000dd6c   __mspabi_slli_10
0000dd6a   __mspabi_slli_11
0000dd68   __mspabi_slli_12
0000dd66   __mspabi_slli_13
0000dd64   __mspabi_slli_14
0000dd62   __mspabi_slli_15
0000dd7c   __mspabi_slli_2
0000dd7a   __mspabi_slli_3
0000dd78   __mspabi_slli_4
0000dd76   __mspabi_slli_5
0000dd74   __mspabi_slli_6
0000dd72   __mspabi_slli_7
0000dd70   __mspabi_slli_8
0000dd6e   __mspabi_slli_9
0000de92   __mspabi_slll
0000dcf6   __mspabi_slll_1
0000dcd2   __mspabi_slll_10
0000dcce   __mspabi_slll_11
0000dcca   __mspabi_slll_12
0000dcc6   __mspabi_slll_13
0000dcc2   __mspabi_slll_14
0000dcbe   __mspabi_slll_15
0000dcf2   __mspabi_slll_2
0000dcee   __mspabi_slll_3
0000dcea   __mspabi_slll_4
0000dce6   __mspabi_slll_5
0000dce2   __mspabi_slll_6
0000dcde   __mspabi_slll_7
0000dcda   __mspabi_slll_8
0000dcd6   __mspabi_slll_9
0000dc3e   __mspabi_sllll
0000dd2a   __mspabi_srai
0000dd52   __mspabi_srai_1
0000dd40   __mspabi_srai_10
0000dd3e   __mspabi_srai_11
0000dd3c   __mspabi_srai_12
0000dd3a   __mspabi_srai_13
0000dd38   __mspabi_srai_14
0000dd36   __mspabi_srai_15
0000dd50   __mspabi_srai_2
0000dd4e   __mspabi_srai_3
0000dd4c   __mspabi_srai_4
0000dd4a   __mspabi_srai_5
0000dd48   __mspabi_srai_6
0000dd46   __mspabi_srai_7
0000dd44   __mspabi_srai_8
0000dd42   __mspabi_srai_9
0000de82   __mspabi_sral
0000dcb8   __mspabi_sral_1
0000dc94   __mspabi_sral_10
0000dc90   __mspabi_sral_11
0000dc8c   __mspabi_sral_12
0000dc88   __mspabi_sral_13
0000dc84   __mspabi_sral_14
0000dc80   __mspabi_sral_15
0000dcb4   __mspabi_sral_2
0000dcb0   __mspabi_sral_3
0000dcac   __mspabi_sral_4
0000dca8   __mspabi_sral_5
0000dca4   __mspabi_sral_6
0000dca0   __mspabi_sral_7
0000dc9c   __mspabi_sral_8
0000dc98   __mspabi_sral_9
0000db1e   __mspabi_srli
0000db64   __mspabi_srli_1
0000db40   __mspabi_srli_10
0000db3c   __mspabi_srli_11
0000db38   __mspabi_srli_12
0000db34   __mspabi_srli_13
0000db30   __mspabi_srli_14
0000db2c   __mspabi_srli_15
0000db60   __mspabi_srli_2
0000db5c   __mspabi_srli_3
0000db58   __mspabi_srli_4
0000db54   __mspabi_srli_5
0000db50   __mspabi_srli_6
0000db4c   __mspabi_srli_7
0000db48   __mspabi_srli_8
0000db44   __mspabi_srli_9
0000de5e   __mspabi_srll
0000db16   __mspabi_srll_1
0000dae0   __mspabi_srll_10
0000dada   __mspabi_srll_11
0000dad4   __mspabi_srll_12
0000dace   __mspabi_srll_13
0000dac8   __mspabi_srll_14
0000dac2   __mspabi_srll_15
0000db10   __mspabi_srll_2
0000db0a   __mspabi_srll_3
0000db04   __mspabi_srll_4
0000dafe   __mspabi_srll_5
0000daf8   __mspabi_srll_6
0000daf2   __mspabi_srll_7
0000daec   __mspabi_srll_8
0000dae6   __mspabi_srll_9
0000dbfa   __mspabi_srlll
0000dcfc   __mspabi_subd
0000d4ec   __mspabi_subf
0000da64   _auto_init
0000de0a   _c_int00
0000de0a   _c_int00_noexit
0000fffe   _reset_vector
000003b0   _stack
0000debe   _system_pre_init
0000dec2   abort
ffffffff   binit
0000021c   count
00000212   end_time_value
00000220   fixed_point_speed
0000d31c   floor
0000d144   main
0000de70   memcpy
0000021e   num
0000020a   rev_per_hour
00000206   rev_per_sec
0000020e   speed
00000202   time_in_seconds
00000200   timer


GLOBAL SYMBOLS: SORTED BY Symbol Address 

address    name
--------   ----
00000000   IE1
00000001   IE2
00000001   __TI_args_main
00000001   __TI_exit
00000002   IFG1
00000003   IFG2
00000010   P3REN
00000018   P3IN
00000019   P3OUT
0000001a   P3DIR
0000001b   P3SEL
00000020   P1IN
00000021   P1OUT
00000022   P1DIR
00000023   P1IFG
00000024   P1IES
00000025   P1IE
00000026   P1SEL
00000027   P1REN
00000028   P2IN
00000029   P2OUT
0000002a   P2DIR
0000002b   P2IFG
0000002c   P2IES
0000002d   P2IE
0000002e   P2SEL
0000002f   P2REN
00000041   P1SEL2
00000042   P2SEL2
00000043   P3SEL2
00000048   ADC10DTC0
00000049   ADC10DTC1
0000004a   ADC10AE0
00000050   __STACK_SIZE
00000053   BCSCTL3
00000056   DCOCTL
00000057   BCSCTL1
00000058   BCSCTL2
00000059   CACTL1
0000005a   CACTL2
0000005b   CAPD
0000005d   UCA0ABCTL
0000005e   UCA0IRTCTL
0000005f   UCA0IRRCTL
00000060   UCA0CTL0
00000061   UCA0CTL1
00000062   UCA0BR0
00000063   UCA0BR1
00000064   UCA0MCTL
00000065   UCA0STAT
00000066   UCA0RXBUF
00000067   UCA0TXBUF
00000068   UCB0CTL0
00000069   UCB0CTL1
0000006a   UCB0BR0
0000006b   UCB0BR1
0000006c   UCB0I2CIE
0000006d   UCB0STAT
0000006e   UCB0RXBUF
0000006f   UCB0TXBUF
00000118   UCB0I2COA
0000011a   UCB0I2CSA
0000011e   TA1IV
00000120   WDTCTL
00000128   FCTL1
0000012a   FCTL2
0000012c   FCTL3
0000012e   TA0IV
00000160   TA0CTL
00000162   TA0CCTL0
00000164   TA0CCTL1
00000166   TA0CCTL2
00000170   TA0R
00000172   TA0CCR0
00000174   TA0CCR1
00000176   TA0CCR2
00000180   TA1CTL
00000182   TA1CCTL0
00000184   TA1CCTL1
00000186   TA1CCTL2
00000190   TA1R
00000192   TA1CCR0
00000194   TA1CCR1
00000196   TA1CCR2
000001b0   ADC10CTL0
000001b2   ADC10CTL1
000001b4   ADC10MEM
000001bc   ADC10SA
00000200   timer
00000202   time_in_seconds
00000206   rev_per_sec
0000020a   rev_per_hour
0000020e   speed
00000212   end_time_value
0000021a   ADCconverted
0000021c   count
0000021e   num
00000220   fixed_point_speed
000003b0   _stack
00000400   __STACK_END
000010c0   TLV_CHECKSUM
000010da   TLV_ADC10_1_TAG
000010db   TLV_ADC10_1_LEN
000010f6   TLV_DCO_30_TAG
000010f7   TLV_DCO_30_LEN
000010f8   CALDCO_16MHZ
000010f9   CALBC1_16MHZ
000010fa   CALDCO_12MHZ
000010fb   CALBC1_12MHZ
000010fc   CALDCO_8MHZ
000010fd   CALBC1_8MHZ
000010fe   CALDCO_1MHZ
000010ff   CALBC1_1MHZ
0000c000   __TI_frcdivd
0000c462   __TI_frcmpyd
0000c756   __mspabi_addd
0000ca3e   __mspabi_mpyd
0000ccac   __TI_frcaddd
0000cf0c   __mspabi_divd
0000d144   main
0000d31c   floor
0000d4ec   __mspabi_subf
0000d4f2   __mspabi_addf
0000d61c   __mspabi_cmpd
0000d6f8   __mspabi_mpyf
0000d7ba   __TI_renormd
0000d878   __mspabi_divf
0000d912   __mspabi_cvtdf
0000d99e   __mspabi_cvtfd
0000da64   _auto_init
0000dac2   __mspabi_srll_15
0000dac8   __mspabi_srll_14
0000dace   __mspabi_srll_13
0000dad4   __mspabi_srll_12
0000dada   __mspabi_srll_11
0000dae0   __mspabi_srll_10
0000dae6   __mspabi_srll_9
0000daec   __mspabi_srll_8
0000daf2   __mspabi_srll_7
0000daf8   __mspabi_srll_6
0000dafe   __mspabi_srll_5
0000db04   __mspabi_srll_4
0000db0a   __mspabi_srll_3
0000db10   __mspabi_srll_2
0000db16   __mspabi_srll_1
0000db1e   __mspabi_srli
0000db2c   __mspabi_srli_15
0000db30   __mspabi_srli_14
0000db34   __mspabi_srli_13
0000db38   __mspabi_srli_12
0000db3c   __mspabi_srli_11
0000db40   __mspabi_srli_10
0000db44   __mspabi_srli_9
0000db48   __mspabi_srli_8
0000db4c   __mspabi_srli_7
0000db50   __mspabi_srli_6
0000db54   __mspabi_srli_5
0000db58   __mspabi_srli_4
0000db5c   __mspabi_srli_3
0000db60   __mspabi_srli_2
0000db64   __mspabi_srli_1
0000db6a   __mspabi_cmpf
0000dbb4   __mspabi_fixfu
0000dbfa   __mspabi_srlll
0000dc3e   __mspabi_sllll
0000dc80   __mspabi_sral_15
0000dc84   __mspabi_sral_14
0000dc88   __mspabi_sral_13
0000dc8c   __mspabi_sral_12
0000dc90   __mspabi_sral_11
0000dc94   __mspabi_sral_10
0000dc98   __mspabi_sral_9
0000dc9c   __mspabi_sral_8
0000dca0   __mspabi_sral_7
0000dca4   __mspabi_sral_6
0000dca8   __mspabi_sral_5
0000dcac   __mspabi_sral_4
0000dcb0   __mspabi_sral_3
0000dcb4   __mspabi_sral_2
0000dcb8   __mspabi_sral_1
0000dcbe   __mspabi_slll_15
0000dcc2   __mspabi_slll_14
0000dcc6   __mspabi_slll_13
0000dcca   __mspabi_slll_12
0000dcce   __mspabi_slll_11
0000dcd2   __mspabi_slll_10
0000dcd6   __mspabi_slll_9
0000dcda   __mspabi_slll_8
0000dcde   __mspabi_slll_7
0000dce2   __mspabi_slll_6
0000dce6   __mspabi_slll_5
0000dcea   __mspabi_slll_4
0000dcee   __mspabi_slll_3
0000dcf2   __mspabi_slll_2
0000dcf6   __mspabi_slll_1
0000dcfc   __mspabi_subd
0000dd2a   __mspabi_srai
0000dd36   __mspabi_srai_15
0000dd38   __mspabi_srai_14
0000dd3a   __mspabi_srai_13
0000dd3c   __mspabi_srai_12
0000dd3e   __mspabi_srai_11
0000dd40   __mspabi_srai_10
0000dd42   __mspabi_srai_9
0000dd44   __mspabi_srai_8
0000dd46   __mspabi_srai_7
0000dd48   __mspabi_srai_6
0000dd4a   __mspabi_srai_5
0000dd4c   __mspabi_srai_4
0000dd4e   __mspabi_srai_3
0000dd50   __mspabi_srai_2
0000dd52   __mspabi_srai_1
0000dd56   __mspabi_slli
0000dd62   __mspabi_slli_15
0000dd64   __mspabi_slli_14
0000dd66   __mspabi_slli_13
0000dd68   __mspabi_slli_12
0000dd6a   __mspabi_slli_11
0000dd6c   __mspabi_slli_10
0000dd6e   __mspabi_slli_9
0000dd70   __mspabi_slli_8
0000dd72   __mspabi_slli_7
0000dd74   __mspabi_slli_6
0000dd76   __mspabi_slli_5
0000dd78   __mspabi_slli_4
0000dd7a   __mspabi_slli_3
0000dd7c   __mspabi_slli_2
0000dd7e   __mspabi_slli_1
0000dd82   __mspabi_mpyl
0000dda8   __mspabi_fltuf
0000ddcc   SPI_Init
0000ddee   USCI0RX_ISR_HOOK
0000de0a   _c_int00
0000de0a   _c_int00_noexit
0000de24   __TI_zero_init
0000de38   __mspabi_mpyi
0000de4c   __TI_decompress_none
0000de5e   __mspabi_srll
0000de70   memcpy
0000de82   __mspabi_sral
0000de92   __mspabi_slll
0000dea2   __mspabi_func_epilog_7
0000dea4   __mspabi_func_epilog_6
0000dea6   __mspabi_func_epilog_5
0000dea8   __mspabi_func_epilog_4
0000deaa   __mspabi_func_epilog_3
0000deac   __mspabi_func_epilog_2
0000deae   __mspabi_func_epilog_1
0000deb2   __TI_ISR_TRAP
0000deb8   __TI_decompress_rle24
0000debe   _system_pre_init
0000dec2   C$$EXIT
0000dec2   abort
0000ded0   __TI_Handler_Table_Base
0000ded6   __TI_Handler_Table_Limit
0000deda   __TI_CINIT_Base
0000dee2   __TI_CINIT_Limit
0000ffe4   __TI_int02
0000ffe6   __TI_int03
0000ffea   __TI_int05
0000ffec   __TI_int06
0000ffee   __TI_int07
0000fff0   __TI_int08
0000fff2   __TI_int09
0000fff4   __TI_int10
0000fff6   __TI_int11
0000fff8   __TI_int12
0000fffa   __TI_int13
0000fffc   __TI_int14
0000fffe   _reset_vector
ffffffff   __binit__
ffffffff   __c_args__
ffffffff   binit
UNDEFED    __TI_INITARRAY_Base
UNDEFED    __TI_INITARRAY_Limit

[275 symbols]
