<?xml version="1.0"?>
<link_info>
   <banner>TI ARM Linker PC v5.1.6</banner>
   <copyright>Copyright (c) 1996-2014 Texas Instruments Incorporated</copyright>
   <link_time>0x54b6b857</link_time>
   <link_errors>0x0</link_errors>
   <output_file>Hercules.out</output_file>
   <entry_point>
      <name>_c_int00</name>
      <address>0x2b210</address>
   </entry_point>
   <input_file_list>
      <input_file id="fl-2">
         <path>.\source\</path>
         <kind>object</kind>
         <file>dabort.obj</file>
         <name>dabort.obj</name>
      </input_file>
      <input_file id="fl-3">
         <path>.\source\</path>
         <kind>object</kind>
         <file>esm.obj</file>
         <name>esm.obj</name>
      </input_file>
      <input_file id="fl-4">
         <path>.\source\</path>
         <kind>object</kind>
         <file>gio.obj</file>
         <name>gio.obj</name>
      </input_file>
      <input_file id="fl-5">
         <path>.\source\</path>
         <kind>object</kind>
         <file>mibspi.obj</file>
         <name>mibspi.obj</name>
      </input_file>
      <input_file id="fl-6">
         <path>.\source\</path>
         <kind>object</kind>
         <file>notification.obj</file>
         <name>notification.obj</name>
      </input_file>
      <input_file id="fl-7">
         <path>.\source\</path>
         <kind>object</kind>
         <file>pinmux.obj</file>
         <name>pinmux.obj</name>
      </input_file>
      <input_file id="fl-8">
         <path>.\source\</path>
         <kind>object</kind>
         <file>sys_core.obj</file>
         <name>sys_core.obj</name>
      </input_file>
      <input_file id="fl-9">
         <path>.\source\</path>
         <kind>object</kind>
         <file>sys_intvecs.obj</file>
         <name>sys_intvecs.obj</name>
      </input_file>
      <input_file id="fl-a">
         <path>.\source\</path>
         <kind>object</kind>
         <file>sys_main.obj</file>
         <name>sys_main.obj</name>
      </input_file>
      <input_file id="fl-b">
         <path>.\source\</path>
         <kind>object</kind>
         <file>sys_mpu.obj</file>
         <name>sys_mpu.obj</name>
      </input_file>
      <input_file id="fl-c">
         <path>.\source\</path>
         <kind>object</kind>
         <file>sys_pcr.obj</file>
         <name>sys_pcr.obj</name>
      </input_file>
      <input_file id="fl-d">
         <path>.\source\</path>
         <kind>object</kind>
         <file>sys_phantom.obj</file>
         <name>sys_phantom.obj</name>
      </input_file>
      <input_file id="fl-e">
         <path>.\source\</path>
         <kind>object</kind>
         <file>sys_pmu.obj</file>
         <name>sys_pmu.obj</name>
      </input_file>
      <input_file id="fl-f">
         <path>.\source\</path>
         <kind>object</kind>
         <file>sys_selftest.obj</file>
         <name>sys_selftest.obj</name>
      </input_file>
      <input_file id="fl-10">
         <path>.\source\</path>
         <kind>object</kind>
         <file>sys_startup.obj</file>
         <name>sys_startup.obj</name>
      </input_file>
      <input_file id="fl-11">
         <path>.\source\</path>
         <kind>object</kind>
         <file>sys_vim.obj</file>
         <name>sys_vim.obj</name>
      </input_file>
      <input_file id="fl-12">
         <path>.\source\</path>
         <kind>object</kind>
         <file>system.obj</file>
         <name>system.obj</name>
      </input_file>
      <input_file id="fl-13f">
         <path>c:\ti\ccsv6\tools\compiler\arm_5.1.6\lib\</path>
         <kind>archive</kind>
         <file>rtsv7R4_A_be_eabi.lib</file>
         <name>auto_init.obj</name>
      </input_file>
      <input_file id="fl-140">
         <path>c:\ti\ccsv6\tools\compiler\arm_5.1.6\lib\</path>
         <kind>archive</kind>
         <file>rtsv7R4_A_be_eabi.lib</file>
         <name>copy_decompress_none.obj</name>
      </input_file>
      <input_file id="fl-141">
         <path>c:\ti\ccsv6\tools\compiler\arm_5.1.6\lib\</path>
         <kind>archive</kind>
         <file>rtsv7R4_A_be_eabi.lib</file>
         <name>copy_decompress_rle.obj</name>
      </input_file>
      <input_file id="fl-142">
         <path>c:\ti\ccsv6\tools\compiler\arm_5.1.6\lib\</path>
         <kind>archive</kind>
         <file>rtsv7R4_A_be_eabi.lib</file>
         <name>copy_zero_init.obj</name>
      </input_file>
      <input_file id="fl-143">
         <path>c:\ti\ccsv6\tools\compiler\arm_5.1.6\lib\</path>
         <kind>archive</kind>
         <file>rtsv7R4_A_be_eabi.lib</file>
         <name>cpy_tbl.obj</name>
      </input_file>
      <input_file id="fl-144">
         <path>c:\ti\ccsv6\tools\compiler\arm_5.1.6\lib\</path>
         <kind>archive</kind>
         <file>rtsv7R4_A_be_eabi.lib</file>
         <name>exit.obj</name>
      </input_file>
      <input_file id="fl-145">
         <path>c:\ti\ccsv6\tools\compiler\arm_5.1.6\lib\</path>
         <kind>archive</kind>
         <file>rtsv7R4_A_be_eabi.lib</file>
         <name>memcpy32.obj</name>
      </input_file>
      <input_file id="fl-146">
         <path>c:\ti\ccsv6\tools\compiler\arm_5.1.6\lib\</path>
         <kind>archive</kind>
         <file>rtsv7R4_A_be_eabi.lib</file>
         <name>_lock.obj</name>
      </input_file>
   </input_file_list>
   <object_component_list>
      <object_component id="oc-2c">
         <name>.intvecs</name>
         <load_address>0x0</load_address>
         <run_address>0x0</run_address>
         <size>0x20</size>
         <input_file_ref idref="fl-9"/>
      </object_component>
      <object_component id="oc-4e">
         <name>.text</name>
         <load_address>0x259b0</load_address>
         <run_address>0x259b0</run_address>
         <size>0x24dc</size>
         <input_file_ref idref="fl-f"/>
      </object_component>
      <object_component id="oc-48">
         <name>.text</name>
         <load_address>0x27e8c</load_address>
         <run_address>0x27e8c</run_address>
         <size>0xa64</size>
         <input_file_ref idref="fl-12"/>
      </object_component>
      <object_component id="oc-cc">
         <name>.text</name>
         <load_address>0x288f0</load_address>
         <run_address>0x288f0</run_address>
         <size>0x990</size>
         <input_file_ref idref="fl-5"/>
      </object_component>
      <object_component id="oc-38">
         <name>.text</name>
         <load_address>0x29280</load_address>
         <run_address>0x29280</run_address>
         <size>0x890</size>
         <input_file_ref idref="fl-11"/>
      </object_component>
      <object_component id="oc-5f">
         <name>.text</name>
         <load_address>0x29b10</load_address>
         <run_address>0x29b10</run_address>
         <size>0x7bc</size>
         <input_file_ref idref="fl-a"/>
      </object_component>
      <object_component id="oc-54">
         <name>.text</name>
         <load_address>0x2a2cc</load_address>
         <run_address>0x2a2cc</run_address>
         <size>0x62c</size>
         <input_file_ref idref="fl-3"/>
      </object_component>
      <object_component id="oc-d2">
         <name>.text</name>
         <load_address>0x2a8f8</load_address>
         <run_address>0x2a8f8</run_address>
         <size>0x36c</size>
         <input_file_ref idref="fl-4"/>
      </object_component>
      <object_component id="oc-43">
         <name>.text</name>
         <load_address>0x2ac64</load_address>
         <run_address>0x2ac64</run_address>
         <size>0x340</size>
         <input_file_ref idref="fl-8"/>
      </object_component>
      <object_component id="oc-37">
         <name>.text:retain</name>
         <load_address>0x2afa4</load_address>
         <run_address>0x2afa4</run_address>
         <size>0x26c</size>
         <input_file_ref idref="fl-11"/>
      </object_component>
      <object_component id="oc-b">
         <name>.text:retain</name>
         <load_address>0x2b210</load_address>
         <run_address>0x2b210</run_address>
         <size>0x200</size>
         <input_file_ref idref="fl-10"/>
      </object_component>
      <object_component id="oc-6c">
         <name>.text</name>
         <load_address>0x2b410</load_address>
         <run_address>0x2b410</run_address>
         <size>0x180</size>
         <input_file_ref idref="fl-145"/>
      </object_component>
      <object_component id="oc-af">
         <name>.text</name>
         <load_address>0x2b590</load_address>
         <run_address>0x2b590</run_address>
         <size>0x150</size>
         <input_file_ref idref="fl-7"/>
      </object_component>
      <object_component id="oc-23">
         <name>.text:retain</name>
         <load_address>0x2b6e0</load_address>
         <run_address>0x2b6e0</run_address>
         <size>0x130</size>
         <input_file_ref idref="fl-3"/>
      </object_component>
      <object_component id="oc-b7">
         <name>.text</name>
         <load_address>0x2b810</load_address>
         <run_address>0x2b810</run_address>
         <size>0x114</size>
         <input_file_ref idref="fl-e"/>
      </object_component>
      <object_component id="oc-9b">
         <name>.text</name>
         <load_address>0x2b924</load_address>
         <run_address>0x2b924</run_address>
         <size>0xe8</size>
         <input_file_ref idref="fl-2"/>
      </object_component>
      <object_component id="oc-5a">
         <name>.text</name>
         <load_address>0x2ba0c</load_address>
         <run_address>0x2ba0c</run_address>
         <size>0xd4</size>
         <input_file_ref idref="fl-13f"/>
      </object_component>
      <object_component id="oc-7f">
         <name>.text</name>
         <load_address>0x2bae0</load_address>
         <run_address>0x2bae0</run_address>
         <size>0x98</size>
         <input_file_ref idref="fl-141"/>
      </object_component>
      <object_component id="oc-8c">
         <name>.text</name>
         <load_address>0x2bb78</load_address>
         <run_address>0x2bb78</run_address>
         <size>0x94</size>
         <input_file_ref idref="fl-6"/>
      </object_component>
      <object_component id="oc-c5">
         <name>.text</name>
         <load_address>0x2bc0c</load_address>
         <run_address>0x2bc0c</run_address>
         <size>0x80</size>
         <input_file_ref idref="fl-143"/>
      </object_component>
      <object_component id="oc-65">
         <name>.text</name>
         <load_address>0x2bc8c</load_address>
         <run_address>0x2bc8c</run_address>
         <size>0x78</size>
         <input_file_ref idref="fl-144"/>
      </object_component>
      <object_component id="oc-187">
         <name>.text</name>
         <load_address>0x2bd04</load_address>
         <run_address>0x2bd04</run_address>
         <size>0x24</size>
         <input_file_ref idref="fl-146"/>
      </object_component>
      <object_component id="oc-11">
         <name>.text:decompress:none</name>
         <load_address>0x2bd28</load_address>
         <run_address>0x2bd28</run_address>
         <size>0x14</size>
         <input_file_ref idref="fl-140"/>
      </object_component>
      <object_component id="oc-1d">
         <name>.text:decompress:rle24</name>
         <load_address>0x2bd3c</load_address>
         <run_address>0x2bd3c</run_address>
         <size>0x8</size>
         <input_file_ref idref="fl-141"/>
      </object_component>
      <object_component id="oc-31">
         <name>.text:retain</name>
         <load_address>0x2bd44</load_address>
         <run_address>0x2bd44</run_address>
         <size>0x4</size>
         <input_file_ref idref="fl-d"/>
      </object_component>
      <object_component id="oc-d8">
         <name>.const:frenchy</name>
         <load_address>0x20</load_address>
         <run_address>0x20</run_address>
         <size>0x25810</size>
         <input_file_ref idref="fl-a"/>
      </object_component>
      <object_component id="oc-29">
         <name>.const:s_vim_init</name>
         <load_address>0x25830</load_address>
         <run_address>0x25830</run_address>
         <size>0x180</size>
         <input_file_ref idref="fl-11"/>
      </object_component>
      <object_component id="oc-1d9">
         <name>.cinit..data.load</name>
         <load_address>0x2bd48</load_address>
         <run_address>0x2bd48</run_address>
         <size>0x11</size>
      </object_component>
      <object_component id="oc-1d7">
         <name>__TI_handler_table</name>
         <load_address>0x2bd5c</load_address>
         <run_address>0x2bd5c</run_address>
         <size>0x8</size>
      </object_component>
      <object_component id="oc-1d8">
         <name>__TI_cinit_table</name>
         <load_address>0x2bd64</load_address>
         <run_address>0x2bd64</run_address>
         <size>0x8</size>
      </object_component>
      <object_component id="oc-db">
         <name>.data</name>
         <load_address>0x8001510</load_address>
         <run_address>0x8001510</run_address>
         <size>0x4</size>
         <input_file_ref idref="fl-a"/>
      </object_component>
      <object_component id="oc-ea">
         <name>.data</name>
         <load_address>0x8001500</load_address>
         <run_address>0x8001500</run_address>
         <size>0x8</size>
         <input_file_ref idref="fl-146"/>
      </object_component>
      <object_component id="oc-ed">
         <name>.data</name>
         <load_address>0x8001508</load_address>
         <run_address>0x8001508</run_address>
         <size>0x8</size>
         <input_file_ref idref="fl-144"/>
      </object_component>
      <object_component id="oc-c">
         <name>.debug_info</name>
         <load_address>0x0</load_address>
         <run_address>0x0</run_address>
         <size>0x4ba</size>
         <input_file_ref idref="fl-10"/>
      </object_component>
      <object_component id="oc-15">
         <name>.debug_info</name>
         <load_address>0x4ba</load_address>
         <run_address>0x4ba</run_address>
         <size>0x1a9</size>
         <input_file_ref idref="fl-140"/>
      </object_component>
      <object_component id="oc-1f">
         <name>.debug_info</name>
         <load_address>0x663</load_address>
         <run_address>0x663</run_address>
         <size>0x1a3</size>
         <input_file_ref idref="fl-141"/>
      </object_component>
      <object_component id="oc-24">
         <name>.debug_info</name>
         <load_address>0x806</load_address>
         <run_address>0x806</run_address>
         <size>0x194</size>
         <input_file_ref idref="fl-3"/>
      </object_component>
      <object_component id="oc-2a">
         <name>.debug_info</name>
         <load_address>0x99a</load_address>
         <run_address>0x99a</run_address>
         <size>0xd1</size>
         <input_file_ref idref="fl-11"/>
      </object_component>
      <object_component id="oc-2d">
         <name>.debug_info</name>
         <load_address>0xa6b</load_address>
         <run_address>0xa6b</run_address>
         <size>0xfd</size>
         <input_file_ref idref="fl-9"/>
      </object_component>
      <object_component id="oc-32">
         <name>.debug_info</name>
         <load_address>0xb68</load_address>
         <run_address>0xb68</run_address>
         <size>0x129</size>
         <input_file_ref idref="fl-d"/>
      </object_component>
      <object_component id="oc-39">
         <name>.debug_info</name>
         <load_address>0xc91</load_address>
         <run_address>0xc91</run_address>
         <size>0x463</size>
         <input_file_ref idref="fl-11"/>
      </object_component>
      <object_component id="oc-3e">
         <name>.debug_info</name>
         <load_address>0x10f4</load_address>
         <run_address>0x10f4</run_address>
         <size>0x1ec</size>
         <input_file_ref idref="fl-11"/>
      </object_component>
      <object_component id="oc-44">
         <name>.debug_info</name>
         <load_address>0x12e0</load_address>
         <run_address>0x12e0</run_address>
         <size>0x7ae</size>
         <input_file_ref idref="fl-8"/>
      </object_component>
      <object_component id="oc-49">
         <name>.debug_info</name>
         <load_address>0x1a8e</load_address>
         <run_address>0x1a8e</run_address>
         <size>0x722</size>
         <input_file_ref idref="fl-12"/>
      </object_component>
      <object_component id="oc-4f">
         <name>.debug_info</name>
         <load_address>0x21b0</load_address>
         <run_address>0x21b0</run_address>
         <size>0x27ee</size>
         <input_file_ref idref="fl-f"/>
      </object_component>
      <object_component id="oc-55">
         <name>.debug_info</name>
         <load_address>0x499e</load_address>
         <run_address>0x499e</run_address>
         <size>0xb5a</size>
         <input_file_ref idref="fl-3"/>
      </object_component>
      <object_component id="oc-5d">
         <name>.debug_info</name>
         <load_address>0x54f8</load_address>
         <run_address>0x54f8</run_address>
         <size>0x155</size>
         <input_file_ref idref="fl-13f"/>
      </object_component>
      <object_component id="oc-60">
         <name>.debug_info</name>
         <load_address>0x564d</load_address>
         <run_address>0x564d</run_address>
         <size>0xcbd</size>
         <input_file_ref idref="fl-a"/>
      </object_component>
      <object_component id="oc-69">
         <name>.debug_info</name>
         <load_address>0x630a</load_address>
         <run_address>0x630a</run_address>
         <size>0x1d7</size>
         <input_file_ref idref="fl-144"/>
      </object_component>
      <object_component id="oc-6e">
         <name>.debug_info</name>
         <load_address>0x64e1</load_address>
         <run_address>0x64e1</run_address>
         <size>0x14c</size>
         <input_file_ref idref="fl-145"/>
      </object_component>
      <object_component id="oc-72">
         <name>.debug_info</name>
         <load_address>0x662d</load_address>
         <run_address>0x662d</run_address>
         <size>0x46</size>
         <input_file_ref idref="fl-140"/>
      </object_component>
      <object_component id="oc-77">
         <name>.debug_info</name>
         <load_address>0x6673</load_address>
         <run_address>0x6673</run_address>
         <size>0x107</size>
         <input_file_ref idref="fl-140"/>
      </object_component>
      <object_component id="oc-83">
         <name>.debug_info</name>
         <load_address>0x677a</load_address>
         <run_address>0x677a</run_address>
         <size>0x204</size>
         <input_file_ref idref="fl-141"/>
      </object_component>
      <object_component id="oc-86">
         <name>.debug_info</name>
         <load_address>0x697e</load_address>
         <run_address>0x697e</run_address>
         <size>0xcc</size>
         <input_file_ref idref="fl-141"/>
      </object_component>
      <object_component id="oc-87">
         <name>.debug_info</name>
         <load_address>0x6a4a</load_address>
         <run_address>0x6a4a</run_address>
         <size>0x39</size>
         <input_file_ref idref="fl-141"/>
      </object_component>
      <object_component id="oc-8d">
         <name>.debug_info</name>
         <load_address>0x6a83</load_address>
         <run_address>0x6a83</run_address>
         <size>0x70d</size>
         <input_file_ref idref="fl-6"/>
      </object_component>
      <object_component id="oc-93">
         <name>.debug_info</name>
         <load_address>0x7190</load_address>
         <run_address>0x7190</run_address>
         <size>0xae</size>
         <input_file_ref idref="fl-3"/>
      </object_component>
      <object_component id="oc-9a">
         <name>.debug_info</name>
         <load_address>0x723e</load_address>
         <run_address>0x723e</run_address>
         <size>0x284</size>
         <input_file_ref idref="fl-11"/>
      </object_component>
      <object_component id="oc-9c">
         <name>.debug_info</name>
         <load_address>0x74c2</load_address>
         <run_address>0x74c2</run_address>
         <size>0xf5</size>
         <input_file_ref idref="fl-2"/>
      </object_component>
      <object_component id="oc-a3">
         <name>.debug_info</name>
         <load_address>0x75b7</load_address>
         <run_address>0x75b7</run_address>
         <size>0x18c</size>
         <input_file_ref idref="fl-3"/>
      </object_component>
      <object_component id="oc-a8">
         <name>.debug_info</name>
         <load_address>0x7743</load_address>
         <run_address>0x7743</run_address>
         <size>0x86</size>
         <input_file_ref idref="fl-3"/>
      </object_component>
      <object_component id="oc-b0">
         <name>.debug_info</name>
         <load_address>0x77c9</load_address>
         <run_address>0x77c9</run_address>
         <size>0x1d2</size>
         <input_file_ref idref="fl-7"/>
      </object_component>
      <object_component id="oc-b6">
         <name>.debug_info</name>
         <load_address>0x799b</load_address>
         <run_address>0x799b</run_address>
         <size>0x354</size>
         <input_file_ref idref="fl-12"/>
      </object_component>
      <object_component id="oc-b8">
         <name>.debug_info</name>
         <load_address>0x7cef</load_address>
         <run_address>0x7cef</run_address>
         <size>0x373</size>
         <input_file_ref idref="fl-e"/>
      </object_component>
      <object_component id="oc-bd">
         <name>.debug_info</name>
         <load_address>0x8062</load_address>
         <run_address>0x8062</run_address>
         <size>0x4a8</size>
         <input_file_ref idref="fl-f"/>
      </object_component>
      <object_component id="oc-bf">
         <name>.debug_info</name>
         <load_address>0x850a</load_address>
         <run_address>0x850a</run_address>
         <size>0x129</size>
         <input_file_ref idref="fl-3"/>
      </object_component>
      <object_component id="oc-c4">
         <name>.debug_info</name>
         <load_address>0x8633</load_address>
         <run_address>0x8633</run_address>
         <size>0x15d</size>
         <input_file_ref idref="fl-3"/>
      </object_component>
      <object_component id="oc-c6">
         <name>.debug_info</name>
         <load_address>0x8790</load_address>
         <run_address>0x8790</run_address>
         <size>0x160</size>
         <input_file_ref idref="fl-143"/>
      </object_component>
      <object_component id="oc-cd">
         <name>.debug_info</name>
         <load_address>0x88f0</load_address>
         <run_address>0x88f0</run_address>
         <size>0x9d6</size>
         <input_file_ref idref="fl-5"/>
      </object_component>
      <object_component id="oc-d3">
         <name>.debug_info</name>
         <load_address>0x92c6</load_address>
         <run_address>0x92c6</run_address>
         <size>0x6c5</size>
         <input_file_ref idref="fl-4"/>
      </object_component>
      <object_component id="oc-d9">
         <name>.debug_info</name>
         <load_address>0x998b</load_address>
         <run_address>0x998b</run_address>
         <size>0xcc</size>
         <input_file_ref idref="fl-a"/>
      </object_component>
      <object_component id="oc-dc">
         <name>.debug_info</name>
         <load_address>0x9a57</load_address>
         <run_address>0x9a57</run_address>
         <size>0xdc</size>
         <input_file_ref idref="fl-a"/>
      </object_component>
      <object_component id="oc-df">
         <name>.debug_info</name>
         <load_address>0x9b33</load_address>
         <run_address>0x9b33</run_address>
         <size>0x84</size>
         <input_file_ref idref="fl-3"/>
      </object_component>
      <object_component id="oc-e4">
         <name>.debug_info</name>
         <load_address>0x9bb7</load_address>
         <run_address>0x9bb7</run_address>
         <size>0x2ff</size>
         <input_file_ref idref="fl-a"/>
      </object_component>
      <object_component id="oc-e5">
         <name>.debug_info</name>
         <load_address>0x9eb6</load_address>
         <run_address>0x9eb6</run_address>
         <size>0x18b</size>
         <input_file_ref idref="fl-3"/>
      </object_component>
      <object_component id="oc-eb">
         <name>.debug_info</name>
         <load_address>0xa041</load_address>
         <run_address>0xa041</run_address>
         <size>0xdd</size>
         <input_file_ref idref="fl-146"/>
      </object_component>
      <object_component id="oc-ee">
         <name>.debug_info</name>
         <load_address>0xa11e</load_address>
         <run_address>0xa11e</run_address>
         <size>0x100</size>
         <input_file_ref idref="fl-144"/>
      </object_component>
      <object_component id="oc-f1">
         <name>.debug_info</name>
         <load_address>0xa21e</load_address>
         <run_address>0xa21e</run_address>
         <size>0x15b</size>
         <input_file_ref idref="fl-144"/>
      </object_component>
      <object_component id="oc-f4">
         <name>.debug_info</name>
         <load_address>0xa379</load_address>
         <run_address>0xa379</run_address>
         <size>0x2c</size>
         <input_file_ref idref="fl-140"/>
      </object_component>
      <object_component id="oc-fb">
         <name>.debug_info</name>
         <load_address>0xa3a5</load_address>
         <run_address>0xa3a5</run_address>
         <size>0x2c</size>
         <input_file_ref idref="fl-6"/>
      </object_component>
      <object_component id="oc-106">
         <name>.debug_info</name>
         <load_address>0xa3d1</load_address>
         <run_address>0xa3d1</run_address>
         <size>0x27b</size>
         <input_file_ref idref="fl-6"/>
      </object_component>
      <object_component id="oc-107">
         <name>.debug_info</name>
         <load_address>0xa64c</load_address>
         <run_address>0xa64c</run_address>
         <size>0x2c</size>
         <input_file_ref idref="fl-3"/>
      </object_component>
      <object_component id="oc-10e">
         <name>.debug_info</name>
         <load_address>0xa678</load_address>
         <run_address>0xa678</run_address>
         <size>0x1f2</size>
         <input_file_ref idref="fl-3"/>
      </object_component>
      <object_component id="oc-113">
         <name>.debug_info</name>
         <load_address>0xa86a</load_address>
         <run_address>0xa86a</run_address>
         <size>0x435</size>
         <input_file_ref idref="fl-6"/>
      </object_component>
      <object_component id="oc-118">
         <name>.debug_info</name>
         <load_address>0xac9f</load_address>
         <run_address>0xac9f</run_address>
         <size>0x1d1</size>
         <input_file_ref idref="fl-4"/>
      </object_component>
      <object_component id="oc-11d">
         <name>.debug_info</name>
         <load_address>0xae70</load_address>
         <run_address>0xae70</run_address>
         <size>0x642</size>
         <input_file_ref idref="fl-6"/>
      </object_component>
      <object_component id="oc-122">
         <name>.debug_info</name>
         <load_address>0xb4b2</load_address>
         <run_address>0xb4b2</run_address>
         <size>0x13e</size>
         <input_file_ref idref="fl-6"/>
      </object_component>
      <object_component id="oc-127">
         <name>.debug_info</name>
         <load_address>0xb5f0</load_address>
         <run_address>0xb5f0</run_address>
         <size>0x2cf</size>
         <input_file_ref idref="fl-3"/>
      </object_component>
      <object_component id="oc-12c">
         <name>.debug_info</name>
         <load_address>0xb8bf</load_address>
         <run_address>0xb8bf</run_address>
         <size>0x4f</size>
         <input_file_ref idref="fl-11"/>
      </object_component>
      <object_component id="oc-133">
         <name>.debug_info</name>
         <load_address>0xb90e</load_address>
         <run_address>0xb90e</run_address>
         <size>0xc7</size>
         <input_file_ref idref="fl-7"/>
      </object_component>
      <object_component id="oc-136">
         <name>.debug_info</name>
         <load_address>0xb9d5</load_address>
         <run_address>0xb9d5</run_address>
         <size>0x791</size>
         <input_file_ref idref="fl-6"/>
      </object_component>
      <object_component id="oc-13b">
         <name>.debug_info</name>
         <load_address>0xc166</load_address>
         <run_address>0xc166</run_address>
         <size>0x4de</size>
         <input_file_ref idref="fl-5"/>
      </object_component>
      <object_component id="oc-140">
         <name>.debug_info</name>
         <load_address>0xc644</load_address>
         <run_address>0xc644</run_address>
         <size>0x3ce</size>
         <input_file_ref idref="fl-6"/>
      </object_component>
      <object_component id="oc-145">
         <name>.debug_info</name>
         <load_address>0xca12</load_address>
         <run_address>0xca12</run_address>
         <size>0x437</size>
         <input_file_ref idref="fl-6"/>
      </object_component>
      <object_component id="oc-14a">
         <name>.debug_info</name>
         <load_address>0xce49</load_address>
         <run_address>0xce49</run_address>
         <size>0x1ca</size>
         <input_file_ref idref="fl-6"/>
      </object_component>
      <object_component id="oc-14f">
         <name>.debug_info</name>
         <load_address>0xd013</load_address>
         <run_address>0xd013</run_address>
         <size>0x3d3</size>
         <input_file_ref idref="fl-6"/>
      </object_component>
      <object_component id="oc-154">
         <name>.debug_info</name>
         <load_address>0xd3e6</load_address>
         <run_address>0xd3e6</run_address>
         <size>0x1d8</size>
         <input_file_ref idref="fl-7"/>
      </object_component>
      <object_component id="oc-159">
         <name>.debug_info</name>
         <load_address>0xd5be</load_address>
         <run_address>0xd5be</run_address>
         <size>0x1de</size>
         <input_file_ref idref="fl-6"/>
      </object_component>
      <object_component id="oc-15e">
         <name>.debug_info</name>
         <load_address>0xd79c</load_address>
         <run_address>0xd79c</run_address>
         <size>0x2af</size>
         <input_file_ref idref="fl-c"/>
      </object_component>
      <object_component id="oc-163">
         <name>.debug_info</name>
         <load_address>0xda4b</load_address>
         <run_address>0xda4b</run_address>
         <size>0x510</size>
         <input_file_ref idref="fl-6"/>
      </object_component>
      <object_component id="oc-168">
         <name>.debug_info</name>
         <load_address>0xdf5b</load_address>
         <run_address>0xdf5b</run_address>
         <size>0x17a</size>
         <input_file_ref idref="fl-6"/>
      </object_component>
      <object_component id="oc-170">
         <name>.debug_info</name>
         <load_address>0xe0d5</load_address>
         <run_address>0xe0d5</run_address>
         <size>0x37b</size>
         <input_file_ref idref="fl-6"/>
      </object_component>
      <object_component id="oc-178">
         <name>.debug_info</name>
         <load_address>0xe450</load_address>
         <run_address>0xe450</run_address>
         <size>0x15d</size>
         <input_file_ref idref="fl-143"/>
      </object_component>
      <object_component id="oc-17a">
         <name>.debug_info</name>
         <load_address>0xe5ad</load_address>
         <run_address>0xe5ad</run_address>
         <size>0x141</size>
         <input_file_ref idref="fl-5"/>
      </object_component>
      <object_component id="oc-17c">
         <name>.debug_info</name>
         <load_address>0xe6ee</load_address>
         <run_address>0xe6ee</run_address>
         <size>0xe0</size>
         <input_file_ref idref="fl-4"/>
      </object_component>
      <object_component id="oc-183">
         <name>.debug_info</name>
         <load_address>0xe7ce</load_address>
         <run_address>0xe7ce</run_address>
         <size>0x7b</size>
         <input_file_ref idref="fl-a"/>
      </object_component>
      <object_component id="oc-18b">
         <name>.debug_info</name>
         <load_address>0xe849</load_address>
         <run_address>0xe849</run_address>
         <size>0x1e9</size>
         <input_file_ref idref="fl-146"/>
      </object_component>
      <object_component id="oc-18f">
         <name>.debug_info</name>
         <load_address>0xea32</load_address>
         <run_address>0xea32</run_address>
         <size>0xee</size>
         <input_file_ref idref="fl-146"/>
      </object_component>
      <object_component id="oc-199">
         <name>.debug_info</name>
         <load_address>0xeb20</load_address>
         <run_address>0xeb20</run_address>
         <size>0xc6</size>
         <input_file_ref idref="fl-7"/>
      </object_component>
      <object_component id="oc-19e">
         <name>.debug_info</name>
         <load_address>0xebe6</load_address>
         <run_address>0xebe6</run_address>
         <size>0xe6</size>
         <input_file_ref idref="fl-c"/>
      </object_component>
      <object_component id="oc-1a1">
         <name>.debug_info</name>
         <load_address>0xeccc</load_address>
         <run_address>0xeccc</run_address>
         <size>0xcd</size>
         <input_file_ref idref="fl-143"/>
      </object_component>
      <object_component id="oc-1a8">
         <name>.debug_info</name>
         <load_address>0xed99</load_address>
         <run_address>0xed99</run_address>
         <size>0x44e</size>
         <input_file_ref idref="fl-5"/>
      </object_component>
      <object_component id="oc-1af">
         <name>.debug_info</name>
         <load_address>0xf1e7</load_address>
         <run_address>0xf1e7</run_address>
         <size>0xda</size>
         <input_file_ref idref="fl-4"/>
      </object_component>
      <object_component id="oc-1b9">
         <name>.debug_info</name>
         <load_address>0xf2c1</load_address>
         <run_address>0xf2c1</run_address>
         <size>0x242</size>
         <input_file_ref idref="fl-c"/>
      </object_component>
      <object_component id="oc-1da">
         <name>.debug_info</name>
         <load_address>0xf503</load_address>
         <run_address>0xf503</run_address>
         <size>0x9a</size>
      </object_component>
      <object_component id="oc-d">
         <name>.debug_aranges</name>
         <load_address>0x0</load_address>
         <run_address>0x0</run_address>
         <size>0x20</size>
         <input_file_ref idref="fl-10"/>
      </object_component>
      <object_component id="oc-13">
         <name>.debug_aranges</name>
         <load_address>0x20</load_address>
         <run_address>0x20</run_address>
         <size>0x20</size>
         <input_file_ref idref="fl-140"/>
      </object_component>
      <object_component id="oc-1e">
         <name>.debug_aranges</name>
         <load_address>0x40</load_address>
         <run_address>0x40</run_address>
         <size>0x20</size>
         <input_file_ref idref="fl-141"/>
      </object_component>
      <object_component id="oc-25">
         <name>.debug_aranges</name>
         <load_address>0x60</load_address>
         <run_address>0x60</run_address>
         <size>0x20</size>
         <input_file_ref idref="fl-3"/>
      </object_component>
      <object_component id="oc-2e">
         <name>.debug_aranges</name>
         <load_address>0x80</load_address>
         <run_address>0x80</run_address>
         <size>0x20</size>
         <input_file_ref idref="fl-9"/>
      </object_component>
      <object_component id="oc-33">
         <name>.debug_aranges</name>
         <load_address>0xa0</load_address>
         <run_address>0xa0</run_address>
         <size>0x20</size>
         <input_file_ref idref="fl-d"/>
      </object_component>
      <object_component id="oc-3a">
         <name>.debug_aranges</name>
         <load_address>0xc0</load_address>
         <run_address>0xc0</run_address>
         <size>0x40</size>
         <input_file_ref idref="fl-11"/>
      </object_component>
      <object_component id="oc-3f">
         <name>.debug_aranges</name>
         <load_address>0x100</load_address>
         <run_address>0x100</run_address>
         <size>0x20</size>
         <input_file_ref idref="fl-11"/>
      </object_component>
      <object_component id="oc-45">
         <name>.debug_aranges</name>
         <load_address>0x120</load_address>
         <run_address>0x120</run_address>
         <size>0x100</size>
         <input_file_ref idref="fl-8"/>
      </object_component>
      <object_component id="oc-4a">
         <name>.debug_aranges</name>
         <load_address>0x220</load_address>
         <run_address>0x220</run_address>
         <size>0x68</size>
         <input_file_ref idref="fl-12"/>
      </object_component>
      <object_component id="oc-50">
         <name>.debug_aranges</name>
         <load_address>0x288</load_address>
         <run_address>0x288</run_address>
         <size>0x180</size>
         <input_file_ref idref="fl-f"/>
      </object_component>
      <object_component id="oc-56">
         <name>.debug_aranges</name>
         <load_address>0x408</load_address>
         <run_address>0x408</run_address>
         <size>0xa0</size>
         <input_file_ref idref="fl-3"/>
      </object_component>
      <object_component id="oc-5c">
         <name>.debug_aranges</name>
         <load_address>0x4a8</load_address>
         <run_address>0x4a8</run_address>
         <size>0x28</size>
         <input_file_ref idref="fl-13f"/>
      </object_component>
      <object_component id="oc-61">
         <name>.debug_aranges</name>
         <load_address>0x4d0</load_address>
         <run_address>0x4d0</run_address>
         <size>0x48</size>
         <input_file_ref idref="fl-a"/>
      </object_component>
      <object_component id="oc-66">
         <name>.debug_aranges</name>
         <load_address>0x518</load_address>
         <run_address>0x518</run_address>
         <size>0x30</size>
         <input_file_ref idref="fl-144"/>
      </object_component>
      <object_component id="oc-6d">
         <name>.debug_aranges</name>
         <load_address>0x548</load_address>
         <run_address>0x548</run_address>
         <size>0x20</size>
         <input_file_ref idref="fl-145"/>
      </object_component>
      <object_component id="oc-82">
         <name>.debug_aranges</name>
         <load_address>0x568</load_address>
         <run_address>0x568</run_address>
         <size>0x20</size>
         <input_file_ref idref="fl-141"/>
      </object_component>
      <object_component id="oc-8e">
         <name>.debug_aranges</name>
         <load_address>0x588</load_address>
         <run_address>0x588</run_address>
         <size>0x50</size>
         <input_file_ref idref="fl-6"/>
      </object_component>
      <object_component id="oc-9d">
         <name>.debug_aranges</name>
         <load_address>0x5d8</load_address>
         <run_address>0x5d8</run_address>
         <size>0x20</size>
         <input_file_ref idref="fl-2"/>
      </object_component>
      <object_component id="oc-b1">
         <name>.debug_aranges</name>
         <load_address>0x5f8</load_address>
         <run_address>0x5f8</run_address>
         <size>0x28</size>
         <input_file_ref idref="fl-7"/>
      </object_component>
      <object_component id="oc-b9">
         <name>.debug_aranges</name>
         <load_address>0x620</load_address>
         <run_address>0x620</run_address>
         <size>0x78</size>
         <input_file_ref idref="fl-e"/>
      </object_component>
      <object_component id="oc-c8">
         <name>.debug_aranges</name>
         <load_address>0x698</load_address>
         <run_address>0x698</run_address>
         <size>0x20</size>
         <input_file_ref idref="fl-143"/>
      </object_component>
      <object_component id="oc-ce">
         <name>.debug_aranges</name>
         <load_address>0x6b8</load_address>
         <run_address>0x6b8</run_address>
         <size>0x70</size>
         <input_file_ref idref="fl-5"/>
      </object_component>
      <object_component id="oc-d4">
         <name>.debug_aranges</name>
         <load_address>0x728</load_address>
         <run_address>0x728</run_address>
         <size>0x68</size>
         <input_file_ref idref="fl-4"/>
      </object_component>
      <object_component id="oc-189">
         <name>.debug_aranges</name>
         <load_address>0x790</load_address>
         <run_address>0x790</run_address>
         <size>0x30</size>
         <input_file_ref idref="fl-146"/>
      </object_component>
      <object_component id="oc-e">
         <name>.debug_pubnames</name>
         <load_address>0x0</load_address>
         <run_address>0x0</run_address>
         <size>0x1f</size>
         <input_file_ref idref="fl-10"/>
      </object_component>
      <object_component id="oc-16">
         <name>.debug_pubnames</name>
         <load_address>0x1f</load_address>
         <run_address>0x1f</run_address>
         <size>0x2b</size>
         <input_file_ref idref="fl-140"/>
      </object_component>
      <object_component id="oc-20">
         <name>.debug_pubnames</name>
         <load_address>0x4a</load_address>
         <run_address>0x4a</run_address>
         <size>0x2c</size>
         <input_file_ref idref="fl-141"/>
      </object_component>
      <object_component id="oc-26">
         <name>.debug_pubnames</name>
         <load_address>0x76</load_address>
         <run_address>0x76</run_address>
         <size>0x27</size>
         <input_file_ref idref="fl-3"/>
      </object_component>
      <object_component id="oc-2b">
         <name>.debug_pubnames</name>
         <load_address>0x9d</load_address>
         <run_address>0x9d</run_address>
         <size>0x21</size>
         <input_file_ref idref="fl-11"/>
      </object_component>
      <object_component id="oc-2f">
         <name>.debug_pubnames</name>
         <load_address>0xbe</load_address>
         <run_address>0xbe</run_address>
         <size>0x38</size>
         <input_file_ref idref="fl-9"/>
      </object_component>
      <object_component id="oc-34">
         <name>.debug_pubnames</name>
         <load_address>0xf6</load_address>
         <run_address>0xf6</run_address>
         <size>0x27</size>
         <input_file_ref idref="fl-d"/>
      </object_component>
      <object_component id="oc-3b">
         <name>.debug_pubnames</name>
         <load_address>0x11d</load_address>
         <run_address>0x11d</run_address>
         <size>0x75</size>
         <input_file_ref idref="fl-11"/>
      </object_component>
      <object_component id="oc-40">
         <name>.debug_pubnames</name>
         <load_address>0x192</load_address>
         <run_address>0x192</run_address>
         <size>0x2c</size>
         <input_file_ref idref="fl-11"/>
      </object_component>
      <object_component id="oc-46">
         <name>.debug_pubnames</name>
         <load_address>0x1be</load_address>
         <run_address>0x1be</run_address>
         <size>0x442</size>
         <input_file_ref idref="fl-8"/>
      </object_component>
      <object_component id="oc-4b">
         <name>.debug_pubnames</name>
         <load_address>0x600</load_address>
         <run_address>0x600</run_address>
         <size>0xc5</size>
         <input_file_ref idref="fl-12"/>
      </object_component>
      <object_component id="oc-51">
         <name>.debug_pubnames</name>
         <load_address>0x6c5</load_address>
         <run_address>0x6c5</run_address>
         <size>0x37f</size>
         <input_file_ref idref="fl-f"/>
      </object_component>
      <object_component id="oc-57">
         <name>.debug_pubnames</name>
         <load_address>0xa44</load_address>
         <run_address>0xa44</run_address>
         <size>0x188</size>
         <input_file_ref idref="fl-3"/>
      </object_component>
      <object_component id="oc-5e">
         <name>.debug_pubnames</name>
         <load_address>0xbcc</load_address>
         <run_address>0xbcc</run_address>
         <size>0x37</size>
         <input_file_ref idref="fl-13f"/>
      </object_component>
      <object_component id="oc-62">
         <name>.debug_pubnames</name>
         <load_address>0xc03</load_address>
         <run_address>0xc03</run_address>
         <size>0x67</size>
         <input_file_ref idref="fl-a"/>
      </object_component>
      <object_component id="oc-6a">
         <name>.debug_pubnames</name>
         <load_address>0xc6a</load_address>
         <run_address>0xc6a</run_address>
         <size>0x35</size>
         <input_file_ref idref="fl-144"/>
      </object_component>
      <object_component id="oc-6f">
         <name>.debug_pubnames</name>
         <load_address>0xc9f</load_address>
         <run_address>0xc9f</run_address>
         <size>0x1d</size>
         <input_file_ref idref="fl-145"/>
      </object_component>
      <object_component id="oc-84">
         <name>.debug_pubnames</name>
         <load_address>0xcbc</load_address>
         <run_address>0xcbc</run_address>
         <size>0x2f</size>
         <input_file_ref idref="fl-141"/>
      </object_component>
      <object_component id="oc-8f">
         <name>.debug_pubnames</name>
         <load_address>0xceb</load_address>
         <run_address>0xceb</run_address>
         <size>0xd5</size>
         <input_file_ref idref="fl-6"/>
      </object_component>
      <object_component id="oc-9e">
         <name>.debug_pubnames</name>
         <load_address>0xdc0</load_address>
         <run_address>0xdc0</run_address>
         <size>0x34</size>
         <input_file_ref idref="fl-2"/>
      </object_component>
      <object_component id="oc-b2">
         <name>.debug_pubnames</name>
         <load_address>0xdf4</load_address>
         <run_address>0xdf4</run_address>
         <size>0x37</size>
         <input_file_ref idref="fl-7"/>
      </object_component>
      <object_component id="oc-ba">
         <name>.debug_pubnames</name>
         <load_address>0xe2b</load_address>
         <run_address>0xe2b</run_address>
         <size>0x1bf</size>
         <input_file_ref idref="fl-e"/>
      </object_component>
      <object_component id="oc-c7">
         <name>.debug_pubnames</name>
         <load_address>0xfea</load_address>
         <run_address>0xfea</run_address>
         <size>0x1e</size>
         <input_file_ref idref="fl-143"/>
      </object_component>
      <object_component id="oc-cf">
         <name>.debug_pubnames</name>
         <load_address>0x1008</load_address>
         <run_address>0x1008</run_address>
         <size>0x11f</size>
         <input_file_ref idref="fl-5"/>
      </object_component>
      <object_component id="oc-d5">
         <name>.debug_pubnames</name>
         <load_address>0x1127</load_address>
         <run_address>0x1127</run_address>
         <size>0xc8</size>
         <input_file_ref idref="fl-4"/>
      </object_component>
      <object_component id="oc-da">
         <name>.debug_pubnames</name>
         <load_address>0x11ef</load_address>
         <run_address>0x11ef</run_address>
         <size>0x1e</size>
         <input_file_ref idref="fl-a"/>
      </object_component>
      <object_component id="oc-dd">
         <name>.debug_pubnames</name>
         <load_address>0x120d</load_address>
         <run_address>0x120d</run_address>
         <size>0x22</size>
         <input_file_ref idref="fl-a"/>
      </object_component>
      <object_component id="oc-ec">
         <name>.debug_pubnames</name>
         <load_address>0x122f</load_address>
         <run_address>0x122f</run_address>
         <size>0x28</size>
         <input_file_ref idref="fl-146"/>
      </object_component>
      <object_component id="oc-ef">
         <name>.debug_pubnames</name>
         <load_address>0x1257</load_address>
         <run_address>0x1257</run_address>
         <size>0x3a</size>
         <input_file_ref idref="fl-144"/>
      </object_component>
      <object_component id="oc-18c">
         <name>.debug_pubnames</name>
         <load_address>0x1291</load_address>
         <run_address>0x1291</run_address>
         <size>0x43</size>
         <input_file_ref idref="fl-146"/>
      </object_component>
      <object_component id="oc-f">
         <name>.debug_line</name>
         <load_address>0x0</load_address>
         <run_address>0x0</run_address>
         <size>0xdf</size>
         <input_file_ref idref="fl-10"/>
      </object_component>
      <object_component id="oc-12">
         <name>.debug_line</name>
         <load_address>0xdf</load_address>
         <run_address>0xdf</run_address>
         <size>0x55</size>
         <input_file_ref idref="fl-140"/>
      </object_component>
      <object_component id="oc-22">
         <name>.debug_line</name>
         <load_address>0x134</load_address>
         <run_address>0x134</run_address>
         <size>0x4b</size>
         <input_file_ref idref="fl-141"/>
      </object_component>
      <object_component id="oc-27">
         <name>.debug_line</name>
         <load_address>0x17f</load_address>
         <run_address>0x17f</run_address>
         <size>0x79</size>
         <input_file_ref idref="fl-3"/>
      </object_component>
      <object_component id="oc-30">
         <name>.debug_line</name>
         <load_address>0x1f8</load_address>
         <run_address>0x1f8</run_address>
         <size>0x4f</size>
         <input_file_ref idref="fl-9"/>
      </object_component>
      <object_component id="oc-35">
         <name>.debug_line</name>
         <load_address>0x247</load_address>
         <run_address>0x247</run_address>
         <size>0x4b</size>
         <input_file_ref idref="fl-d"/>
      </object_component>
      <object_component id="oc-3c">
         <name>.debug_line</name>
         <load_address>0x292</load_address>
         <run_address>0x292</run_address>
         <size>0x189</size>
         <input_file_ref idref="fl-11"/>
      </object_component>
      <object_component id="oc-41">
         <name>.debug_line</name>
         <load_address>0x41b</load_address>
         <run_address>0x41b</run_address>
         <size>0xa6</size>
         <input_file_ref idref="fl-11"/>
      </object_component>
      <object_component id="oc-47">
         <name>.debug_line</name>
         <load_address>0x4c1</load_address>
         <run_address>0x4c1</run_address>
         <size>0x2c1</size>
         <input_file_ref idref="fl-8"/>
      </object_component>
      <object_component id="oc-4c">
         <name>.debug_line</name>
         <load_address>0x782</load_address>
         <run_address>0x782</run_address>
         <size>0x235</size>
         <input_file_ref idref="fl-12"/>
      </object_component>
      <object_component id="oc-52">
         <name>.debug_line</name>
         <load_address>0x9b7</load_address>
         <run_address>0x9b7</run_address>
         <size>0xed2</size>
         <input_file_ref idref="fl-f"/>
      </object_component>
      <object_component id="oc-58">
         <name>.debug_line</name>
         <load_address>0x1889</load_address>
         <run_address>0x1889</run_address>
         <size>0x285</size>
         <input_file_ref idref="fl-3"/>
      </object_component>
      <object_component id="oc-5b">
         <name>.debug_line</name>
         <load_address>0x1b0e</load_address>
         <run_address>0x1b0e</run_address>
         <size>0x7d</size>
         <input_file_ref idref="fl-13f"/>
      </object_component>
      <object_component id="oc-63">
         <name>.debug_line</name>
         <load_address>0x1b8b</load_address>
         <run_address>0x1b8b</run_address>
         <size>0x1ee</size>
         <input_file_ref idref="fl-a"/>
      </object_component>
      <object_component id="oc-67">
         <name>.debug_line</name>
         <load_address>0x1d79</load_address>
         <run_address>0x1d79</run_address>
         <size>0x80</size>
         <input_file_ref idref="fl-144"/>
      </object_component>
      <object_component id="oc-70">
         <name>.debug_line</name>
         <load_address>0x1df9</load_address>
         <run_address>0x1df9</run_address>
         <size>0x9a</size>
         <input_file_ref idref="fl-145"/>
      </object_component>
      <object_component id="oc-75">
         <name>.debug_line</name>
         <load_address>0x1e93</load_address>
         <run_address>0x1e93</run_address>
         <size>0x3a</size>
         <input_file_ref idref="fl-140"/>
      </object_component>
      <object_component id="oc-81">
         <name>.debug_line</name>
         <load_address>0x1ecd</load_address>
         <run_address>0x1ecd</run_address>
         <size>0x9d</size>
         <input_file_ref idref="fl-141"/>
      </object_component>
      <object_component id="oc-8a">
         <name>.debug_line</name>
         <load_address>0x1f6a</load_address>
         <run_address>0x1f6a</run_address>
         <size>0x39</size>
         <input_file_ref idref="fl-141"/>
      </object_component>
      <object_component id="oc-90">
         <name>.debug_line</name>
         <load_address>0x1fa3</load_address>
         <run_address>0x1fa3</run_address>
         <size>0xd2</size>
         <input_file_ref idref="fl-6"/>
      </object_component>
      <object_component id="oc-96">
         <name>.debug_line</name>
         <load_address>0x2075</load_address>
         <run_address>0x2075</run_address>
         <size>0x61</size>
         <input_file_ref idref="fl-3"/>
      </object_component>
      <object_component id="oc-99">
         <name>.debug_line</name>
         <load_address>0x20d6</load_address>
         <run_address>0x20d6</run_address>
         <size>0x37</size>
         <input_file_ref idref="fl-11"/>
      </object_component>
      <object_component id="oc-9f">
         <name>.debug_line</name>
         <load_address>0x210d</load_address>
         <run_address>0x210d</run_address>
         <size>0x78</size>
         <input_file_ref idref="fl-2"/>
      </object_component>
      <object_component id="oc-a6">
         <name>.debug_line</name>
         <load_address>0x2185</load_address>
         <run_address>0x2185</run_address>
         <size>0x5c</size>
         <input_file_ref idref="fl-3"/>
      </object_component>
      <object_component id="oc-ab">
         <name>.debug_line</name>
         <load_address>0x21e1</load_address>
         <run_address>0x21e1</run_address>
         <size>0x5f</size>
         <input_file_ref idref="fl-3"/>
      </object_component>
      <object_component id="oc-b3">
         <name>.debug_line</name>
         <load_address>0x2240</load_address>
         <run_address>0x2240</run_address>
         <size>0x81</size>
         <input_file_ref idref="fl-7"/>
      </object_component>
      <object_component id="oc-bb">
         <name>.debug_line</name>
         <load_address>0x22c1</load_address>
         <run_address>0x22c1</run_address>
         <size>0x132</size>
         <input_file_ref idref="fl-e"/>
      </object_component>
      <object_component id="oc-c2">
         <name>.debug_line</name>
         <load_address>0x23f3</load_address>
         <run_address>0x23f3</run_address>
         <size>0x58</size>
         <input_file_ref idref="fl-3"/>
      </object_component>
      <object_component id="oc-ca">
         <name>.debug_line</name>
         <load_address>0x244b</load_address>
         <run_address>0x244b</run_address>
         <size>0x66</size>
         <input_file_ref idref="fl-143"/>
      </object_component>
      <object_component id="oc-d0">
         <name>.debug_line</name>
         <load_address>0x24b1</load_address>
         <run_address>0x24b1</run_address>
         <size>0x22c</size>
         <input_file_ref idref="fl-5"/>
      </object_component>
      <object_component id="oc-d6">
         <name>.debug_line</name>
         <load_address>0x26dd</load_address>
         <run_address>0x26dd</run_address>
         <size>0x17f</size>
         <input_file_ref idref="fl-4"/>
      </object_component>
      <object_component id="oc-e2">
         <name>.debug_line</name>
         <load_address>0x285c</load_address>
         <run_address>0x285c</run_address>
         <size>0x20</size>
         <input_file_ref idref="fl-3"/>
      </object_component>
      <object_component id="oc-e8">
         <name>.debug_line</name>
         <load_address>0x287c</load_address>
         <run_address>0x287c</run_address>
         <size>0x59</size>
         <input_file_ref idref="fl-3"/>
      </object_component>
      <object_component id="oc-f7">
         <name>.debug_line</name>
         <load_address>0x28d5</load_address>
         <run_address>0x28d5</run_address>
         <size>0x5b</size>
         <input_file_ref idref="fl-140"/>
      </object_component>
      <object_component id="oc-fa">
         <name>.debug_line</name>
         <load_address>0x2930</load_address>
         <run_address>0x2930</run_address>
         <size>0x20</size>
         <input_file_ref idref="fl-140"/>
      </object_component>
      <object_component id="oc-fe">
         <name>.debug_line</name>
         <load_address>0x2950</load_address>
         <run_address>0x2950</run_address>
         <size>0x59</size>
         <input_file_ref idref="fl-6"/>
      </object_component>
      <object_component id="oc-104">
         <name>.debug_line</name>
         <load_address>0x29a9</load_address>
         <run_address>0x29a9</run_address>
         <size>0x20</size>
         <input_file_ref idref="fl-141"/>
      </object_component>
      <object_component id="oc-10a">
         <name>.debug_line</name>
         <load_address>0x29c9</load_address>
         <run_address>0x29c9</run_address>
         <size>0x5a</size>
         <input_file_ref idref="fl-3"/>
      </object_component>
      <object_component id="oc-10d">
         <name>.debug_line</name>
         <load_address>0x2a23</load_address>
         <run_address>0x2a23</run_address>
         <size>0x94</size>
         <input_file_ref idref="fl-11"/>
      </object_component>
      <object_component id="oc-111">
         <name>.debug_line</name>
         <load_address>0x2ab7</load_address>
         <run_address>0x2ab7</run_address>
         <size>0x5c</size>
         <input_file_ref idref="fl-3"/>
      </object_component>
      <object_component id="oc-116">
         <name>.debug_line</name>
         <load_address>0x2b13</load_address>
         <run_address>0x2b13</run_address>
         <size>0x5e</size>
         <input_file_ref idref="fl-6"/>
      </object_component>
      <object_component id="oc-11b">
         <name>.debug_line</name>
         <load_address>0x2b71</load_address>
         <run_address>0x2b71</run_address>
         <size>0x5c</size>
         <input_file_ref idref="fl-4"/>
      </object_component>
      <object_component id="oc-120">
         <name>.debug_line</name>
         <load_address>0x2bcd</load_address>
         <run_address>0x2bcd</run_address>
         <size>0x5f</size>
         <input_file_ref idref="fl-6"/>
      </object_component>
      <object_component id="oc-125">
         <name>.debug_line</name>
         <load_address>0x2c2c</load_address>
         <run_address>0x2c2c</run_address>
         <size>0x5e</size>
         <input_file_ref idref="fl-6"/>
      </object_component>
      <object_component id="oc-12a">
         <name>.debug_line</name>
         <load_address>0x2c8a</load_address>
         <run_address>0x2c8a</run_address>
         <size>0x5c</size>
         <input_file_ref idref="fl-3"/>
      </object_component>
      <object_component id="oc-12f">
         <name>.debug_line</name>
         <load_address>0x2ce6</load_address>
         <run_address>0x2ce6</run_address>
         <size>0x37</size>
         <input_file_ref idref="fl-11"/>
      </object_component>
      <object_component id="oc-135">
         <name>.debug_line</name>
         <load_address>0x2d1d</load_address>
         <run_address>0x2d1d</run_address>
         <size>0xd9</size>
         <input_file_ref idref="fl-12"/>
      </object_component>
      <object_component id="oc-139">
         <name>.debug_line</name>
         <load_address>0x2df6</load_address>
         <run_address>0x2df6</run_address>
         <size>0x5c</size>
         <input_file_ref idref="fl-6"/>
      </object_component>
      <object_component id="oc-13e">
         <name>.debug_line</name>
         <load_address>0x2e52</load_address>
         <run_address>0x2e52</run_address>
         <size>0x5f</size>
         <input_file_ref idref="fl-5"/>
      </object_component>
      <object_component id="oc-143">
         <name>.debug_line</name>
         <load_address>0x2eb1</load_address>
         <run_address>0x2eb1</run_address>
         <size>0x5c</size>
         <input_file_ref idref="fl-6"/>
      </object_component>
      <object_component id="oc-148">
         <name>.debug_line</name>
         <load_address>0x2f0d</load_address>
         <run_address>0x2f0d</run_address>
         <size>0x5c</size>
         <input_file_ref idref="fl-6"/>
      </object_component>
      <object_component id="oc-14d">
         <name>.debug_line</name>
         <load_address>0x2f69</load_address>
         <run_address>0x2f69</run_address>
         <size>0x5c</size>
         <input_file_ref idref="fl-6"/>
      </object_component>
      <object_component id="oc-152">
         <name>.debug_line</name>
         <load_address>0x2fc5</load_address>
         <run_address>0x2fc5</run_address>
         <size>0x5c</size>
         <input_file_ref idref="fl-6"/>
      </object_component>
      <object_component id="oc-157">
         <name>.debug_line</name>
         <load_address>0x3021</load_address>
         <run_address>0x3021</run_address>
         <size>0x5f</size>
         <input_file_ref idref="fl-7"/>
      </object_component>
      <object_component id="oc-15c">
         <name>.debug_line</name>
         <load_address>0x3080</load_address>
         <run_address>0x3080</run_address>
         <size>0x5e</size>
         <input_file_ref idref="fl-6"/>
      </object_component>
      <object_component id="oc-161">
         <name>.debug_line</name>
         <load_address>0x30de</load_address>
         <run_address>0x30de</run_address>
         <size>0x5c</size>
         <input_file_ref idref="fl-c"/>
      </object_component>
      <object_component id="oc-166">
         <name>.debug_line</name>
         <load_address>0x313a</load_address>
         <run_address>0x313a</run_address>
         <size>0x5b</size>
         <input_file_ref idref="fl-6"/>
      </object_component>
      <object_component id="oc-16b">
         <name>.debug_line</name>
         <load_address>0x3195</load_address>
         <run_address>0x3195</run_address>
         <size>0x5c</size>
         <input_file_ref idref="fl-6"/>
      </object_component>
      <object_component id="oc-16f">
         <name>.debug_line</name>
         <load_address>0x31f1</load_address>
         <run_address>0x31f1</run_address>
         <size>0xda</size>
         <input_file_ref idref="fl-f"/>
      </object_component>
      <object_component id="oc-173">
         <name>.debug_line</name>
         <load_address>0x32cb</load_address>
         <run_address>0x32cb</run_address>
         <size>0x61</size>
         <input_file_ref idref="fl-6"/>
      </object_component>
      <object_component id="oc-176">
         <name>.debug_line</name>
         <load_address>0x332c</load_address>
         <run_address>0x332c</run_address>
         <size>0x58</size>
         <input_file_ref idref="fl-3"/>
      </object_component>
      <object_component id="oc-17e">
         <name>.debug_line</name>
         <load_address>0x3384</load_address>
         <run_address>0x3384</run_address>
         <size>0x5c</size>
         <input_file_ref idref="fl-a"/>
      </object_component>
      <object_component id="oc-180">
         <name>.debug_line</name>
         <load_address>0x33e0</load_address>
         <run_address>0x33e0</run_address>
         <size>0x38</size>
         <input_file_ref idref="fl-a"/>
      </object_component>
      <object_component id="oc-182">
         <name>.debug_line</name>
         <load_address>0x3418</load_address>
         <run_address>0x3418</run_address>
         <size>0x93</size>
         <input_file_ref idref="fl-a"/>
      </object_component>
      <object_component id="oc-185">
         <name>.debug_line</name>
         <load_address>0x34ab</load_address>
         <run_address>0x34ab</run_address>
         <size>0x5c</size>
         <input_file_ref idref="fl-a"/>
      </object_component>
      <object_component id="oc-188">
         <name>.debug_line</name>
         <load_address>0x3507</load_address>
         <run_address>0x3507</run_address>
         <size>0x64</size>
         <input_file_ref idref="fl-146"/>
      </object_component>
      <object_component id="oc-18e">
         <name>.debug_line</name>
         <load_address>0x356b</load_address>
         <run_address>0x356b</run_address>
         <size>0x2b</size>
         <input_file_ref idref="fl-146"/>
      </object_component>
      <object_component id="oc-192">
         <name>.debug_line</name>
         <load_address>0x3596</load_address>
         <run_address>0x3596</run_address>
         <size>0x2a</size>
         <input_file_ref idref="fl-144"/>
      </object_component>
      <object_component id="oc-194">
         <name>.debug_line</name>
         <load_address>0x35c0</load_address>
         <run_address>0x35c0</run_address>
         <size>0x5a</size>
         <input_file_ref idref="fl-144"/>
      </object_component>
      <object_component id="oc-196">
         <name>.debug_line</name>
         <load_address>0x361a</load_address>
         <run_address>0x361a</run_address>
         <size>0x20</size>
         <input_file_ref idref="fl-6"/>
      </object_component>
      <object_component id="oc-198">
         <name>.debug_line</name>
         <load_address>0x363a</load_address>
         <run_address>0x363a</run_address>
         <size>0x20</size>
         <input_file_ref idref="fl-7"/>
      </object_component>
      <object_component id="oc-19c">
         <name>.debug_line</name>
         <load_address>0x365a</load_address>
         <run_address>0x365a</run_address>
         <size>0x5b</size>
         <input_file_ref idref="fl-7"/>
      </object_component>
      <object_component id="oc-1a0">
         <name>.debug_line</name>
         <load_address>0x36b5</load_address>
         <run_address>0x36b5</run_address>
         <size>0x68</size>
         <input_file_ref idref="fl-143"/>
      </object_component>
      <object_component id="oc-1a4">
         <name>.debug_line</name>
         <load_address>0x371d</load_address>
         <run_address>0x371d</run_address>
         <size>0x5c</size>
         <input_file_ref idref="fl-143"/>
      </object_component>
      <object_component id="oc-1a7">
         <name>.debug_line</name>
         <load_address>0x3779</load_address>
         <run_address>0x3779</run_address>
         <size>0x20</size>
         <input_file_ref idref="fl-5"/>
      </object_component>
      <object_component id="oc-1ab">
         <name>.debug_line</name>
         <load_address>0x3799</load_address>
         <run_address>0x3799</run_address>
         <size>0x5b</size>
         <input_file_ref idref="fl-5"/>
      </object_component>
      <object_component id="oc-1ae">
         <name>.debug_line</name>
         <load_address>0x37f4</load_address>
         <run_address>0x37f4</run_address>
         <size>0x20</size>
         <input_file_ref idref="fl-4"/>
      </object_component>
      <object_component id="oc-1b2">
         <name>.debug_line</name>
         <load_address>0x3814</load_address>
         <run_address>0x3814</run_address>
         <size>0x58</size>
         <input_file_ref idref="fl-4"/>
      </object_component>
      <object_component id="oc-1b6">
         <name>.debug_line</name>
         <load_address>0x386c</load_address>
         <run_address>0x386c</run_address>
         <size>0x20</size>
         <input_file_ref idref="fl-146"/>
      </object_component>
      <object_component id="oc-1b8">
         <name>.debug_line</name>
         <load_address>0x388c</load_address>
         <run_address>0x388c</run_address>
         <size>0x20</size>
         <input_file_ref idref="fl-c"/>
      </object_component>
      <object_component id="oc-1bc">
         <name>.debug_line</name>
         <load_address>0x38ac</load_address>
         <run_address>0x38ac</run_address>
         <size>0x5c</size>
         <input_file_ref idref="fl-c"/>
      </object_component>
      <object_component id="oc-10">
         <name>.debug_frame</name>
         <load_address>0x0</load_address>
         <run_address>0x0</run_address>
         <size>0x3e</size>
         <input_file_ref idref="fl-10"/>
      </object_component>
      <object_component id="oc-14">
         <name>.debug_frame</name>
         <load_address>0x3e</load_address>
         <run_address>0x3e</run_address>
         <size>0x3f</size>
         <input_file_ref idref="fl-140"/>
      </object_component>
      <object_component id="oc-21">
         <name>.debug_frame</name>
         <load_address>0x7d</load_address>
         <run_address>0x7d</run_address>
         <size>0x3f</size>
         <input_file_ref idref="fl-141"/>
      </object_component>
      <object_component id="oc-28">
         <name>.debug_frame</name>
         <load_address>0xbc</load_address>
         <run_address>0xbc</run_address>
         <size>0x5b</size>
         <input_file_ref idref="fl-3"/>
      </object_component>
      <object_component id="oc-36">
         <name>.debug_frame</name>
         <load_address>0x117</load_address>
         <run_address>0x117</run_address>
         <size>0x3f</size>
         <input_file_ref idref="fl-d"/>
      </object_component>
      <object_component id="oc-3d">
         <name>.debug_frame</name>
         <load_address>0x156</load_address>
         <run_address>0x156</run_address>
         <size>0xa4</size>
         <input_file_ref idref="fl-11"/>
      </object_component>
      <object_component id="oc-42">
         <name>.debug_frame</name>
         <load_address>0x1fa</load_address>
         <run_address>0x1fa</run_address>
         <size>0x5e</size>
         <input_file_ref idref="fl-11"/>
      </object_component>
      <object_component id="oc-4d">
         <name>.debug_frame</name>
         <load_address>0x258</load_address>
         <run_address>0x258</run_address>
         <size>0x101</size>
         <input_file_ref idref="fl-12"/>
      </object_component>
      <object_component id="oc-53">
         <name>.debug_frame</name>
         <load_address>0x359</load_address>
         <run_address>0x359</run_address>
         <size>0x483</size>
         <input_file_ref idref="fl-f"/>
      </object_component>
      <object_component id="oc-59">
         <name>.debug_frame</name>
         <load_address>0x7dc</load_address>
         <run_address>0x7dc</run_address>
         <size>0x1a4</size>
         <input_file_ref idref="fl-3"/>
      </object_component>
      <object_component id="oc-64">
         <name>.debug_frame</name>
         <load_address>0x980</load_address>
         <run_address>0x980</run_address>
         <size>0xc8</size>
         <input_file_ref idref="fl-a"/>
      </object_component>
      <object_component id="oc-68">
         <name>.debug_frame</name>
         <load_address>0xa48</load_address>
         <run_address>0xa48</run_address>
         <size>0x6f</size>
         <input_file_ref idref="fl-144"/>
      </object_component>
      <object_component id="oc-80">
         <name>.debug_frame</name>
         <load_address>0xab7</load_address>
         <run_address>0xab7</run_address>
         <size>0x46</size>
         <input_file_ref idref="fl-141"/>
      </object_component>
      <object_component id="oc-91">
         <name>.debug_frame</name>
         <load_address>0xafd</load_address>
         <run_address>0xafd</run_address>
         <size>0xcf</size>
         <input_file_ref idref="fl-6"/>
      </object_component>
      <object_component id="oc-b4">
         <name>.debug_frame</name>
         <load_address>0xbcc</load_address>
         <run_address>0xbcc</run_address>
         <size>0x56</size>
         <input_file_ref idref="fl-7"/>
      </object_component>
      <object_component id="oc-c9">
         <name>.debug_frame</name>
         <load_address>0xc22</load_address>
         <run_address>0xc22</run_address>
         <size>0x4a</size>
         <input_file_ref idref="fl-143"/>
      </object_component>
      <object_component id="oc-d1">
         <name>.debug_frame</name>
         <load_address>0xc6c</load_address>
         <run_address>0xc6c</run_address>
         <size>0x12e</size>
         <input_file_ref idref="fl-5"/>
      </object_component>
      <object_component id="oc-d7">
         <name>.debug_frame</name>
         <load_address>0xd9a</load_address>
         <run_address>0xd9a</run_address>
         <size>0x10e</size>
         <input_file_ref idref="fl-4"/>
      </object_component>
      <object_component id="oc-18a">
         <name>.debug_frame</name>
         <load_address>0xea8</load_address>
         <run_address>0xea8</run_address>
         <size>0x61</size>
         <input_file_ref idref="fl-146"/>
      </object_component>
      <object_component id="oc-6b">
         <name>.debug_abbrev</name>
         <load_address>0x0</load_address>
         <run_address>0x0</run_address>
         <size>0x55</size>
         <input_file_ref idref="fl-10"/>
      </object_component>
      <object_component id="oc-71">
         <name>.debug_abbrev</name>
         <load_address>0x55</load_address>
         <run_address>0x55</run_address>
         <size>0x74</size>
         <input_file_ref idref="fl-140"/>
      </object_component>
      <object_component id="oc-74">
         <name>.debug_abbrev</name>
         <load_address>0xc9</load_address>
         <run_address>0xc9</run_address>
         <size>0x24</size>
         <input_file_ref idref="fl-140"/>
      </object_component>
      <object_component id="oc-85">
         <name>.debug_abbrev</name>
         <load_address>0xed</load_address>
         <run_address>0xed</run_address>
         <size>0x74</size>
         <input_file_ref idref="fl-141"/>
      </object_component>
      <object_component id="oc-89">
         <name>.debug_abbrev</name>
         <load_address>0x161</load_address>
         <run_address>0x161</run_address>
         <size>0x24</size>
         <input_file_ref idref="fl-141"/>
      </object_component>
      <object_component id="oc-92">
         <name>.debug_abbrev</name>
         <load_address>0x185</load_address>
         <run_address>0x185</run_address>
         <size>0x6f</size>
         <input_file_ref idref="fl-3"/>
      </object_component>
      <object_component id="oc-95">
         <name>.debug_abbrev</name>
         <load_address>0x1f4</load_address>
         <run_address>0x1f4</run_address>
         <size>0x24</size>
         <input_file_ref idref="fl-3"/>
      </object_component>
      <object_component id="oc-98">
         <name>.debug_abbrev</name>
         <load_address>0x218</load_address>
         <run_address>0x218</run_address>
         <size>0x27</size>
         <input_file_ref idref="fl-11"/>
      </object_component>
      <object_component id="oc-a0">
         <name>.debug_abbrev</name>
         <load_address>0x23f</load_address>
         <run_address>0x23f</run_address>
         <size>0x37</size>
         <input_file_ref idref="fl-9"/>
      </object_component>
      <object_component id="oc-a1">
         <name>.debug_abbrev</name>
         <load_address>0x276</load_address>
         <run_address>0x276</run_address>
         <size>0x53</size>
         <input_file_ref idref="fl-d"/>
      </object_component>
      <object_component id="oc-a2">
         <name>.debug_abbrev</name>
         <load_address>0x2c9</load_address>
         <run_address>0x2c9</run_address>
         <size>0xa4</size>
         <input_file_ref idref="fl-11"/>
      </object_component>
      <object_component id="oc-a5">
         <name>.debug_abbrev</name>
         <load_address>0x36d</load_address>
         <run_address>0x36d</run_address>
         <size>0x7c</size>
         <input_file_ref idref="fl-3"/>
      </object_component>
      <object_component id="oc-aa">
         <name>.debug_abbrev</name>
         <load_address>0x3e9</load_address>
         <run_address>0x3e9</run_address>
         <size>0x55</size>
         <input_file_ref idref="fl-3"/>
      </object_component>
      <object_component id="oc-ad">
         <name>.debug_abbrev</name>
         <load_address>0x43e</load_address>
         <run_address>0x43e</run_address>
         <size>0x6f</size>
         <input_file_ref idref="fl-11"/>
      </object_component>
      <object_component id="oc-ae">
         <name>.debug_abbrev</name>
         <load_address>0x4ad</load_address>
         <run_address>0x4ad</run_address>
         <size>0x43</size>
         <input_file_ref idref="fl-8"/>
      </object_component>
      <object_component id="oc-b5">
         <name>.debug_abbrev</name>
         <load_address>0x4f0</load_address>
         <run_address>0x4f0</run_address>
         <size>0xd4</size>
         <input_file_ref idref="fl-12"/>
      </object_component>
      <object_component id="oc-bc">
         <name>.debug_abbrev</name>
         <load_address>0x5c4</load_address>
         <run_address>0x5c4</run_address>
         <size>0x101</size>
         <input_file_ref idref="fl-f"/>
      </object_component>
      <object_component id="oc-be">
         <name>.debug_abbrev</name>
         <load_address>0x6c5</load_address>
         <run_address>0x6c5</run_address>
         <size>0xc8</size>
         <input_file_ref idref="fl-3"/>
      </object_component>
      <object_component id="oc-c1">
         <name>.debug_abbrev</name>
         <load_address>0x78d</load_address>
         <run_address>0x78d</run_address>
         <size>0x6b</size>
         <input_file_ref idref="fl-3"/>
      </object_component>
      <object_component id="oc-cb">
         <name>.debug_abbrev</name>
         <load_address>0x7f8</load_address>
         <run_address>0x7f8</run_address>
         <size>0x82</size>
         <input_file_ref idref="fl-13f"/>
      </object_component>
      <object_component id="oc-de">
         <name>.debug_abbrev</name>
         <load_address>0x87a</load_address>
         <run_address>0x87a</run_address>
         <size>0xd6</size>
         <input_file_ref idref="fl-a"/>
      </object_component>
      <object_component id="oc-e1">
         <name>.debug_abbrev</name>
         <load_address>0x950</load_address>
         <run_address>0x950</run_address>
         <size>0x1f</size>
         <input_file_ref idref="fl-3"/>
      </object_component>
      <object_component id="oc-e7">
         <name>.debug_abbrev</name>
         <load_address>0x96f</load_address>
         <run_address>0x96f</run_address>
         <size>0x35</size>
         <input_file_ref idref="fl-3"/>
      </object_component>
      <object_component id="oc-f0">
         <name>.debug_abbrev</name>
         <load_address>0x9a4</load_address>
         <run_address>0x9a4</run_address>
         <size>0xba</size>
         <input_file_ref idref="fl-144"/>
      </object_component>
      <object_component id="oc-f3">
         <name>.debug_abbrev</name>
         <load_address>0xa5e</load_address>
         <run_address>0xa5e</run_address>
         <size>0x4b</size>
         <input_file_ref idref="fl-145"/>
      </object_component>
      <object_component id="oc-f6">
         <name>.debug_abbrev</name>
         <load_address>0xaa9</load_address>
         <run_address>0xaa9</run_address>
         <size>0x24</size>
         <input_file_ref idref="fl-140"/>
      </object_component>
      <object_component id="oc-f9">
         <name>.debug_abbrev</name>
         <load_address>0xacd</load_address>
         <run_address>0xacd</run_address>
         <size>0x4c</size>
[...]
      </symbol>
      <symbol id="sm-215">
         <name>_coreEnableRamEcc_</name>
         <value>0x2adb8</value>
         <object_component_ref idref="oc-43"/>
      </symbol>
      <symbol id="sm-216">
         <name>_coreClearDataFault_</name>
         <value>0x2ae3c</value>
         <object_component_ref idref="oc-43"/>
      </symbol>
      <symbol id="sm-217">
         <name>_coreGetAuxiliaryDataFault_</name>
         <value>0x2aea4</value>
         <object_component_ref idref="oc-43"/>
      </symbol>
      <symbol id="sm-218">
         <name>_enable_interrupt_</name>
         <value>0x2aef4</value>
         <object_component_ref idref="oc-43"/>
      </symbol>
      <symbol id="sm-219">
         <name>_coreClearAuxiliaryInstructionFault_</name>
         <value>0x2aec8</value>
         <object_component_ref idref="oc-43"/>
      </symbol>
      <symbol id="sm-21a">
         <name>_coreDisableRamEcc_</name>
         <value>0x2add0</value>
         <object_component_ref idref="oc-43"/>
      </symbol>
      <symbol id="sm-21b">
         <name>_coreGetDataFaultAddress_</name>
         <value>0x2ae6c</value>
         <object_component_ref idref="oc-43"/>
      </symbol>
      <symbol id="sm-21c">
         <name>_coreClearInstructionFault_</name>
         <value>0x2ae58</value>
         <object_component_ref idref="oc-43"/>
      </symbol>
      <symbol id="sm-21d">
         <name>_getCPSRValue_</name>
         <value>0x2ad68</value>
         <object_component_ref idref="oc-43"/>
      </symbol>
      <symbol id="sm-21e">
         <name>__TI_PINIT_Limit</name>
         <value>0x2afa0</value>
         <object_component_ref idref="oc-43"/>
      </symbol>
      <symbol id="sm-21f">
         <name>_coreEnableFlashEcc_</name>
         <value>0x2ade8</value>
         <object_component_ref idref="oc-43"/>
      </symbol>
      <symbol id="sm-220">
         <name>_disable_FIQ_interrupt_</name>
         <value>0x2aee4</value>
         <object_component_ref idref="oc-43"/>
      </symbol>
      <symbol id="sm-221">
         <name>_coreGetAuxiliaryInstructionFault_</name>
         <value>0x2aec0</value>
         <object_component_ref idref="oc-43"/>
      </symbol>
      <symbol id="sm-222">
         <name>_coreInitStackPointer_</name>
         <value>0x2ad1c</value>
         <object_component_ref idref="oc-43"/>
      </symbol>
      <symbol id="sm-223">
         <name>_esmCcmErrorsClear_</name>
         <value>0x2aefc</value>
         <object_component_ref idref="oc-43"/>
      </symbol>
      <symbol id="sm-224">
         <name>_gotoCPUIdle_</name>
         <value>0x2ad70</value>
         <object_component_ref idref="oc-43"/>
      </symbol>
      <symbol id="sm-225">
         <name>_coreEnableIrqVicOffset_</name>
         <value>0x2ae1c</value>
         <object_component_ref idref="oc-43"/>
      </symbol>
      <symbol id="sm-226">
         <name>_coreGetInstructionFault_</name>
         <value>0x2ae50</value>
         <object_component_ref idref="oc-43"/>
      </symbol>
      <symbol id="sm-227">
         <name>_coreClearAuxiliaryDataFault_</name>
         <value>0x2aeac</value>
         <object_component_ref idref="oc-43"/>
      </symbol>
      <symbol id="sm-228">
         <name>_coreEnableEventBusExport_</name>
         <value>0x2ad88</value>
         <object_component_ref idref="oc-43"/>
      </symbol>
      <symbol id="sm-234">
         <name>resetEntry</name>
         <value>0x0</value>
         <object_component_ref idref="oc-2c"/>
      </symbol>
      <symbol id="sm-273">
         <name>writecommand</name>
         <value>0x2a100</value>
         <object_component_ref idref="oc-5f"/>
      </symbol>
      <symbol id="sm-274">
         <name>writedata</name>
         <value>0x2a158</value>
         <object_component_ref idref="oc-5f"/>
      </symbol>
      <symbol id="sm-275">
         <name>drawPixel</name>
         <value>0x2a238</value>
         <object_component_ref idref="oc-5f"/>
      </symbol>
      <symbol id="sm-276">
         <name>newColor</name>
         <value>0x2a278</value>
         <object_component_ref idref="oc-5f"/>
      </symbol>
      <symbol id="sm-277">
         <name>setAddrWindow</name>
         <value>0x2a1b0</value>
         <object_component_ref idref="oc-5f"/>
      </symbol>
      <symbol id="sm-278">
         <name>buf</name>
         <value>0x8001510</value>
         <object_component_ref idref="oc-db"/>
      </symbol>
      <symbol id="sm-279">
         <name>rcv</name>
         <value>0x8001512</value>
         <object_component_ref idref="oc-db"/>
      </symbol>
      <symbol id="sm-27a">
         <name>main</name>
         <value>0x29b10</value>
         <object_component_ref idref="oc-5f"/>
      </symbol>
      <symbol id="sm-293">
         <name>phantomInterrupt</name>
         <value>0x2bd44</value>
         <object_component_ref idref="oc-31"/>
      </symbol>
      <symbol id="sm-29c">
         <name>_pmuResetCounters_</name>
         <value>0x2b8c0</value>
         <object_component_ref idref="oc-b7"/>
      </symbol>
      <symbol id="sm-29d">
         <name>_pmuGetEventCount_</name>
         <value>0x2b900</value>
         <object_component_ref idref="oc-b7"/>
      </symbol>
      <symbol id="sm-29e">
         <name>_pmuResetEventCounters_</name>
         <value>0x2b8a8</value>
         <object_component_ref idref="oc-b7"/>
      </symbol>
      <symbol id="sm-29f">
         <name>_pmuStopCounters_</name>
         <value>0x2b8e0</value>
         <object_component_ref idref="oc-b7"/>
      </symbol>
      <symbol id="sm-2a0">
         <name>_pmuInit_</name>
         <value>0x2b810</value>
         <object_component_ref idref="oc-b7"/>
      </symbol>
      <symbol id="sm-2a1">
         <name>_pmuGetOverflow_</name>
         <value>0x2b910</value>
         <object_component_ref idref="oc-b7"/>
      </symbol>
      <symbol id="sm-2a2">
         <name>_pmuResetCycleCounter_</name>
         <value>0x2b890</value>
         <object_component_ref idref="oc-b7"/>
      </symbol>
      <symbol id="sm-2a3">
         <name>_pmuSetCountEvent_</name>
         <value>0x2b8e8</value>
         <object_component_ref idref="oc-b7"/>
      </symbol>
      <symbol id="sm-2a4">
         <name>_pmuGetCycleCount_</name>
         <value>0x2b8f8</value>
         <object_component_ref idref="oc-b7"/>
      </symbol>
      <symbol id="sm-2a5">
         <name>_pmuEnableCountersGlobal_</name>
         <value>0x2b860</value>
         <object_component_ref idref="oc-b7"/>
      </symbol>
      <symbol id="sm-2a6">
         <name>_pmuDisableCountersGlobal_</name>
         <value>0x2b878</value>
         <object_component_ref idref="oc-b7"/>
      </symbol>
      <symbol id="sm-2a7">
         <name>_pmuStartCounters_</name>
         <value>0x2b8d8</value>
         <object_component_ref idref="oc-b7"/>
      </symbol>
      <symbol id="sm-40a">
         <name>pbistSelfCheck</name>
         <value>0x25c5c</value>
         <object_component_ref idref="oc-4e"/>
      </symbol>
      <symbol id="sm-40b">
         <name>fmcBus1ParityCheck</name>
         <value>0x27570</value>
         <object_component_ref idref="oc-4e"/>
      </symbol>
      <symbol id="sm-40c">
         <name>can1ParityCheck</name>
         <value>0x26a2c</value>
         <object_component_ref idref="oc-4e"/>
      </symbol>
      <symbol id="sm-40d">
         <name>enableParity</name>
         <value>0x27d48</value>
         <object_component_ref idref="oc-4e"/>
      </symbol>
      <symbol id="sm-40e">
         <name>custom_dabort</name>
         <value>0x26764</value>
         <object_component_ref idref="oc-4e"/>
      </symbol>
      <symbol id="sm-40f">
         <name>memoryInit</name>
         <value>0x25b04</value>
         <object_component_ref idref="oc-4e"/>
      </symbol>
      <symbol id="sm-410">
         <name>stcSelfCheck</name>
         <value>0x25b48</value>
         <object_component_ref idref="oc-4e"/>
      </symbol>
      <symbol id="sm-411">
         <name>efcGetConfigValue</name>
         <value>0x27908</value>
         <object_component_ref idref="oc-4e"/>
      </symbol>
      <symbol id="sm-412">
         <name>can2ParityCheck</name>
         <value>0x26b08</value>
         <object_component_ref idref="oc-4e"/>
      </symbol>
      <symbol id="sm-413">
         <name>het1ParityCheck</name>
         <value>0x2681c</value>
         <object_component_ref idref="oc-4e"/>
      </symbol>
      <symbol id="sm-414">
         <name>adc1ParityCheck</name>
         <value>0x26974</value>
         <object_component_ref idref="oc-4e"/>
      </symbol>
      <symbol id="sm-415">
         <name>checkefcSelfTest</name>
         <value>0x2612c</value>
         <object_component_ref idref="oc-4e"/>
      </symbol>
      <symbol id="sm-416">
         <name>checkRAMECC</name>
         <value>0x26d2c</value>
         <object_component_ref idref="oc-4e"/>
      </symbol>
      <symbol id="sm-417">
         <name>stcSelfCheckFail</name>
         <value>0x26768</value>
         <object_component_ref idref="oc-4e"/>
      </symbol>
      <symbol id="sm-418">
         <name>ccmSelfCheck</name>
         <value>0x259c0</value>
         <object_component_ref idref="oc-4e"/>
      </symbol>
      <symbol id="sm-419">
         <name>efcCheck</name>
         <value>0x25fd0</value>
         <object_component_ref idref="oc-4e"/>
      </symbol>
      <symbol id="sm-41a">
         <name>cpuSelfTest</name>
         <value>0x25bc4</value>
         <object_component_ref idref="oc-4e"/>
      </symbol>
      <symbol id="sm-41b">
         <name>htu1ParityCheck</name>
         <value>0x268bc</value>
         <object_component_ref idref="oc-4e"/>
      </symbol>
      <symbol id="sm-41c">
         <name>checkFlashECC</name>
         <value>0x26688</value>
         <object_component_ref idref="oc-4e"/>
      </symbol>
      <symbol id="sm-41d">
         <name>cpuSelfTestFail</name>
         <value>0x2676c</value>
         <object_component_ref idref="oc-4e"/>
      </symbol>
      <symbol id="sm-41e">
         <name>checkPLL1Slip</name>
         <value>0x271f0</value>
         <object_component_ref idref="oc-4e"/>
      </symbol>
      <symbol id="sm-41f">
         <name>mibspi1ParityCheck</name>
         <value>0x26bd0</value>
         <object_component_ref idref="oc-4e"/>
      </symbol>
      <symbol id="sm-420">
         <name>ccmr4GetConfigValue</name>
         <value>0x279a4</value>
         <object_component_ref idref="oc-4e"/>
      </symbol>
      <symbol id="sm-421">
         <name>pbistPortTestStatus</name>
         <value>0x25f88</value>
         <object_component_ref idref="oc-4e"/>
      </symbol>
      <symbol id="sm-422">
         <name>checkFlashEEPROMECC</name>
         <value>0x27048</value>
         <object_component_ref idref="oc-4e"/>
      </symbol>
      <symbol id="sm-423">
         <name>pbistGetConfigValue</name>
         <value>0x27720</value>
         <object_component_ref idref="oc-4e"/>
      </symbol>
      <symbol id="sm-424">
         <name>vimParityCheck</name>
         <value>0x26770</value>
         <object_component_ref idref="oc-4e"/>
      </symbol>
      <symbol id="sm-425">
         <name>pbistIsTestCompleted</name>
         <value>0x25f38</value>
         <object_component_ref idref="oc-4e"/>
      </symbol>
      <symbol id="sm-426">
         <name>disableParity</name>
         <value>0x27d9c</value>
         <object_component_ref idref="oc-4e"/>
      </symbol>
      <symbol id="sm-427">
         <name>pbistRun</name>
         <value>0x25e3c</value>
         <object_component_ref idref="oc-4e"/>
      </symbol>
      <symbol id="sm-428">
         <name>pbistFail</name>
         <value>0x2769c</value>
         <object_component_ref idref="oc-4e"/>
      </symbol>
      <symbol id="sm-429">
         <name>selftestFailNotification</name>
         <value>0x259b0</value>
         <object_component_ref idref="oc-4e"/>
      </symbol>
      <symbol id="sm-42a">
         <name>errata_PBIST_4</name>
         <value>0x27a20</value>
         <object_component_ref idref="oc-4e"/>
      </symbol>
      <symbol id="sm-42b">
         <name>efcSelfTest</name>
         <value>0x26104</value>
         <object_component_ref idref="oc-4e"/>
      </symbol>
      <symbol id="sm-42c">
         <name>checkB1RAMECC</name>
         <value>0x26498</value>
         <object_component_ref idref="oc-4e"/>
      </symbol>
      <symbol id="sm-42d">
         <name>pbistStop</name>
         <value>0x25f08</value>
         <object_component_ref idref="oc-4e"/>
      </symbol>
      <symbol id="sm-42e">
         <name>checkRAMAddrParity</name>
         <value>0x2730c</value>
         <object_component_ref idref="oc-4e"/>
      </symbol>
      <symbol id="sm-42f">
         <name>checkB0RAMECC</name>
         <value>0x262a8</value>
         <object_component_ref idref="oc-4e"/>
      </symbol>
      <symbol id="sm-430">
         <name>stcGetConfigValue</name>
         <value>0x27868</value>
         <object_component_ref idref="oc-4e"/>
      </symbol>
      <symbol id="sm-431">
         <name>pbistIsTestPassed</name>
         <value>0x25f54</value>
         <object_component_ref idref="oc-4e"/>
      </symbol>
      <symbol id="sm-432">
         <name>checkClockMonitor</name>
         <value>0x26f74</value>
         <object_component_ref idref="oc-4e"/>
      </symbol>
      <symbol id="sm-433">
         <name>fmcECCcheck</name>
         <value>0x26208</value>
         <object_component_ref idref="oc-4e"/>
      </symbol>
      <symbol id="sm-434">
         <name>fmcBus2Check</name>
         <value>0x261cc</value>
         <object_component_ref idref="oc-4e"/>
      </symbol>
      <symbol id="sm-435">
         <name>checkRAMUERRTest</name>
         <value>0x27414</value>
         <object_component_ref idref="oc-4e"/>
      </symbol>
      <symbol id="sm-436">
         <name>efcStuckZeroTest</name>
         <value>0x26058</value>
         <object_component_ref idref="oc-4e"/>
      </symbol>
      <symbol id="sm-455">
         <name>_c_int00</name>
         <value>0x2b210</value>
         <object_component_ref idref="oc-b"/>
      </symbol>
      <symbol id="sm-4eb">
         <name>vimChannelMap</name>
         <value>0x29354</value>
         <object_component_ref idref="oc-38"/>
      </symbol>
      <symbol id="sm-4ec">
         <name>vimInit</name>
         <value>0x29280</value>
         <object_component_ref idref="oc-38"/>
      </symbol>
      <symbol id="sm-4ed">
         <name>vimEnableInterrupt</name>
         <value>0x293f0</value>
         <object_component_ref idref="oc-38"/>
      </symbol>
      <symbol id="sm-4ee">
         <name>vimDisableInterrupt</name>
         <value>0x29548</value>
         <object_component_ref idref="oc-38"/>
      </symbol>
      <symbol id="sm-4ef">
         <name>vimGetConfigValue</name>
         <value>0x295cc</value>
         <object_component_ref idref="oc-38"/>
      </symbol>
      <symbol id="sm-4f0">
         <name>vimParityErrorHandler</name>
         <value>0x2afa4</value>
         <object_component_ref idref="oc-37"/>
      </symbol>
      <symbol id="sm-543">
         <name>systemGetConfigValue</name>
         <value>0x28198</value>
         <object_component_ref idref="oc-48"/>
      </symbol>
      <symbol id="sm-544">
         <name>trimLPO</name>
         <value>0x27edc</value>
         <object_component_ref idref="oc-48"/>
      </symbol>
      <symbol id="sm-545">
         <name>systemInit</name>
         <value>0x2809c</value>
         <object_component_ref idref="oc-48"/>
      </symbol>
      <symbol id="sm-546">
         <name>tcmflashGetConfigValue</name>
         <value>0x28558</value>
         <object_component_ref idref="oc-48"/>
      </symbol>
      <symbol id="sm-547">
         <name>sramGetConfigValue</name>
         <value>0x28704</value>
         <object_component_ref idref="oc-48"/>
      </symbol>
      <symbol id="sm-548">
         <name>periphInit</name>
         <value>0x27f64</value>
         <object_component_ref idref="oc-48"/>
      </symbol>
      <symbol id="sm-549">
         <name>setupFlash</name>
         <value>0x27f24</value>
         <object_component_ref idref="oc-48"/>
      </symbol>
      <symbol id="sm-54a">
         <name>setupPLL</name>
         <value>0x27e8c</value>
         <object_component_ref idref="oc-48"/>
      </symbol>
      <symbol id="sm-54b">
         <name>mapClocks</name>
         <value>0x27fb8</value>
         <object_component_ref idref="oc-48"/>
      </symbol>
      <symbol id="sm-54c">
         <name>systemPowerDown</name>
         <value>0x28168</value>
         <object_component_ref idref="oc-48"/>
      </symbol>
      <symbol id="sm-567">
         <name>__TI_auto_init</name>
         <value>0x2ba0c</value>
         <object_component_ref idref="oc-5a"/>
      </symbol>
      <symbol id="sm-57e">
         <name>__TI_decompress_none</name>
         <value>0x2bd28</value>
         <object_component_ref idref="oc-11"/>
      </symbol>
      <symbol id="sm-5a0">
         <name>__TI_decompress_rle24</name>
         <value>0x2bd3c</value>
         <object_component_ref idref="oc-1d"/>
      </symbol>
      <symbol id="sm-5ba">
         <name>copy_in</name>
         <value>0x2bc0c</value>
         <object_component_ref idref="oc-c5"/>
      </symbol>
      <symbol id="sm-5da">
         <name>C$$EXIT</name>
         <value>0x2bc8c</value>
         <object_component_ref idref="oc-65"/>
      </symbol>
      <symbol id="sm-5db">
         <name>abort</name>
         <value>0x2bc94</value>
         <object_component_ref idref="oc-65"/>
      </symbol>
      <symbol id="sm-5dc">
         <name>exit</name>
         <value>0x2bca0</value>
         <object_component_ref idref="oc-65"/>
      </symbol>
      <symbol id="sm-5dd">
         <name>__TI_dtors_ptr</name>
         <value>0x800150c</value>
         <object_component_ref idref="oc-ed"/>
      </symbol>
      <symbol id="sm-5de">
         <name>__TI_cleanup_ptr</name>
         <value>0x8001508</value>
         <object_component_ref idref="oc-ed"/>
      </symbol>
      <symbol id="sm-5f7">
         <name>memcpy</name>
         <value>0x2b410</value>
         <object_component_ref idref="oc-6c"/>
      </symbol>
      <symbol id="sm-5f8">
         <name>__aeabi_memcpy</name>
         <value>0x2b410</value>
         <object_component_ref idref="oc-6c"/>
      </symbol>
      <symbol id="sm-5f9">
         <name>__aeabi_memcpy8</name>
         <value>0x2b410</value>
         <object_component_ref idref="oc-6c"/>
      </symbol>
      <symbol id="sm-5fa">
         <name>__aeabi_memcpy4</name>
         <value>0x2b410</value>
         <object_component_ref idref="oc-6c"/>
      </symbol>
      <symbol id="sm-614">
         <name>_nop</name>
         <value>0x2bd1c</value>
         <object_component_ref idref="oc-187"/>
      </symbol>
      <symbol id="sm-615">
         <name>_lock</name>
         <value>0x8001500</value>
         <object_component_ref idref="oc-ea"/>
      </symbol>
      <symbol id="sm-616">
         <name>_unlock</name>
         <value>0x8001504</value>
         <object_component_ref idref="oc-ea"/>
      </symbol>
      <symbol id="sm-617">
         <name>_register_lock</name>
         <value>0x2bd10</value>
         <object_component_ref idref="oc-187"/>
      </symbol>
      <symbol id="sm-618">
         <name>_register_unlock</name>
         <value>0x2bd04</value>
         <object_component_ref idref="oc-187"/>
      </symbol>
      <symbol id="sm-619">
         <name>__TI_static_base__</name>
         <value>0x0</value>
      </symbol>
      <symbol id="sm-61a">
         <name>SHT$$INIT_ARRAY$$Limit</name>
         <value>0x0</value>
      </symbol>
      <symbol id="sm-61b">
         <name>SHT$$INIT_ARRAY$$Base</name>
         <value>0x0</value>
      </symbol>
   </symbol_table>
   <title>Link successful</title>
</link_info>
