******************************************************************************
                  TI ARM Linker PC v5.1.6                      
******************************************************************************
>> Linked Wed Jan 14 13:41:27 2015

OUTPUT FILE NAME:   <Hercules.out>
ENTRY POINT SYMBOL: "_c_int00"  address: 0002b210


MEMORY CONFIGURATION

         name            origin    length      used     unused   attr    fill
----------------------  --------  ---------  --------  --------  ----  --------
  VECTORS               00000000   00000020  00000020  00000000     X
  FLASH0                00000020   0005ffe0  0002bd4c  00034294  R  X
  STACKS                08000000   00001500  00000000  00001500  RW  
  RAM                   08001500   00006b00  00000014  00006aec  RW  


SEGMENT ALLOCATION MAP

run origin  load origin   length   init length attrs members
----------  ----------- ---------- ----------- ----- -------
00000000    00000000    0002bd6c   0002bd6c    r-x
  00000000    00000000    00000020   00000020    r-x .intvecs
  00000020    00000020    00025990   00025990    r-- .const
  000259b0    000259b0    00006398   00006398    r-x .text
  0002bd48    0002bd48    00000024   00000024    r-- .cinit
08001500    08001500    00000014   00000000    rw-
  08001500    08001500    00000014   00000000    rw- .data


SECTION ALLOCATION MAP

 output                                  attributes/
section   page    origin      length       input sections
--------  ----  ----------  ----------   ----------------
.intvecs   0    00000000    00000020     
                  00000000    00000020     sys_intvecs.obj (.intvecs)

.const     0    00000020    00025990     
                  00000020    00025810     sys_main.obj (.const:frenchy)
                  00025830    00000180     sys_vim.obj (.const:s_vim_init)

.text      0    000259b0    00006398     
                  000259b0    000024dc     sys_selftest.obj (.text)
                  00027e8c    00000a64     system.obj (.text)
                  000288f0    00000990     mibspi.obj (.text)
                  00029280    00000890     sys_vim.obj (.text)
                  00029b10    000007bc     sys_main.obj (.text)
                  0002a2cc    0000062c     esm.obj (.text)
                  0002a8f8    0000036c     gio.obj (.text)
                  0002ac64    00000340     sys_core.obj (.text)
                  0002afa4    0000026c     sys_vim.obj (.text:retain)
                  0002b210    00000200     sys_startup.obj (.text:retain)
                  0002b410    00000180     rtsv7R4_A_be_eabi.lib : memcpy32.obj (.text)
                  0002b590    00000150     pinmux.obj (.text)
                  0002b6e0    00000130     esm.obj (.text:retain)
                  0002b810    00000114     sys_pmu.obj (.text)
                  0002b924    000000e8     dabort.obj (.text)
                  0002ba0c    000000d4     rtsv7R4_A_be_eabi.lib : auto_init.obj (.text)
                  0002bae0    00000098                           : copy_decompress_rle.obj (.text)
                  0002bb78    00000094     notification.obj (.text)
                  0002bc0c    00000080     rtsv7R4_A_be_eabi.lib : cpy_tbl.obj (.text)
                  0002bc8c    00000078                           : exit.obj (.text)
                  0002bd04    00000024                           : _lock.obj (.text)
                  0002bd28    00000014                           : copy_decompress_none.obj (.text:decompress:none)
                  0002bd3c    00000008                           : copy_decompress_rle.obj (.text:decompress:rle24)
                  0002bd44    00000004     sys_phantom.obj (.text:retain)

.cinit     0    0002bd48    00000024     
                  0002bd48    00000011     (.cinit..data.load) [load image, compression = rle]
                  0002bd59    00000003     --HOLE-- [fill = 0]
                  0002bd5c    00000008     (__TI_handler_table)
                  0002bd64    00000008     (__TI_cinit_table)

.data      0    08001500    00000014     UNINITIALIZED
                  08001500    00000008     rtsv7R4_A_be_eabi.lib : _lock.obj (.data)
                  08001508    00000008                           : exit.obj (.data)
                  08001510    00000004     sys_main.obj (.data)


LINKER GENERATED COPY TABLES

__TI_cinit_table @ 0002bd64 records: 1, size/record: 8, table size: 8
	.data: load addr=0002bd48, load size=00000011 bytes, run addr=08001500, run size=00000014 bytes, compression=rle


LINKER GENERATED HANDLER TABLE

__TI_handler_table @ 0002bd5c records: 2, size/record: 4, table size: 8
	index: 0, handler: __TI_decompress_rle24
	index: 1, handler: __TI_decompress_none


GLOBAL SYMBOLS: SORTED ALPHABETICALLY BY Name 

address    name
--------   ----
0002bc8c   C$$EXIT
UNDEFED    SHT$$INIT_ARRAY$$Base
UNDEFED    SHT$$INIT_ARRAY$$Limit
0002bd64   __TI_CINIT_Base
0002bd6c   __TI_CINIT_Limit
0002bd5c   __TI_Handler_Table_Base
0002bd64   __TI_Handler_Table_Limit
0002af9c   __TI_PINIT_Base
0002afa0   __TI_PINIT_Limit
0002ba0c   __TI_auto_init
08001508   __TI_cleanup_ptr
0002bd28   __TI_decompress_none
0002bd3c   __TI_decompress_rle24
0800150c   __TI_dtors_ptr
00000000   __TI_static_base__
0002b410   __aeabi_memcpy
0002b410   __aeabi_memcpy4
0002b410   __aeabi_memcpy8
ffffffff   __binit__
ffffffff   __c_args__
0002b210   _c_int00
0002aeac   _coreClearAuxiliaryDataFault_
0002aec8   _coreClearAuxiliaryInstructionFault_
0002ae74   _coreClearDataFaultAddress_
0002ae3c   _coreClearDataFault_
0002ae90   _coreClearInstructionFaultAddress_
0002ae58   _coreClearInstructionFault_
0002ada0   _coreDisableEventBusExport_
0002ae04   _coreDisableFlashEcc_
0002add0   _coreDisableRamEcc_
0002ad88   _coreEnableEventBusExport_
0002ade8   _coreEnableFlashEcc_
0002ae1c   _coreEnableIrqVicOffset_
0002adb8   _coreEnableRamEcc_
0002aea4   _coreGetAuxiliaryDataFault_
0002aec0   _coreGetAuxiliaryInstructionFault_
0002ae6c   _coreGetDataFaultAddress_
0002ae34   _coreGetDataFault_
0002ae88   _coreGetInstructionFaultAddress_
0002ae50   _coreGetInstructionFault_
0002ac64   _coreInitRegisters_
0002ad1c   _coreInitStackPointer_
0002b924   _dabort
0002aee4   _disable_FIQ_interrupt_
0002aeec   _disable_IRQ_interrupt_
0002aedc   _disable_interrupt_
0002aef4   _enable_interrupt_
0002af84   _errata_CORTEXR4_66_
0002aefc   _esmCcmErrorsClear_
0002ad68   _getCPSRValue_
0002ad70   _gotoCPUIdle_
08001500   _lock
0002bd1c   _nop
0002b878   _pmuDisableCountersGlobal_
0002b860   _pmuEnableCountersGlobal_
0002b8f8   _pmuGetCycleCount_
0002b900   _pmuGetEventCount_
0002b910   _pmuGetOverflow_
0002b810   _pmuInit_
0002b8c0   _pmuResetCounters_
0002b890   _pmuResetCycleCounter_
0002b8a8   _pmuResetEventCounters_
0002b8e8   _pmuSetCountEvent_
0002b8d8   _pmuStartCounters_
0002b8e0   _pmuStopCounters_
0002bd10   _register_lock
0002bd04   _register_unlock
08001504   _unlock
0002bc94   abort
00026974   adc1ParityCheck
ffffffff   binit
08001510   buf
00026a2c   can1ParityCheck
00026b08   can2ParityCheck
000259c0   ccmSelfCheck
000279a4   ccmr4GetConfigValue
000262a8   checkB0RAMECC
00026498   checkB1RAMECC
00026f74   checkClockMonitor
00026688   checkFlashECC
00027048   checkFlashEEPROMECC
000271f0   checkPLL1Slip
0002730c   checkRAMAddrParity
00026d2c   checkRAMECC
00027414   checkRAMUERRTest
0002612c   checkefcSelfTest
0002bc0c   copy_in
00025bc4   cpuSelfTest
0002676c   cpuSelfTestFail
00026764   custom_dabort
00027d9c   disableParity
0002a238   drawPixel
00025fd0   efcCheck
00027908   efcGetConfigValue
00026104   efcSelfTest
00026058   efcStuckZeroTest
00027d48   enableParity
00027a20   errata_PBIST_4
0002a47c   esmActivateNormalOperation
0002a560   esmClearStatus
0002a5a0   esmClearStatusBuffer
0002a440   esmDisableError
0002a4b8   esmDisableInterrupt
0002a414   esmEnableError
0002a48c   esmEnableInterrupt
0002a6c0   esmEnterSelfTest
0002a3f8   esmError
0002a798   esmGetConfigValue
0002a5ec   esmGetStatus
0002a660   esmGetStatusBuffer
0002bb78   esmGroup1Notification
0002bb88   esmGroup2Notification
0002b6e0   esmHighInterrupt
0002a2cc   esmInit
0002a748   esmSelfTestStatus
0002a5cc   esmSetCounterPreloadValue
0002a4e4   esmSetInterruptLevel
0002a46c   esmTriggerErrorPinReset
0002bca0   exit
00027570   fmcBus1ParityCheck
000261cc   fmcBus2Check
00026208   fmcECCcheck
0002aaf0   gioDisableNotification
0002aab4   gioEnableNotification
0002aa1c   gioGetBit
0002ab2c   gioGetConfigValue
0002aa44   gioGetPort
0002a8f8   gioInit
0002bbd0   gioNotification
0002a9ac   gioSetBit
0002a98c   gioSetDirection
0002a9fc   gioSetPort
0002aa5c   gioToggleBit
0002681c   het1ParityCheck
000268bc   htu1ParityCheck
00029b10   main
00027fb8   mapClocks
0002b410   memcpy
00025b04   memoryInit
0002bb98   memoryPort0TestFailNotification
0002bbb4   memoryPort1TestFailNotification
00028f24   mibspi1GetConfigValue
00026bd0   mibspi1ParityCheck
00028ef0   mibspiDisableGroupNotification
00028e4c   mibspiDisableLoopback
00028e68   mibspiEnableGroupNotification
00028e18   mibspiEnableLoopback
00028c60   mibspiGetData
0002bbf8   mibspiGroupNotification
000288f0   mibspiInit
00028dac   mibspiIsTransferComplete
0002bbe4   mibspiNotification
00028b84   mibspiSetData
00028b64   mibspiSetFunctional
00028d7c   mibspiTransfer
0002b590   muxInit
0002a278   newColor
0002769c   pbistFail
00027720   pbistGetConfigValue
00025f38   pbistIsTestCompleted
00025f54   pbistIsTestPassed
00025f88   pbistPortTestStatus
00025e3c   pbistRun
00025c5c   pbistSelfCheck
00025f08   pbistStop
00027f64   periphInit
0002bd44   phantomInterrupt
0002b618   pinmuxGetConfigValue
08001512   rcv
00000000   resetEntry
000259b0   selftestFailNotification
0002a1b0   setAddrWindow
00027f24   setupFlash
00027e8c   setupPLL
00028704   sramGetConfigValue
00027868   stcGetConfigValue
00025b48   stcSelfCheck
00026768   stcSelfCheckFail
00028198   systemGetConfigValue
0002809c   systemInit
00028168   systemPowerDown
00028558   tcmflashGetConfigValue
00027edc   trimLPO
00029354   vimChannelMap
00029548   vimDisableInterrupt
000293f0   vimEnableInterrupt
000295cc   vimGetConfigValue
00029280   vimInit
00026770   vimParityCheck
0002afa4   vimParityErrorHandler
0002a100   writecommand
0002a158   writedata


GLOBAL SYMBOLS: SORTED BY Symbol Address 

address    name
--------   ----
00000000   __TI_static_base__
00000000   resetEntry
000259b0   selftestFailNotification
000259c0   ccmSelfCheck
00025b04   memoryInit
00025b48   stcSelfCheck
00025bc4   cpuSelfTest
00025c5c   pbistSelfCheck
00025e3c   pbistRun
00025f08   pbistStop
00025f38   pbistIsTestCompleted
00025f54   pbistIsTestPassed
00025f88   pbistPortTestStatus
00025fd0   efcCheck
00026058   efcStuckZeroTest
00026104   efcSelfTest
0002612c   checkefcSelfTest
000261cc   fmcBus2Check
00026208   fmcECCcheck
000262a8   checkB0RAMECC
00026498   checkB1RAMECC
00026688   checkFlashECC
00026764   custom_dabort
00026768   stcSelfCheckFail
0002676c   cpuSelfTestFail
00026770   vimParityCheck
0002681c   het1ParityCheck
000268bc   htu1ParityCheck
00026974   adc1ParityCheck
00026a2c   can1ParityCheck
00026b08   can2ParityCheck
00026bd0   mibspi1ParityCheck
00026d2c   checkRAMECC
00026f74   checkClockMonitor
00027048   checkFlashEEPROMECC
000271f0   checkPLL1Slip
0002730c   checkRAMAddrParity
00027414   checkRAMUERRTest
00027570   fmcBus1ParityCheck
0002769c   pbistFail
00027720   pbistGetConfigValue
00027868   stcGetConfigValue
00027908   efcGetConfigValue
000279a4   ccmr4GetConfigValue
00027a20   errata_PBIST_4
00027d48   enableParity
00027d9c   disableParity
00027e8c   setupPLL
00027edc   trimLPO
00027f24   setupFlash
00027f64   periphInit
00027fb8   mapClocks
0002809c   systemInit
00028168   systemPowerDown
00028198   systemGetConfigValue
00028558   tcmflashGetConfigValue
00028704   sramGetConfigValue
000288f0   mibspiInit
00028b64   mibspiSetFunctional
00028b84   mibspiSetData
00028c60   mibspiGetData
00028d7c   mibspiTransfer
00028dac   mibspiIsTransferComplete
00028e18   mibspiEnableLoopback
00028e4c   mibspiDisableLoopback
00028e68   mibspiEnableGroupNotification
00028ef0   mibspiDisableGroupNotification
00028f24   mibspi1GetConfigValue
00029280   vimInit
00029354   vimChannelMap
000293f0   vimEnableInterrupt
00029548   vimDisableInterrupt
000295cc   vimGetConfigValue
00029b10   main
0002a100   writecommand
0002a158   writedata
0002a1b0   setAddrWindow
0002a238   drawPixel
0002a278   newColor
0002a2cc   esmInit
0002a3f8   esmError
0002a414   esmEnableError
0002a440   esmDisableError
0002a46c   esmTriggerErrorPinReset
0002a47c   esmActivateNormalOperation
0002a48c   esmEnableInterrupt
0002a4b8   esmDisableInterrupt
0002a4e4   esmSetInterruptLevel
0002a560   esmClearStatus
0002a5a0   esmClearStatusBuffer
0002a5cc   esmSetCounterPreloadValue
0002a5ec   esmGetStatus
0002a660   esmGetStatusBuffer
0002a6c0   esmEnterSelfTest
0002a748   esmSelfTestStatus
0002a798   esmGetConfigValue
0002a8f8   gioInit
0002a98c   gioSetDirection
0002a9ac   gioSetBit
0002a9fc   gioSetPort
0002aa1c   gioGetBit
0002aa44   gioGetPort
0002aa5c   gioToggleBit
0002aab4   gioEnableNotification
0002aaf0   gioDisableNotification
0002ab2c   gioGetConfigValue
0002ac64   _coreInitRegisters_
0002ad1c   _coreInitStackPointer_
0002ad68   _getCPSRValue_
0002ad70   _gotoCPUIdle_
0002ad88   _coreEnableEventBusExport_
0002ada0   _coreDisableEventBusExport_
0002adb8   _coreEnableRamEcc_
0002add0   _coreDisableRamEcc_
0002ade8   _coreEnableFlashEcc_
0002ae04   _coreDisableFlashEcc_
0002ae1c   _coreEnableIrqVicOffset_
0002ae34   _coreGetDataFault_
0002ae3c   _coreClearDataFault_
0002ae50   _coreGetInstructionFault_
0002ae58   _coreClearInstructionFault_
0002ae6c   _coreGetDataFaultAddress_
0002ae74   _coreClearDataFaultAddress_
0002ae88   _coreGetInstructionFaultAddress_
0002ae90   _coreClearInstructionFaultAddress_
0002aea4   _coreGetAuxiliaryDataFault_
0002aeac   _coreClearAuxiliaryDataFault_
0002aec0   _coreGetAuxiliaryInstructionFault_
0002aec8   _coreClearAuxiliaryInstructionFault_
0002aedc   _disable_interrupt_
0002aee4   _disable_FIQ_interrupt_
0002aeec   _disable_IRQ_interrupt_
0002aef4   _enable_interrupt_
0002aefc   _esmCcmErrorsClear_
0002af84   _errata_CORTEXR4_66_
0002af9c   __TI_PINIT_Base
0002afa0   __TI_PINIT_Limit
0002afa4   vimParityErrorHandler
0002b210   _c_int00
0002b410   __aeabi_memcpy
0002b410   __aeabi_memcpy4
0002b410   __aeabi_memcpy8
0002b410   memcpy
0002b590   muxInit
0002b618   pinmuxGetConfigValue
0002b6e0   esmHighInterrupt
0002b810   _pmuInit_
0002b860   _pmuEnableCountersGlobal_
0002b878   _pmuDisableCountersGlobal_
0002b890   _pmuResetCycleCounter_
0002b8a8   _pmuResetEventCounters_
0002b8c0   _pmuResetCounters_
0002b8d8   _pmuStartCounters_
0002b8e0   _pmuStopCounters_
0002b8e8   _pmuSetCountEvent_
0002b8f8   _pmuGetCycleCount_
0002b900   _pmuGetEventCount_
0002b910   _pmuGetOverflow_
0002b924   _dabort
0002ba0c   __TI_auto_init
0002bb78   esmGroup1Notification
0002bb88   esmGroup2Notification
0002bb98   memoryPort0TestFailNotification
0002bbb4   memoryPort1TestFailNotification
0002bbd0   gioNotification
0002bbe4   mibspiNotification
0002bbf8   mibspiGroupNotification
0002bc0c   copy_in
0002bc8c   C$$EXIT
0002bc94   abort
0002bca0   exit
0002bd04   _register_unlock
0002bd10   _register_lock
0002bd1c   _nop
0002bd28   __TI_decompress_none
0002bd3c   __TI_decompress_rle24
0002bd44   phantomInterrupt
0002bd5c   __TI_Handler_Table_Base
0002bd64   __TI_CINIT_Base
0002bd64   __TI_Handler_Table_Limit
0002bd6c   __TI_CINIT_Limit
08001500   _lock
08001504   _unlock
08001508   __TI_cleanup_ptr
0800150c   __TI_dtors_ptr
08001510   buf
08001512   rcv
ffffffff   __binit__
ffffffff   __c_args__
ffffffff   binit
UNDEFED    SHT$$INIT_ARRAY$$Base
UNDEFED    SHT$$INIT_ARRAY$$Limit

[192 symbols]
