******************************************************************************
                  MSP430 Linker PC v4.4.2                      
******************************************************************************
>> Linked Fri Feb 27 00:54:28 2015

OUTPUT FILE NAME:   <MSP430 Hall Effect.out>
ENTRY POINT SYMBOL: "_c_int00_noargs_noexit"  address: 0000d4ae


MEMORY CONFIGURATION

         name            origin    length      used     unused   attr    fill
----------------------  --------  ---------  --------  --------  ----  --------
  SFR                   00000000   00000010  00000000  00000010  RWIX
  PERIPHERALS_8BIT      00000010   000000f0  00000000  000000f0  RWIX
  PERIPHERALS_16BIT     00000100   00000100  00000000  00000100  RWIX
  RAM                   00000200   00000200  00000071  0000018f  RWIX
  INFOD                 00001000   00000040  00000000  00000040  RWIX
  INFOC                 00001040   00000040  00000000  00000040  RWIX
  INFOB                 00001080   00000040  00000000  00000040  RWIX
  INFOA                 000010c0   00000040  00000000  00000040  RWIX
  FLASH                 0000c000   00003fe0  000015c6  00002a1a  RWIX
  INT00                 0000ffe0   00000002  00000002  00000000  RWIX
  INT01                 0000ffe2   00000002  00000000  00000002  RWIX
  INT02                 0000ffe4   00000002  00000002  00000000  RWIX
  INT03                 0000ffe6   00000002  00000002  00000000  RWIX
  INT04                 0000ffe8   00000002  00000000  00000002  RWIX
  INT05                 0000ffea   00000002  00000002  00000000  RWIX
  INT06                 0000ffec   00000002  00000002  00000000  RWIX
  INT07                 0000ffee   00000002  00000002  00000000  RWIX
  INT08                 0000fff0   00000002  00000002  00000000  RWIX
  INT09                 0000fff2   00000002  00000002  00000000  RWIX
  INT10                 0000fff4   00000002  00000002  00000000  RWIX
  INT11                 0000fff6   00000002  00000002  00000000  RWIX
  INT12                 0000fff8   00000002  00000002  00000000  RWIX
  INT13                 0000fffa   00000002  00000002  00000000  RWIX
  INT14                 0000fffc   00000002  00000002  00000000  RWIX
  RESET                 0000fffe   00000002  00000002  00000000  RWIX


SECTION ALLOCATION MAP

 output                                  attributes/
section   page    origin      length       input sections
--------  ----  ----------  ----------   ----------------
.data      0    00000200    00000016     UNINITIALIZED
                  00000200    00000016     main.obj (.data)

.bss       0    00000216    0000000b     UNINITIALIZED
                  00000216    00000008     (.common:RPM)
                  0000021e    00000002     (.common:ADCconverted)
                  00000220    00000001     (.common:data)

.TI.persistent 
*          0    00000200    00000000     UNINITIALIZED

.stack     0    000003b0    00000050     UNINITIALIZED
                  000003b0    00000002     rts430_eabi.lib : boot.obj (.stack)
                  000003b2    0000004e     --HOLE--

.text      0    0000c000    0000157c     
                  0000c000    00000462     rts430_eabi.lib : frcdivd.obj (.text:__TI_frcdivd)
                  0000c462    000002e8                     : addd.obj (.text:__mspabi_addd)
                  0000c74a    00000260                     : frcaddd.obj (.text:__TI_frcaddd)
                  0000c9aa    00000238                     : divd.obj (.text:__mspabi_divd)
                  0000cbe2    000000dc                     : cmpd.obj (.text:__mspabi_cmpd)
                  0000ccbe    000000cc                     : xdint.obj (.text:_Dint)
                  0000cd8a    000000c4                     : round.obj (.text:round)
                  0000ce4e    000000be                     : renormd.obj (.text:__TI_renormd)
                  0000cf0c    000000a2                     : fltlid.obj (.text:__mspabi_fltlid)
                  0000cfae    00000098     main.obj (.text:main)
                  0000d046    00000080     rts430_eabi.lib : fltuld.obj (.text:__mspabi_fltuld)
                  0000d0c6    00000074     main.obj (.text:calculate_time)
                  0000d13a    00000072     rts430_eabi.lib : fixdli.obj (.text:__mspabi_fixdli)
                  0000d1ac    00000064                     : copy_decompress_rle.obj (.text:__TI_decompress_rle_core)
                  0000d210    0000005c                     : lsr32.obj (.text:l_lsr_const)
                  0000d26c    00000058                     : autoinit.obj (.text:_auto_init)
                  0000d2c4    0000004c                     : lsr16.obj (.text)
                  0000d310    0000003e                     : asr32.obj (.text:l_asr_const)
                  0000d34e    0000003e                     : lsl32.obj (.text:l_lsl_const)
                  0000d38c    0000002e                     : subd.obj (.text:__mspabi_subd)
                  0000d3ba    0000002c     main.obj (.text:USCI0RX_ISR_HOOK)
                  0000d3e6    0000002c     rts430_eabi.lib : asr16.obj (.text)
                  0000d412    0000002c                     : lsl16.obj (.text)
                  0000d43e    00000028                     : fixdi.obj (.text:__mspabi_fixdi)
                  0000d466    00000026                     : mult32.obj (.text)
                  0000d48c    00000022     main.obj (.text:SPI_Init)
                  0000d4ae    0000001a     rts430_eabi.lib : boot_special.obj (.text:_c_int00_noargs_noexit)
                  0000d4c8    00000014                     : copy_zero_init.obj (.text:decompress:ZI:__TI_zero_init)
                  0000d4dc    00000014                     : mult16.obj (.text)
                  0000d4f0    00000012                     : copy_decompress_none.obj (.text:decompress:none:__TI_decompress_none)
                  0000d502    00000012                     : lsr32.obj (.text:l_lsr)
                  0000d514    00000012                     : memcpy.obj (.text:memcpy)
                  0000d526    00000010                     : asr32.obj (.text:l_asr)
                  0000d536    00000010                     : lsl32.obj (.text:l_lsl)
                  0000d546    00000010                     : epilog.obj (.text)
                  0000d556    0000000c                     : fltid.obj (.text:__mspabi_fltid)
                  0000d562    00000006                     : fltud.obj (.text:__mspabi_fltud)
                  0000d568    00000006                     : isr_trap.obj (.text:_isr:__TI_ISR_TRAP)
                  0000d56e    00000006                     : copy_decompress_rle.obj (.text:decompress:rle24:__TI_decompress_rle24)
                  0000d574    00000004                     : pre_init.obj (.text:_system_pre_init)
                  0000d578    00000004                     : exit.obj (.text:abort)

.const     0    0000d57c    00000028     
                  0000d57c    00000020     rts430_eabi.lib : xdint.obj (.const:mask$1)
                  0000d59c    00000008                     : xdint.obj (.const:sub$2)

.cinit     0    0000d5a4    00000022     
                  0000d5a4    00000010     (.cinit..data.load) [load image, compression = rle]
                  0000d5b4    00000006     (__TI_handler_table)
                  0000d5ba    00000004     (.cinit..bss.load) [load image, compression = zero_init]
                  0000d5be    00000008     (__TI_cinit_table)

.init_array 
*          0    0000c000    00000000     UNINITIALIZED

TRAPINT    0    0000ffe0    00000002     
                  0000ffe0    00000002     rts430_eabi.lib : int00.obj (.int00)

PORT1      0    0000ffe4    00000002     
                  0000ffe4    00000002     rts430_eabi.lib : int02.obj (.int02)

PORT2      0    0000ffe6    00000002     
                  0000ffe6    00000002     rts430_eabi.lib : int03.obj (.int03)

ADC10      0    0000ffea    00000002     
                  0000ffea    00000002     rts430_eabi.lib : int05.obj (.int05)

USCIAB0TX 
*          0    0000ffec    00000002     
                  0000ffec    00000002     rts430_eabi.lib : int06.obj (.int06)

USCIAB0RX 
*          0    0000ffee    00000002     
                  0000ffee    00000002     main.obj (.int07)

TIMER0_A1 
*          0    0000fff0    00000002     
                  0000fff0    00000002     rts430_eabi.lib : int08.obj (.int08)

TIMER0_A0 
*          0    0000fff2    00000002     
                  0000fff2    00000002     rts430_eabi.lib : int09.obj (.int09)

WDT        0    0000fff4    00000002     
                  0000fff4    00000002     rts430_eabi.lib : int10.obj (.int10)

COMPARATORA 
*          0    0000fff6    00000002     
                  0000fff6    00000002     rts430_eabi.lib : int11.obj (.int11)

TIMER1_A1 
*          0    0000fff8    00000002     
                  0000fff8    00000002     rts430_eabi.lib : int12.obj (.int12)

TIMER1_A0 
*          0    0000fffa    00000002     
                  0000fffa    00000002     rts430_eabi.lib : int13.obj (.int13)

NMI        0    0000fffc    00000002     
                  0000fffc    00000002     rts430_eabi.lib : int14.obj (.int14)

.reset     0    0000fffe    00000002     
                  0000fffe    00000002     rts430_eabi.lib : boot.obj (.reset)


LINKER GENERATED COPY TABLES

__TI_cinit_table @ 0000d5be records: 2, size/record: 4, table size: 8
	.data: load addr=0000d5a4, load size=00000010 bytes, run addr=00000200, run size=00000016 bytes, compression=rle
	.bss: load addr=0000d5ba, load size=00000004 bytes, run addr=00000216, run size=0000000b bytes, compression=zero_init


LINKER GENERATED HANDLER TABLE

__TI_handler_table @ 0000d5b4 records: 3, size/record: 2, table size: 6
	index: 0, handler: __TI_zero_init
	index: 1, handler: __TI_decompress_rle24
	index: 2, handler: __TI_decompress_none


GLOBAL SYMBOLS: SORTED ALPHABETICALLY BY Name 

address   name                    
-------   ----                    
0000004a  ADC10AE0                
000001b0  ADC10CTL0               
000001b2  ADC10CTL1               
00000048  ADC10DTC0               
00000049  ADC10DTC1               
000001b4  ADC10MEM                
000001bc  ADC10SA                 
0000021e  ADCconverted            
00000057  BCSCTL1                 
00000058  BCSCTL2                 
00000053  BCSCTL3                 
0000d578  C$$EXIT                 
00000059  CACTL1                  
0000005a  CACTL2                  
000010fb  CALBC1_12MHZ            
000010f9  CALBC1_16MHZ            
000010ff  CALBC1_1MHZ             
000010fd  CALBC1_8MHZ             
000010fa  CALDCO_12MHZ            
000010f8  CALDCO_16MHZ            
000010fe  CALDCO_1MHZ             
000010fc  CALDCO_8MHZ             
0000005b  CAPD                    
0000020a  Const                   
00000056  DCOCTL                  
00000128  FCTL1                   
0000012a  FCTL2                   
0000012c  FCTL3                   
00000000  IE1                     
00000001  IE2                     
00000002  IFG1                    
00000003  IFG2                    
00000022  P1DIR                   
00000025  P1IE                    
00000024  P1IES                   
00000023  P1IFG                   
00000020  P1IN                    
00000021  P1OUT                   
00000027  P1REN                   
00000026  P1SEL                   
00000041  P1SEL2                  
0000002a  P2DIR                   
0000002d  P2IE                    
0000002c  P2IES                   
0000002b  P2IFG                   
00000028  P2IN                    
00000029  P2OUT                   
0000002f  P2REN                   
0000002e  P2SEL                   
00000042  P2SEL2                  
0000001a  P3DIR                   
00000018  P3IN                    
00000019  P3OUT                   
00000010  P3REN                   
0000001b  P3SEL                   
00000043  P3SEL2                  
00000216  RPM                     
00000200  SLV_data                
0000d48c  SPI_Init                
00000172  TA0CCR0                 
00000174  TA0CCR1                 
00000176  TA0CCR2                 
00000162  TA0CCTL0                
00000164  TA0CCTL1                
00000166  TA0CCTL2                
00000160  TA0CTL                  
0000012e  TA0IV                   
00000170  TA0R                    
00000192  TA1CCR0                 
00000194  TA1CCR1                 
00000196  TA1CCR2                 
00000182  TA1CCTL0                
00000184  TA1CCTL1                
00000186  TA1CCTL2                
00000180  TA1CTL                  
0000011e  TA1IV                   
00000190  TA1R                    
000010db  TLV_ADC10_1_LEN         
000010da  TLV_ADC10_1_TAG         
000010c0  TLV_CHECKSUM            
000010f7  TLV_DCO_30_LEN          
000010f6  TLV_DCO_30_TAG          
0000005d  UCA0ABCTL               
00000062  UCA0BR0                 
00000063  UCA0BR1                 
00000060  UCA0CTL0                
00000061  UCA0CTL1                
0000005f  UCA0IRRCTL              
0000005e  UCA0IRTCTL              
00000064  UCA0MCTL                
00000066  UCA0RXBUF               
00000065  UCA0STAT                
00000067  UCA0TXBUF               
0000006a  UCB0BR0                 
0000006b  UCB0BR1                 
00000068  UCB0CTL0                
00000069  UCB0CTL1                
0000006c  UCB0I2CIE               
00000118  UCB0I2COA               
0000011a  UCB0I2CSA               
0000006e  UCB0RXBUF               
0000006d  UCB0STAT                
0000006f  UCB0TXBUF               
0000d3ba  USCI0RX_ISR_HOOK        
00000120  WDTCTL                  
0000ccbe  _Dint                   
00000400  __STACK_END             
00000050  __STACK_SIZE            
0000d5be  __TI_CINIT_Base         
0000d5c6  __TI_CINIT_Limit        
0000d5b4  __TI_Handler_Table_Base 
0000d5ba  __TI_Handler_Table_Limit
UNDEFED   __TI_INITARRAY_Base     
UNDEFED   __TI_INITARRAY_Limit    
0000d568  __TI_ISR_TRAP           
0000d4f0  __TI_decompress_none    
0000d56e  __TI_decompress_rle24   
0000c74a  __TI_frcaddd            
0000c000  __TI_frcdivd            
0000ffe0  __TI_int00              
0000ffe4  __TI_int02              
0000ffe6  __TI_int03              
0000ffea  __TI_int05              
0000ffec  __TI_int06              
0000ffee  __TI_int07              
0000fff0  __TI_int08              
0000fff2  __TI_int09              
0000fff4  __TI_int10              
0000fff6  __TI_int11              
0000fff8  __TI_int12              
0000fffa  __TI_int13              
0000fffc  __TI_int14              
0000ce4e  __TI_renormd            
0000d4c8  __TI_zero_init          
ffffffff  __binit__               
ffffffff  __c_args__              
0000c462  __mspabi_addd           
0000cbe2  __mspabi_cmpd           
0000c9aa  __mspabi_divd           
0000d43e  __mspabi_fixdi          
0000d13a  __mspabi_fixdli         
0000d556  __mspabi_fltid          
0000cf0c  __mspabi_fltlid         
0000d562  __mspabi_fltud          
0000d046  __mspabi_fltuld         
0000d552  __mspabi_func_epilog_1  
0000d550  __mspabi_func_epilog_2  
0000d54e  __mspabi_func_epilog_3  
0000d54c  __mspabi_func_epilog_4  
0000d54a  __mspabi_func_epilog_5  
0000d548  __mspabi_func_epilog_6  
0000d546  __mspabi_func_epilog_7  
0000d4dc  __mspabi_mpyi           
0000d4dc  __mspabi_mpyi_sw        
0000d466  __mspabi_mpyl           
0000d466  __mspabi_mpyl_sw        
0000d412  __mspabi_slli           
0000d43a  __mspabi_slli_1         
0000d428  __mspabi_slli_10        
0000d426  __mspabi_slli_11        
0000d424  __mspabi_slli_12        
0000d422  __mspabi_slli_13        
0000d420  __mspabi_slli_14        
0000d41e  __mspabi_slli_15        
0000d438  __mspabi_slli_2         
0000d436  __mspabi_slli_3         
0000d434  __mspabi_slli_4         
0000d432  __mspabi_slli_5         
0000d430  __mspabi_slli_6         
0000d42e  __mspabi_slli_7         
0000d42c  __mspabi_slli_8         
0000d42a  __mspabi_slli_9         
0000d536  __mspabi_slll           
0000d386  __mspabi_slll_1         
0000d362  __mspabi_slll_10        
0000d35e  __mspabi_slll_11        
0000d35a  __mspabi_slll_12        
0000d356  __mspabi_slll_13        
0000d352  __mspabi_slll_14        
0000d34e  __mspabi_slll_15        
0000d382  __mspabi_slll_2         
0000d37e  __mspabi_slll_3         
0000d37a  __mspabi_slll_4         
0000d376  __mspabi_slll_5         
0000d372  __mspabi_slll_6         
0000d36e  __mspabi_slll_7         
0000d36a  __mspabi_slll_8         
0000d366  __mspabi_slll_9         
0000d3e6  __mspabi_srai           
0000d40e  __mspabi_srai_1         
0000d3fc  __mspabi_srai_10        
0000d3fa  __mspabi_srai_11        
0000d3f8  __mspabi_srai_12        
0000d3f6  __mspabi_srai_13        
0000d3f4  __mspabi_srai_14        
0000d3f2  __mspabi_srai_15        
0000d40c  __mspabi_srai_2         
0000d40a  __mspabi_srai_3         
0000d408  __mspabi_srai_4         
0000d406  __mspabi_srai_5         
0000d404  __mspabi_srai_6         
0000d402  __mspabi_srai_7         
0000d400  __mspabi_srai_8         
0000d3fe  __mspabi_srai_9         
0000d526  __mspabi_sral           
0000d348  __mspabi_sral_1         
0000d324  __mspabi_sral_10        
0000d320  __mspabi_sral_11        
0000d31c  __mspabi_sral_12        
0000d318  __mspabi_sral_13        
0000d314  __mspabi_sral_14        
0000d310  __mspabi_sral_15        
0000d344  __mspabi_sral_2         
0000d340  __mspabi_sral_3         
0000d33c  __mspabi_sral_4         
0000d338  __mspabi_sral_5         
0000d334  __mspabi_sral_6         
0000d330  __mspabi_sral_7         
0000d32c  __mspabi_sral_8         
0000d328  __mspabi_sral_9         
0000d2c4  __mspabi_srli           
0000d30a  __mspabi_srli_1         
0000d2e6  __mspabi_srli_10        
0000d2e2  __mspabi_srli_11        
0000d2de  __mspabi_srli_12        
0000d2da  __mspabi_srli_13        
0000d2d6  __mspabi_srli_14        
0000d2d2  __mspabi_srli_15        
0000d306  __mspabi_srli_2         
0000d302  __mspabi_srli_3         
0000d2fe  __mspabi_srli_4         
0000d2fa  __mspabi_srli_5         
0000d2f6  __mspabi_srli_6         
0000d2f2  __mspabi_srli_7         
0000d2ee  __mspabi_srli_8         
0000d2ea  __mspabi_srli_9         
0000d502  __mspabi_srll           
0000d264  __mspabi_srll_1         
0000d22e  __mspabi_srll_10        
0000d228  __mspabi_srll_11        
0000d222  __mspabi_srll_12        
0000d21c  __mspabi_srll_13        
0000d216  __mspabi_srll_14        
0000d210  __mspabi_srll_15        
0000d25e  __mspabi_srll_2         
0000d258  __mspabi_srll_3         
0000d252  __mspabi_srll_4         
0000d24c  __mspabi_srll_5         
0000d246  __mspabi_srll_6         
0000d240  __mspabi_srll_7         
0000d23a  __mspabi_srll_8         
0000d234  __mspabi_srll_9         
0000d38c  __mspabi_subd           
0000d26c  _auto_init              
0000d4ae  _c_int00_noargs_noexit  
0000fffe  _reset_vector           
000003b0  _stack                  
0000d574  _system_pre_init        
0000d578  abort                   
00000204  betweenBytes            
ffffffff  binit                   
00000202  byteNum                 
0000d0c6  calculate_time          
0000020c  cyclespersec            
00000220  data                    
0000020e  end_time_value          
0000cfae  main                    
0000d514  memcpy                  
00000206  num                     
0000cd8a  round                   
00000208  timertimeytime          


GLOBAL SYMBOLS: SORTED BY Symbol Address 

address   name                    
-------   ----                    
00000000  IE1                     
00000001  IE2                     
00000002  IFG1                    
00000003  IFG2                    
00000010  P3REN                   
00000018  P3IN                    
00000019  P3OUT                   
0000001a  P3DIR                   
0000001b  P3SEL                   
00000020  P1IN                    
00000021  P1OUT                   
00000022  P1DIR                   
00000023  P1IFG                   
00000024  P1IES                   
00000025  P1IE                    
00000026  P1SEL                   
00000027  P1REN                   
00000028  P2IN                    
00000029  P2OUT                   
0000002a  P2DIR                   
0000002b  P2IFG                   
0000002c  P2IES                   
0000002d  P2IE                    
0000002e  P2SEL                   
0000002f  P2REN                   
00000041  P1SEL2                  
00000042  P2SEL2                  
00000043  P3SEL2                  
00000048  ADC10DTC0               
00000049  ADC10DTC1               
0000004a  ADC10AE0                
00000050  __STACK_SIZE            
00000053  BCSCTL3                 
00000056  DCOCTL                  
00000057  BCSCTL1                 
00000058  BCSCTL2                 
00000059  CACTL1                  
0000005a  CACTL2                  
0000005b  CAPD                    
0000005d  UCA0ABCTL               
0000005e  UCA0IRTCTL              
0000005f  UCA0IRRCTL              
00000060  UCA0CTL0                
00000061  UCA0CTL1                
00000062  UCA0BR0                 
00000063  UCA0BR1                 
00000064  UCA0MCTL                
00000065  UCA0STAT                
00000066  UCA0RXBUF               
00000067  UCA0TXBUF               
00000068  UCB0CTL0                
00000069  UCB0CTL1                
0000006a  UCB0BR0                 
0000006b  UCB0BR1                 
0000006c  UCB0I2CIE               
0000006d  UCB0STAT                
0000006e  UCB0RXBUF               
0000006f  UCB0TXBUF               
00000118  UCB0I2COA               
0000011a  UCB0I2CSA               
0000011e  TA1IV                   
00000120  WDTCTL                  
00000128  FCTL1                   
0000012a  FCTL2                   
0000012c  FCTL3                   
0000012e  TA0IV                   
00000160  TA0CTL                  
00000162  TA0CCTL0                
00000164  TA0CCTL1                
00000166  TA0CCTL2                
00000170  TA0R                    
00000172  TA0CCR0                 
00000174  TA0CCR1                 
00000176  TA0CCR2                 
00000180  TA1CTL                  
00000182  TA1CCTL0                
00000184  TA1CCTL1                
00000186  TA1CCTL2                
00000190  TA1R                    
00000192  TA1CCR0                 
00000194  TA1CCR1                 
00000196  TA1CCR2                 
000001b0  ADC10CTL0               
000001b2  ADC10CTL1               
000001b4  ADC10MEM                
000001bc  ADC10SA                 
00000200  SLV_data                
00000202  byteNum                 
00000204  betweenBytes            
00000206  num                     
00000208  timertimeytime          
0000020a  Const                   
0000020c  cyclespersec            
0000020e  end_time_value          
00000216  RPM                     
0000021e  ADCconverted            
00000220  data                    
000003b0  _stack                  
00000400  __STACK_END             
000010c0  TLV_CHECKSUM            
000010da  TLV_ADC10_1_TAG         
000010db  TLV_ADC10_1_LEN         
000010f6  TLV_DCO_30_TAG          
000010f7  TLV_DCO_30_LEN          
000010f8  CALDCO_16MHZ            
000010f9  CALBC1_16MHZ            
000010fa  CALDCO_12MHZ            
000010fb  CALBC1_12MHZ            
000010fc  CALDCO_8MHZ             
000010fd  CALBC1_8MHZ             
000010fe  CALDCO_1MHZ             
000010ff  CALBC1_1MHZ             
0000c000  __TI_frcdivd            
0000c462  __mspabi_addd           
0000c74a  __TI_frcaddd            
0000c9aa  __mspabi_divd           
0000cbe2  __mspabi_cmpd           
0000ccbe  _Dint                   
0000cd8a  round                   
0000ce4e  __TI_renormd            
0000cf0c  __mspabi_fltlid         
0000cfae  main                    
0000d046  __mspabi_fltuld         
0000d0c6  calculate_time          
0000d13a  __mspabi_fixdli         
0000d210  __mspabi_srll_15        
0000d216  __mspabi_srll_14        
0000d21c  __mspabi_srll_13        
0000d222  __mspabi_srll_12        
0000d228  __mspabi_srll_11        
0000d22e  __mspabi_srll_10        
0000d234  __mspabi_srll_9         
0000d23a  __mspabi_srll_8         
0000d240  __mspabi_srll_7         
0000d246  __mspabi_srll_6         
0000d24c  __mspabi_srll_5         
0000d252  __mspabi_srll_4         
0000d258  __mspabi_srll_3         
0000d25e  __mspabi_srll_2         
0000d264  __mspabi_srll_1         
0000d26c  _auto_init              
0000d2c4  __mspabi_srli           
0000d2d2  __mspabi_srli_15        
0000d2d6  __mspabi_srli_14        
0000d2da  __mspabi_srli_13        
0000d2de  __mspabi_srli_12        
0000d2e2  __mspabi_srli_11        
0000d2e6  __mspabi_srli_10        
0000d2ea  __mspabi_srli_9         
0000d2ee  __mspabi_srli_8         
0000d2f2  __mspabi_srli_7         
0000d2f6  __mspabi_srli_6         
0000d2fa  __mspabi_srli_5         
0000d2fe  __mspabi_srli_4         
0000d302  __mspabi_srli_3         
0000d306  __mspabi_srli_2         
0000d30a  __mspabi_srli_1         
0000d310  __mspabi_sral_15        
0000d314  __mspabi_sral_14        
0000d318  __mspabi_sral_13        
0000d31c  __mspabi_sral_12        
0000d320  __mspabi_sral_11        
0000d324  __mspabi_sral_10        
0000d328  __mspabi_sral_9         
0000d32c  __mspabi_sral_8         
0000d330  __mspabi_sral_7         
0000d334  __mspabi_sral_6         
0000d338  __mspabi_sral_5         
0000d33c  __mspabi_sral_4         
0000d340  __mspabi_sral_3         
0000d344  __mspabi_sral_2         
0000d348  __mspabi_sral_1         
0000d34e  __mspabi_slll_15        
0000d352  __mspabi_slll_14        
0000d356  __mspabi_slll_13        
0000d35a  __mspabi_slll_12        
0000d35e  __mspabi_slll_11        
0000d362  __mspabi_slll_10        
0000d366  __mspabi_slll_9         
0000d36a  __mspabi_slll_8         
0000d36e  __mspabi_slll_7         
0000d372  __mspabi_slll_6         
0000d376  __mspabi_slll_5         
0000d37a  __mspabi_slll_4         
0000d37e  __mspabi_slll_3         
0000d382  __mspabi_slll_2         
0000d386  __mspabi_slll_1         
0000d38c  __mspabi_subd           
0000d3ba  USCI0RX_ISR_HOOK        
0000d3e6  __mspabi_srai           
0000d3f2  __mspabi_srai_15        
0000d3f4  __mspabi_srai_14        
0000d3f6  __mspabi_srai_13        
0000d3f8  __mspabi_srai_12        
0000d3fa  __mspabi_srai_11        
0000d3fc  __mspabi_srai_10        
0000d3fe  __mspabi_srai_9         
0000d400  __mspabi_srai_8         
0000d402  __mspabi_srai_7         
0000d404  __mspabi_srai_6         
0000d406  __mspabi_srai_5         
0000d408  __mspabi_srai_4         
0000d40a  __mspabi_srai_3         
0000d40c  __mspabi_srai_2         
0000d40e  __mspabi_srai_1         
0000d412  __mspabi_slli           
0000d41e  __mspabi_slli_15        
0000d420  __mspabi_slli_14        
0000d422  __mspabi_slli_13        
0000d424  __mspabi_slli_12        
0000d426  __mspabi_slli_11        
0000d428  __mspabi_slli_10        
0000d42a  __mspabi_slli_9         
0000d42c  __mspabi_slli_8         
0000d42e  __mspabi_slli_7         
0000d430  __mspabi_slli_6         
0000d432  __mspabi_slli_5         
0000d434  __mspabi_slli_4         
0000d436  __mspabi_slli_3         
0000d438  __mspabi_slli_2         
0000d43a  __mspabi_slli_1         
0000d43e  __mspabi_fixdi          
0000d466  __mspabi_mpyl           
0000d466  __mspabi_mpyl_sw        
0000d48c  SPI_Init                
0000d4ae  _c_int00_noargs_noexit  
0000d4c8  __TI_zero_init          
0000d4dc  __mspabi_mpyi           
0000d4dc  __mspabi_mpyi_sw        
0000d4f0  __TI_decompress_none    
0000d502  __mspabi_srll           
0000d514  memcpy                  
0000d526  __mspabi_sral           
0000d536  __mspabi_slll           
0000d546  __mspabi_func_epilog_7  
0000d548  __mspabi_func_epilog_6  
0000d54a  __mspabi_func_epilog_5  
0000d54c  __mspabi_func_epilog_4  
0000d54e  __mspabi_func_epilog_3  
0000d550  __mspabi_func_epilog_2  
0000d552  __mspabi_func_epilog_1  
0000d556  __mspabi_fltid          
0000d562  __mspabi_fltud          
0000d568  __TI_ISR_TRAP           
0000d56e  __TI_decompress_rle24   
0000d574  _system_pre_init        
0000d578  C$$EXIT                 
0000d578  abort                   
0000d5b4  __TI_Handler_Table_Base 
0000d5ba  __TI_Handler_Table_Limit
0000d5be  __TI_CINIT_Base         
0000d5c6  __TI_CINIT_Limit        
0000ffe0  __TI_int00              
0000ffe4  __TI_int02              
0000ffe6  __TI_int03              
0000ffea  __TI_int05              
0000ffec  __TI_int06              
0000ffee  __TI_int07              
0000fff0  __TI_int08              
0000fff2  __TI_int09              
0000fff4  __TI_int10              
0000fff6  __TI_int11              
0000fff8  __TI_int12              
0000fffa  __TI_int13              
0000fffc  __TI_int14              
0000fffe  _reset_vector           
ffffffff  __binit__               
ffffffff  __c_args__              
ffffffff  binit                   
UNDEFED   __TI_INITARRAY_Base     
UNDEFED   __TI_INITARRAY_Limit    

[271 symbols]
