******************************************************************************
                  MSP430 Linker PC v4.4.2                      
******************************************************************************
>> Linked Wed Feb 25 18:46:33 2015

OUTPUT FILE NAME:   <MSP430 Hall Effect.out>
ENTRY POINT SYMBOL: "_c_int00_noargs_noexit"  address: 0000cafa


MEMORY CONFIGURATION

         name            origin    length      used     unused   attr    fill
----------------------  --------  ---------  --------  --------  ----  --------
  SFR                   00000000   00000010  00000000  00000010  RWIX
  PERIPHERALS_8BIT      00000010   000000f0  00000000  000000f0  RWIX
  PERIPHERALS_16BIT     00000100   00000100  00000000  00000100  RWIX
  RAM                   00000200   00000200  0000006e  00000192  RWIX
  INFOD                 00001000   00000040  00000000  00000040  RWIX
  INFOC                 00001040   00000040  00000000  00000040  RWIX
  INFOB                 00001080   00000040  00000000  00000040  RWIX
  INFOA                 000010c0   00000040  00000000  00000040  RWIX
  FLASH                 0000c000   00003fe0  00000bb6  0000342a  RWIX
  INT00                 0000ffe0   00000002  00000002  00000000  RWIX
  INT01                 0000ffe2   00000002  00000000  00000002  RWIX
  INT02                 0000ffe4   00000002  00000002  00000000  RWIX
  INT03                 0000ffe6   00000002  00000002  00000000  RWIX
  INT04                 0000ffe8   00000002  00000000  00000002  RWIX
  INT05                 0000ffea   00000002  00000002  00000000  RWIX
  INT06                 0000ffec   00000002  00000002  00000000  RWIX
  INT07                 0000ffee   00000002  00000002  00000000  RWIX
  INT08                 0000fff0   00000002  00000002  00000000  RWIX
  INT09                 0000fff2   00000002  00000002  00000000  RWIX
  INT10                 0000fff4   00000002  00000002  00000000  RWIX
  INT11                 0000fff6   00000002  00000002  00000000  RWIX
  INT12                 0000fff8   00000002  00000002  00000000  RWIX
  INT13                 0000fffa   00000002  00000002  00000000  RWIX
  INT14                 0000fffc   00000002  00000002  00000000  RWIX
  RESET                 0000fffe   00000002  00000002  00000000  RWIX


SECTION ALLOCATION MAP

 output                                  attributes/
section   page    origin      length       input sections
--------  ----  ----------  ----------   ----------------
.data      0    00000200    00000014     UNINITIALIZED
                  00000200    00000014     main.obj (.data)

.bss       0    00000214    0000000a     UNINITIALIZED
                  00000214    00000008     (.common:RPM)
                  0000021c    00000002     (.common:pot)

.stack     0    000003b0    00000050     UNINITIALIZED
                  000003b0    00000002     rts430_eabi.lib : boot.obj (.stack)
                  000003b2    0000004e     --HOLE--

.text      0    0000c000    00000b96     
                  0000c000    00000462     rts430_eabi.lib : frcdivd.obj (.text:__TI_frcdivd)
                  0000c462    00000238                     : divd.obj (.text:__mspabi_divd)
                  0000c69a    000000a2                     : fltlid.obj (.text:__mspabi_fltlid)
                  0000c73c    0000008c     main.obj (.text:main)
                  0000c7c8    00000080     rts430_eabi.lib : fltuld.obj (.text:__mspabi_fltuld)
                  0000c848    00000064                     : copy_decompress_rle.obj (.text:__TI_decompress_rle_core)
                  0000c8ac    0000005c                     : lsr32.obj (.text:l_lsr_const)
                  0000c908    00000058                     : autoinit.obj (.text:_auto_init)
                  0000c960    00000054     main.obj (.text:calculate_time)
                  0000c9b4    0000004c     rts430_eabi.lib : lsr16.obj (.text)
                  0000ca00    0000003e                     : asr32.obj (.text:l_asr_const)
                  0000ca3e    0000003e                     : lsl32.obj (.text:l_lsl_const)
                  0000ca7c    0000002c                     : asr16.obj (.text)
                  0000caa8    0000002c                     : lsl16.obj (.text)
                  0000cad4    00000026                     : mult32.obj (.text)
                  0000cafa    0000001a                     : boot_special.obj (.text:_c_int00_noargs_noexit)
                  0000cb14    00000014                     : copy_zero_init.obj (.text:decompress:ZI:__TI_zero_init)
                  0000cb28    00000014                     : mult16.obj (.text)
                  0000cb3c    00000012                     : copy_decompress_none.obj (.text:decompress:none:__TI_decompress_none)
                  0000cb4e    00000012                     : memcpy.obj (.text:memcpy)
                  0000cb60    00000010                     : epilog.obj (.text)
                  0000cb70    0000000c                     : fltid.obj (.text:__mspabi_fltid)
                  0000cb7c    00000006                     : fltud.obj (.text:__mspabi_fltud)
                  0000cb82    00000006                     : isr_trap.obj (.text:_isr:__TI_ISR_TRAP)
                  0000cb88    00000006                     : copy_decompress_rle.obj (.text:decompress:rle24:__TI_decompress_rle24)
                  0000cb8e    00000004                     : pre_init.obj (.text:_system_pre_init)
                  0000cb92    00000004                     : exit.obj (.text:abort)

.cinit     0    0000cb96    00000020     
                  0000cb96    0000000e     (.cinit..data.load) [load image, compression = rle]
                  0000cba4    00000006     (__TI_handler_table)
                  0000cbaa    00000004     (.cinit..bss.load) [load image, compression = zero_init]
                  0000cbae    00000008     (__TI_cinit_table)

.init_array 
*          0    0000c000    00000000     UNINITIALIZED

.TI.persistent 
*          0    00000200    00000000     UNINITIALIZED

TRAPINT    0    0000ffe0    00000002     
                  0000ffe0    00000002     rts430_eabi.lib : int00.obj (.int00)

PORT1      0    0000ffe4    00000002     
                  0000ffe4    00000002     rts430_eabi.lib : int02.obj (.int02)

PORT2      0    0000ffe6    00000002     
                  0000ffe6    00000002     rts430_eabi.lib : int03.obj (.int03)

ADC10      0    0000ffea    00000002     
                  0000ffea    00000002     rts430_eabi.lib : int05.obj (.int05)

USCIAB0TX 
*          0    0000ffec    00000002     
                  0000ffec    00000002     rts430_eabi.lib : int06.obj (.int06)

USCIAB0RX 
*          0    0000ffee    00000002     
                  0000ffee    00000002     rts430_eabi.lib : int07.obj (.int07)

TIMER0_A1 
*          0    0000fff0    00000002     
                  0000fff0    00000002     rts430_eabi.lib : int08.obj (.int08)

TIMER0_A0 
*          0    0000fff2    00000002     
                  0000fff2    00000002     rts430_eabi.lib : int09.obj (.int09)

WDT        0    0000fff4    00000002     
                  0000fff4    00000002     rts430_eabi.lib : int10.obj (.int10)

COMPARATORA 
*          0    0000fff6    00000002     
                  0000fff6    00000002     rts430_eabi.lib : int11.obj (.int11)

TIMER1_A1 
*          0    0000fff8    00000002     
                  0000fff8    00000002     rts430_eabi.lib : int12.obj (.int12)

TIMER1_A0 
*          0    0000fffa    00000002     
                  0000fffa    00000002     rts430_eabi.lib : int13.obj (.int13)

NMI        0    0000fffc    00000002     
                  0000fffc    00000002     rts430_eabi.lib : int14.obj (.int14)

.reset     0    0000fffe    00000002     
                  0000fffe    00000002     rts430_eabi.lib : boot.obj (.reset)


LINKER GENERATED COPY TABLES

__TI_cinit_table @ 0000cbae records: 2, size/record: 4, table size: 8
	.data: load addr=0000cb96, load size=0000000e bytes, run addr=00000200, run size=00000014 bytes, compression=rle
	.bss: load addr=0000cbaa, load size=00000004 bytes, run addr=00000214, run size=0000000a bytes, compression=zero_init


LINKER GENERATED HANDLER TABLE

__TI_handler_table @ 0000cba4 records: 3, size/record: 2, table size: 6
	index: 0, handler: __TI_zero_init
	index: 1, handler: __TI_decompress_rle24
	index: 2, handler: __TI_decompress_none


GLOBAL SYMBOLS: SORTED ALPHABETICALLY BY Name 

address   name                    
-------   ----                    
0000004a  ADC10AE0                
000001b0  ADC10CTL0               
000001b2  ADC10CTL1               
00000048  ADC10DTC0               
00000049  ADC10DTC1               
000001b4  ADC10MEM                
000001bc  ADC10SA                 
00000057  BCSCTL1                 
00000058  BCSCTL2                 
00000053  BCSCTL3                 
0000cb92  C$$EXIT                 
00000059  CACTL1                  
0000005a  CACTL2                  
000010fb  CALBC1_12MHZ            
000010f9  CALBC1_16MHZ            
000010ff  CALBC1_1MHZ             
000010fd  CALBC1_8MHZ             
000010fa  CALDCO_12MHZ            
000010f8  CALDCO_16MHZ            
000010fe  CALDCO_1MHZ             
000010fc  CALDCO_8MHZ             
0000005b  CAPD                    
00000056  DCOCTL                  
00000128  FCTL1                   
0000012a  FCTL2                   
0000012c  FCTL3                   
00000000  IE1                     
00000001  IE2                     
00000002  IFG1                    
00000003  IFG2                    
00000022  P1DIR                   
00000025  P1IE                    
00000024  P1IES                   
00000023  P1IFG                   
00000020  P1IN                    
00000021  P1OUT                   
00000027  P1REN                   
00000026  P1SEL                   
00000041  P1SEL2                  
0000002a  P2DIR                   
0000002d  P2IE                    
0000002c  P2IES                   
0000002b  P2IFG                   
00000028  P2IN                    
00000029  P2OUT                   
0000002f  P2REN                   
0000002e  P2SEL                   
00000042  P2SEL2                  
0000001a  P3DIR                   
00000018  P3IN                    
00000019  P3OUT                   
00000010  P3REN                   
0000001b  P3SEL                   
00000043  P3SEL2                  
00000214  RPM                     
00000200  SLV_data                
00000172  TA0CCR0                 
00000174  TA0CCR1                 
00000176  TA0CCR2                 
00000162  TA0CCTL0                
00000164  TA0CCTL1                
00000166  TA0CCTL2                
00000160  TA0CTL                  
0000012e  TA0IV                   
00000170  TA0R                    
00000192  TA1CCR0                 
00000194  TA1CCR1                 
00000196  TA1CCR2                 
00000182  TA1CCTL0                
00000184  TA1CCTL1                
00000186  TA1CCTL2                
00000180  TA1CTL                  
0000011e  TA1IV                   
00000190  TA1R                    
000010db  TLV_ADC10_1_LEN         
000010da  TLV_ADC10_1_TAG         
000010c0  TLV_CHECKSUM            
000010f7  TLV_DCO_30_LEN          
000010f6  TLV_DCO_30_TAG          
0000005d  UCA0ABCTL               
00000062  UCA0BR0                 
00000063  UCA0BR1                 
00000060  UCA0CTL0                
00000061  UCA0CTL1                
0000005f  UCA0IRRCTL              
0000005e  UCA0IRTCTL              
00000064  UCA0MCTL                
00000066  UCA0RXBUF               
00000065  UCA0STAT                
00000067  UCA0TXBUF               
0000006a  UCB0BR0                 
0000006b  UCB0BR1                 
00000068  UCB0CTL0                
00000069  UCB0CTL1                
0000006c  UCB0I2CIE               
00000118  UCB0I2COA               
0000011a  UCB0I2CSA               
0000006e  UCB0RXBUF               
0000006d  UCB0STAT                
0000006f  UCB0TXBUF               
00000120  WDTCTL                  
00000400  __STACK_END             
00000050  __STACK_SIZE            
0000cbae  __TI_CINIT_Base         
0000cbb6  __TI_CINIT_Limit        
0000cba4  __TI_Handler_Table_Base 
0000cbaa  __TI_Handler_Table_Limit
UNDEFED   __TI_INITARRAY_Base     
UNDEFED   __TI_INITARRAY_Limit    
0000cb82  __TI_ISR_TRAP           
0000cb3c  __TI_decompress_none    
0000cb88  __TI_decompress_rle24   
0000c000  __TI_frcdivd            
0000ffe0  __TI_int00              
0000ffe4  __TI_int02              
0000ffe6  __TI_int03              
0000ffea  __TI_int05              
0000ffec  __TI_int06              
0000ffee  __TI_int07              
0000fff0  __TI_int08              
0000fff2  __TI_int09              
0000fff4  __TI_int10              
0000fff6  __TI_int11              
0000fff8  __TI_int12              
0000fffa  __TI_int13              
0000fffc  __TI_int14              
0000cb14  __TI_zero_init          
ffffffff  __binit__               
ffffffff  __c_args__              
0000c462  __mspabi_divd           
0000cb70  __mspabi_fltid          
0000c69a  __mspabi_fltlid         
0000cb7c  __mspabi_fltud          
0000c7c8  __mspabi_fltuld         
0000cb6c  __mspabi_func_epilog_1  
0000cb6a  __mspabi_func_epilog_2  
0000cb68  __mspabi_func_epilog_3  
0000cb66  __mspabi_func_epilog_4  
0000cb64  __mspabi_func_epilog_5  
0000cb62  __mspabi_func_epilog_6  
0000cb60  __mspabi_func_epilog_7  
0000cb28  __mspabi_mpyi           
0000cb28  __mspabi_mpyi_sw        
0000cad4  __mspabi_mpyl           
0000cad4  __mspabi_mpyl_sw        
0000caa8  __mspabi_slli           
0000cad0  __mspabi_slli_1         
0000cabe  __mspabi_slli_10        
0000cabc  __mspabi_slli_11        
0000caba  __mspabi_slli_12        
0000cab8  __mspabi_slli_13        
0000cab6  __mspabi_slli_14        
0000cab4  __mspabi_slli_15        
0000cace  __mspabi_slli_2         
0000cacc  __mspabi_slli_3         
0000caca  __mspabi_slli_4         
0000cac8  __mspabi_slli_5         
0000cac6  __mspabi_slli_6         
0000cac4  __mspabi_slli_7         
0000cac2  __mspabi_slli_8         
0000cac0  __mspabi_slli_9         
0000ca76  __mspabi_slll_1         
0000ca52  __mspabi_slll_10        
0000ca4e  __mspabi_slll_11        
0000ca4a  __mspabi_slll_12        
0000ca46  __mspabi_slll_13        
0000ca42  __mspabi_slll_14        
0000ca3e  __mspabi_slll_15        
0000ca72  __mspabi_slll_2         
0000ca6e  __mspabi_slll_3         
0000ca6a  __mspabi_slll_4         
0000ca66  __mspabi_slll_5         
0000ca62  __mspabi_slll_6         
0000ca5e  __mspabi_slll_7         
0000ca5a  __mspabi_slll_8         
0000ca56  __mspabi_slll_9         
0000ca7c  __mspabi_srai           
0000caa4  __mspabi_srai_1         
0000ca92  __mspabi_srai_10        
0000ca90  __mspabi_srai_11        
0000ca8e  __mspabi_srai_12        
0000ca8c  __mspabi_srai_13        
0000ca8a  __mspabi_srai_14        
0000ca88  __mspabi_srai_15        
0000caa2  __mspabi_srai_2         
0000caa0  __mspabi_srai_3         
0000ca9e  __mspabi_srai_4         
0000ca9c  __mspabi_srai_5         
0000ca9a  __mspabi_srai_6         
0000ca98  __mspabi_srai_7         
0000ca96  __mspabi_srai_8         
0000ca94  __mspabi_srai_9         
0000ca38  __mspabi_sral_1         
0000ca14  __mspabi_sral_10        
0000ca10  __mspabi_sral_11        
0000ca0c  __mspabi_sral_12        
0000ca08  __mspabi_sral_13        
0000ca04  __mspabi_sral_14        
0000ca00  __mspabi_sral_15        
0000ca34  __mspabi_sral_2         
0000ca30  __mspabi_sral_3         
0000ca2c  __mspabi_sral_4         
0000ca28  __mspabi_sral_5         
0000ca24  __mspabi_sral_6         
0000ca20  __mspabi_sral_7         
0000ca1c  __mspabi_sral_8         
0000ca18  __mspabi_sral_9         
0000c9b4  __mspabi_srli           
0000c9fa  __mspabi_srli_1         
0000c9d6  __mspabi_srli_10        
0000c9d2  __mspabi_srli_11        
0000c9ce  __mspabi_srli_12        
0000c9ca  __mspabi_srli_13        
0000c9c6  __mspabi_srli_14        
0000c9c2  __mspabi_srli_15        
0000c9f6  __mspabi_srli_2         
0000c9f2  __mspabi_srli_3         
0000c9ee  __mspabi_srli_4         
0000c9ea  __mspabi_srli_5         
0000c9e6  __mspabi_srli_6         
0000c9e2  __mspabi_srli_7         
0000c9de  __mspabi_srli_8         
0000c9da  __mspabi_srli_9         
0000c900  __mspabi_srll_1         
0000c8ca  __mspabi_srll_10        
0000c8c4  __mspabi_srll_11        
0000c8be  __mspabi_srll_12        
0000c8b8  __mspabi_srll_13        
0000c8b2  __mspabi_srll_14        
0000c8ac  __mspabi_srll_15        
0000c8fa  __mspabi_srll_2         
0000c8f4  __mspabi_srll_3         
0000c8ee  __mspabi_srll_4         
0000c8e8  __mspabi_srll_5         
0000c8e2  __mspabi_srll_6         
0000c8dc  __mspabi_srll_7         
0000c8d6  __mspabi_srll_8         
0000c8d0  __mspabi_srll_9         
0000c908  _auto_init              
0000cafa  _c_int00_noargs_noexit  
0000fffe  _reset_vector           
000003b0  _stack                  
0000cb8e  _system_pre_init        
0000cb92  abort                   
00000204  betweenBytes            
ffffffff  binit                   
00000202  byteNum                 
0000c960  calculate_time          
0000020a  cyclespersec            
0000020c  end_time_value          
0000c73c  main                    
0000cb4e  memcpy                  
00000206  num                     
0000021c  pot                     
00000208  timertimeytime          


GLOBAL SYMBOLS: SORTED BY Symbol Address 

address   name                    
-------   ----                    
00000000  IE1                     
00000001  IE2                     
00000002  IFG1                    
00000003  IFG2                    
00000010  P3REN                   
00000018  P3IN                    
00000019  P3OUT                   
0000001a  P3DIR                   
0000001b  P3SEL                   
00000020  P1IN                    
00000021  P1OUT                   
00000022  P1DIR                   
00000023  P1IFG                   
00000024  P1IES                   
00000025  P1IE                    
00000026  P1SEL                   
00000027  P1REN                   
00000028  P2IN                    
00000029  P2OUT                   
0000002a  P2DIR                   
0000002b  P2IFG                   
0000002c  P2IES                   
0000002d  P2IE                    
0000002e  P2SEL                   
0000002f  P2REN                   
00000041  P1SEL2                  
00000042  P2SEL2                  
00000043  P3SEL2                  
00000048  ADC10DTC0               
00000049  ADC10DTC1               
0000004a  ADC10AE0                
00000050  __STACK_SIZE            
00000053  BCSCTL3                 
00000056  DCOCTL                  
00000057  BCSCTL1                 
00000058  BCSCTL2                 
00000059  CACTL1                  
0000005a  CACTL2                  
0000005b  CAPD                    
0000005d  UCA0ABCTL               
0000005e  UCA0IRTCTL              
0000005f  UCA0IRRCTL              
00000060  UCA0CTL0                
00000061  UCA0CTL1                
00000062  UCA0BR0                 
00000063  UCA0BR1                 
00000064  UCA0MCTL                
00000065  UCA0STAT                
00000066  UCA0RXBUF               
00000067  UCA0TXBUF               
00000068  UCB0CTL0                
00000069  UCB0CTL1                
0000006a  UCB0BR0                 
0000006b  UCB0BR1                 
0000006c  UCB0I2CIE               
0000006d  UCB0STAT                
0000006e  UCB0RXBUF               
0000006f  UCB0TXBUF               
00000118  UCB0I2COA               
0000011a  UCB0I2CSA               
0000011e  TA1IV                   
00000120  WDTCTL                  
00000128  FCTL1                   
0000012a  FCTL2                   
0000012c  FCTL3                   
0000012e  TA0IV                   
00000160  TA0CTL                  
00000162  TA0CCTL0                
00000164  TA0CCTL1                
00000166  TA0CCTL2                
00000170  TA0R                    
00000172  TA0CCR0                 
00000174  TA0CCR1                 
00000176  TA0CCR2                 
00000180  TA1CTL                  
00000182  TA1CCTL0                
00000184  TA1CCTL1                
00000186  TA1CCTL2                
00000190  TA1R                    
00000192  TA1CCR0                 
00000194  TA1CCR1                 
00000196  TA1CCR2                 
000001b0  ADC10CTL0               
000001b2  ADC10CTL1               
000001b4  ADC10MEM                
000001bc  ADC10SA                 
00000200  SLV_data                
00000202  byteNum                 
00000204  betweenBytes            
00000206  num                     
00000208  timertimeytime          
0000020a  cyclespersec            
0000020c  end_time_value          
00000214  RPM                     
0000021c  pot                     
000003b0  _stack                  
00000400  __STACK_END             
000010c0  TLV_CHECKSUM            
000010da  TLV_ADC10_1_TAG         
000010db  TLV_ADC10_1_LEN         
000010f6  TLV_DCO_30_TAG          
000010f7  TLV_DCO_30_LEN          
000010f8  CALDCO_16MHZ            
000010f9  CALBC1_16MHZ            
000010fa  CALDCO_12MHZ            
000010fb  CALBC1_12MHZ            
000010fc  CALDCO_8MHZ             
000010fd  CALBC1_8MHZ             
000010fe  CALDCO_1MHZ             
000010ff  CALBC1_1MHZ             
0000c000  __TI_frcdivd            
0000c462  __mspabi_divd           
0000c69a  __mspabi_fltlid         
0000c73c  main                    
0000c7c8  __mspabi_fltuld         
0000c8ac  __mspabi_srll_15        
0000c8b2  __mspabi_srll_14        
0000c8b8  __mspabi_srll_13        
0000c8be  __mspabi_srll_12        
0000c8c4  __mspabi_srll_11        
0000c8ca  __mspabi_srll_10        
0000c8d0  __mspabi_srll_9         
0000c8d6  __mspabi_srll_8         
0000c8dc  __mspabi_srll_7         
0000c8e2  __mspabi_srll_6         
0000c8e8  __mspabi_srll_5         
0000c8ee  __mspabi_srll_4         
0000c8f4  __mspabi_srll_3         
0000c8fa  __mspabi_srll_2         
0000c900  __mspabi_srll_1         
0000c908  _auto_init              
0000c960  calculate_time          
0000c9b4  __mspabi_srli           
0000c9c2  __mspabi_srli_15        
0000c9c6  __mspabi_srli_14        
0000c9ca  __mspabi_srli_13        
0000c9ce  __mspabi_srli_12        
0000c9d2  __mspabi_srli_11        
0000c9d6  __mspabi_srli_10        
0000c9da  __mspabi_srli_9         
0000c9de  __mspabi_srli_8         
0000c9e2  __mspabi_srli_7         
0000c9e6  __mspabi_srli_6         
0000c9ea  __mspabi_srli_5         
0000c9ee  __mspabi_srli_4         
0000c9f2  __mspabi_srli_3         
0000c9f6  __mspabi_srli_2         
0000c9fa  __mspabi_srli_1         
0000ca00  __mspabi_sral_15        
0000ca04  __mspabi_sral_14        
0000ca08  __mspabi_sral_13        
0000ca0c  __mspabi_sral_12        
0000ca10  __mspabi_sral_11        
0000ca14  __mspabi_sral_10        
0000ca18  __mspabi_sral_9         
0000ca1c  __mspabi_sral_8         
0000ca20  __mspabi_sral_7         
0000ca24  __mspabi_sral_6         
0000ca28  __mspabi_sral_5         
0000ca2c  __mspabi_sral_4         
0000ca30  __mspabi_sral_3         
0000ca34  __mspabi_sral_2         
0000ca38  __mspabi_sral_1         
0000ca3e  __mspabi_slll_15        
0000ca42  __mspabi_slll_14        
0000ca46  __mspabi_slll_13        
0000ca4a  __mspabi_slll_12        
0000ca4e  __mspabi_slll_11        
0000ca52  __mspabi_slll_10        
0000ca56  __mspabi_slll_9         
0000ca5a  __mspabi_slll_8         
0000ca5e  __mspabi_slll_7         
0000ca62  __mspabi_slll_6         
0000ca66  __mspabi_slll_5         
0000ca6a  __mspabi_slll_4         
0000ca6e  __mspabi_slll_3         
0000ca72  __mspabi_slll_2         
0000ca76  __mspabi_slll_1         
0000ca7c  __mspabi_srai           
0000ca88  __mspabi_srai_15        
0000ca8a  __mspabi_srai_14        
0000ca8c  __mspabi_srai_13        
0000ca8e  __mspabi_srai_12        
0000ca90  __mspabi_srai_11        
0000ca92  __mspabi_srai_10        
0000ca94  __mspabi_srai_9         
0000ca96  __mspabi_srai_8         
0000ca98  __mspabi_srai_7         
0000ca9a  __mspabi_srai_6         
0000ca9c  __mspabi_srai_5         
0000ca9e  __mspabi_srai_4         
0000caa0  __mspabi_srai_3         
0000caa2  __mspabi_srai_2         
0000caa4  __mspabi_srai_1         
0000caa8  __mspabi_slli           
0000cab4  __mspabi_slli_15        
0000cab6  __mspabi_slli_14        
0000cab8  __mspabi_slli_13        
0000caba  __mspabi_slli_12        
0000cabc  __mspabi_slli_11        
0000cabe  __mspabi_slli_10        
0000cac0  __mspabi_slli_9         
0000cac2  __mspabi_slli_8         
0000cac4  __mspabi_slli_7         
0000cac6  __mspabi_slli_6         
0000cac8  __mspabi_slli_5         
0000caca  __mspabi_slli_4         
0000cacc  __mspabi_slli_3         
0000cace  __mspabi_slli_2         
0000cad0  __mspabi_slli_1         
0000cad4  __mspabi_mpyl           
0000cad4  __mspabi_mpyl_sw        
0000cafa  _c_int00_noargs_noexit  
0000cb14  __TI_zero_init          
0000cb28  __mspabi_mpyi           
0000cb28  __mspabi_mpyi_sw        
0000cb3c  __TI_decompress_none    
0000cb4e  memcpy                  
0000cb60  __mspabi_func_epilog_7  
0000cb62  __mspabi_func_epilog_6  
0000cb64  __mspabi_func_epilog_5  
0000cb66  __mspabi_func_epilog_4  
0000cb68  __mspabi_func_epilog_3  
0000cb6a  __mspabi_func_epilog_2  
0000cb6c  __mspabi_func_epilog_1  
0000cb70  __mspabi_fltid          
0000cb7c  __mspabi_fltud          
0000cb82  __TI_ISR_TRAP           
0000cb88  __TI_decompress_rle24   
0000cb8e  _system_pre_init        
0000cb92  C$$EXIT                 
0000cb92  abort                   
0000cba4  __TI_Handler_Table_Base 
0000cbaa  __TI_Handler_Table_Limit
0000cbae  __TI_CINIT_Base         
0000cbb6  __TI_CINIT_Limit        
0000ffe0  __TI_int00              
0000ffe4  __TI_int02              
0000ffe6  __TI_int03              
0000ffea  __TI_int05              
0000ffec  __TI_int06              
0000ffee  __TI_int07              
0000fff0  __TI_int08              
0000fff2  __TI_int09              
0000fff4  __TI_int10              
0000fff6  __TI_int11              
0000fff8  __TI_int12              
0000fffa  __TI_int13              
0000fffc  __TI_int14              
0000fffe  _reset_vector           
ffffffff  __binit__               
ffffffff  __c_args__              
ffffffff  binit                   
UNDEFED   __TI_INITARRAY_Base     
UNDEFED   __TI_INITARRAY_Limit    

[255 symbols]
