<?xml version="1.0"?>
<link_info>
   <banner>TI ARM Linker PC v5.1.6</banner>
   <copyright>Copyright (c) 1996-2014 Texas Instruments Incorporated</copyright>
   <link_time>0x54c303fc</link_time>
   <link_errors>0x0</link_errors>
   <output_file>Hercules Master Test.out</output_file>
   <entry_point>
      <name>_c_int00</name>
      <address>0x4ea0</address>
   </entry_point>
   <input_file_list>
      <input_file id="fl-2">
         <path>.\source\</path>
         <kind>object</kind>
         <file>dabort.obj</file>
         <name>dabort.obj</name>
      </input_file>
      <input_file id="fl-3">
         <path>.\source\</path>
         <kind>object</kind>
         <file>esm.obj</file>
         <name>esm.obj</name>
      </input_file>
      <input_file id="fl-4">
         <path>.\source\</path>
         <kind>object</kind>
         <file>gio.obj</file>
         <name>gio.obj</name>
      </input_file>
      <input_file id="fl-5">
         <path>.\source\</path>
         <kind>object</kind>
         <file>notification.obj</file>
         <name>notification.obj</name>
      </input_file>
      <input_file id="fl-6">
         <path>.\source\</path>
         <kind>object</kind>
         <file>pinmux.obj</file>
         <name>pinmux.obj</name>
      </input_file>
      <input_file id="fl-7">
         <path>.\source\</path>
         <kind>object</kind>
         <file>spi.obj</file>
         <name>spi.obj</name>
      </input_file>
      <input_file id="fl-8">
         <path>.\source\</path>
         <kind>object</kind>
         <file>sys_core.obj</file>
         <name>sys_core.obj</name>
      </input_file>
      <input_file id="fl-9">
         <path>.\source\</path>
         <kind>object</kind>
         <file>sys_intvecs.obj</file>
         <name>sys_intvecs.obj</name>
      </input_file>
      <input_file id="fl-a">
         <path>.\source\</path>
         <kind>object</kind>
         <file>sys_main.obj</file>
         <name>sys_main.obj</name>
      </input_file>
      <input_file id="fl-b">
         <path>.\source\</path>
         <kind>object</kind>
         <file>sys_mpu.obj</file>
         <name>sys_mpu.obj</name>
      </input_file>
      <input_file id="fl-c">
         <path>.\source\</path>
         <kind>object</kind>
         <file>sys_pcr.obj</file>
         <name>sys_pcr.obj</name>
      </input_file>
      <input_file id="fl-d">
         <path>.\source\</path>
         <kind>object</kind>
         <file>sys_phantom.obj</file>
         <name>sys_phantom.obj</name>
      </input_file>
      <input_file id="fl-e">
         <path>.\source\</path>
         <kind>object</kind>
         <file>sys_pmu.obj</file>
         <name>sys_pmu.obj</name>
      </input_file>
      <input_file id="fl-f">
         <path>.\source\</path>
         <kind>object</kind>
         <file>sys_selftest.obj</file>
         <name>sys_selftest.obj</name>
      </input_file>
      <input_file id="fl-10">
         <path>.\source\</path>
         <kind>object</kind>
         <file>sys_startup.obj</file>
         <name>sys_startup.obj</name>
      </input_file>
      <input_file id="fl-11">
         <path>.\source\</path>
         <kind>object</kind>
         <file>sys_vim.obj</file>
         <name>sys_vim.obj</name>
      </input_file>
      <input_file id="fl-12">
         <path>.\source\</path>
         <kind>object</kind>
         <file>system.obj</file>
         <name>system.obj</name>
      </input_file>
      <input_file id="fl-13f">
         <path>c:\ti\ccsv6\tools\compiler\arm_5.1.6\lib\</path>
         <kind>archive</kind>
         <file>rtsv7R4_A_be_eabi.lib</file>
         <name>auto_init.obj</name>
      </input_file>
      <input_file id="fl-140">
         <path>c:\ti\ccsv6\tools\compiler\arm_5.1.6\lib\</path>
         <kind>archive</kind>
         <file>rtsv7R4_A_be_eabi.lib</file>
         <name>copy_decompress_none.obj</name>
      </input_file>
      <input_file id="fl-141">
         <path>c:\ti\ccsv6\tools\compiler\arm_5.1.6\lib\</path>
         <kind>archive</kind>
         <file>rtsv7R4_A_be_eabi.lib</file>
         <name>copy_decompress_rle.obj</name>
      </input_file>
      <input_file id="fl-142">
         <path>c:\ti\ccsv6\tools\compiler\arm_5.1.6\lib\</path>
         <kind>archive</kind>
         <file>rtsv7R4_A_be_eabi.lib</file>
         <name>copy_zero_init.obj</name>
      </input_file>
      <input_file id="fl-143">
         <path>c:\ti\ccsv6\tools\compiler\arm_5.1.6\lib\</path>
         <kind>archive</kind>
         <file>rtsv7R4_A_be_eabi.lib</file>
         <name>cpy_tbl.obj</name>
      </input_file>
      <input_file id="fl-144">
         <path>c:\ti\ccsv6\tools\compiler\arm_5.1.6\lib\</path>
         <kind>archive</kind>
         <file>rtsv7R4_A_be_eabi.lib</file>
         <name>exit.obj</name>
      </input_file>
      <input_file id="fl-145">
         <path>c:\ti\ccsv6\tools\compiler\arm_5.1.6\lib\</path>
         <kind>archive</kind>
         <file>rtsv7R4_A_be_eabi.lib</file>
         <name>memcpy32.obj</name>
      </input_file>
      <input_file id="fl-146">
         <path>c:\ti\ccsv6\tools\compiler\arm_5.1.6\lib\</path>
         <kind>archive</kind>
         <file>rtsv7R4_A_be_eabi.lib</file>
         <name>_lock.obj</name>
      </input_file>
   </input_file_list>
   <object_component_list>
      <object_component id="oc-2c">
         <name>.intvecs</name>
         <load_address>0x0</load_address>
         <run_address>0x0</run_address>
         <size>0x20</size>
         <input_file_ref idref="fl-9"/>
      </object_component>
      <object_component id="oc-4e">
         <name>.text</name>
         <load_address>0x20</load_address>
         <run_address>0x20</run_address>
         <size>0x24dc</size>
         <input_file_ref idref="fl-f"/>
      </object_component>
      <object_component id="oc-cc">
         <name>.text</name>
         <load_address>0x24fc</load_address>
         <run_address>0x24fc</run_address>
         <size>0xad8</size>
         <input_file_ref idref="fl-7"/>
      </object_component>
      <object_component id="oc-48">
         <name>.text</name>
         <load_address>0x2fd4</load_address>
         <run_address>0x2fd4</run_address>
         <size>0xa64</size>
         <input_file_ref idref="fl-12"/>
      </object_component>
      <object_component id="oc-38">
         <name>.text</name>
         <load_address>0x3a38</load_address>
         <run_address>0x3a38</run_address>
         <size>0x890</size>
         <input_file_ref idref="fl-11"/>
      </object_component>
      <object_component id="oc-54">
         <name>.text</name>
         <load_address>0x42c8</load_address>
         <run_address>0x42c8</run_address>
         <size>0x62c</size>
         <input_file_ref idref="fl-3"/>
      </object_component>
      <object_component id="oc-43">
         <name>.text</name>
         <load_address>0x48f4</load_address>
         <run_address>0x48f4</run_address>
         <size>0x340</size>
         <input_file_ref idref="fl-8"/>
      </object_component>
      <object_component id="oc-37">
         <name>.text:retain</name>
         <load_address>0x4c34</load_address>
         <run_address>0x4c34</run_address>
         <size>0x26c</size>
         <input_file_ref idref="fl-11"/>
      </object_component>
      <object_component id="oc-b">
         <name>.text:retain</name>
         <load_address>0x4ea0</load_address>
         <run_address>0x4ea0</run_address>
         <size>0x200</size>
         <input_file_ref idref="fl-10"/>
      </object_component>
      <object_component id="oc-6c">
         <name>.text</name>
         <load_address>0x50a0</load_address>
         <run_address>0x50a0</run_address>
         <size>0x180</size>
         <input_file_ref idref="fl-145"/>
      </object_component>
      <object_component id="oc-af">
         <name>.text</name>
         <load_address>0x5220</load_address>
         <run_address>0x5220</run_address>
         <size>0x150</size>
         <input_file_ref idref="fl-6"/>
      </object_component>
      <object_component id="oc-23">
         <name>.text:retain</name>
         <load_address>0x5370</load_address>
         <run_address>0x5370</run_address>
         <size>0x130</size>
         <input_file_ref idref="fl-3"/>
      </object_component>
      <object_component id="oc-b7">
         <name>.text</name>
         <load_address>0x54a0</load_address>
         <run_address>0x54a0</run_address>
         <size>0x114</size>
         <input_file_ref idref="fl-e"/>
      </object_component>
      <object_component id="oc-9b">
         <name>.text</name>
         <load_address>0x55b4</load_address>
         <run_address>0x55b4</run_address>
         <size>0xe8</size>
         <input_file_ref idref="fl-2"/>
      </object_component>
      <object_component id="oc-5a">
         <name>.text</name>
         <load_address>0x569c</load_address>
         <run_address>0x569c</run_address>
         <size>0xd4</size>
         <input_file_ref idref="fl-13f"/>
      </object_component>
      <object_component id="oc-7f">
         <name>.text</name>
         <load_address>0x5770</load_address>
         <run_address>0x5770</run_address>
         <size>0x98</size>
         <input_file_ref idref="fl-141"/>
      </object_component>
      <object_component id="oc-8c">
         <name>.text</name>
         <load_address>0x5808</load_address>
         <run_address>0x5808</run_address>
         <size>0x90</size>
         <input_file_ref idref="fl-5"/>
      </object_component>
      <object_component id="oc-c5">
         <name>.text</name>
         <load_address>0x5898</load_address>
         <run_address>0x5898</run_address>
         <size>0x80</size>
         <input_file_ref idref="fl-143"/>
      </object_component>
      <object_component id="oc-65">
         <name>.text</name>
         <load_address>0x5918</load_address>
         <run_address>0x5918</run_address>
         <size>0x78</size>
         <input_file_ref idref="fl-144"/>
      </object_component>
      <object_component id="oc-5f">
         <name>.text</name>
         <load_address>0x5990</load_address>
         <run_address>0x5990</run_address>
         <size>0x78</size>
         <input_file_ref idref="fl-a"/>
      </object_component>
      <object_component id="oc-183">
         <name>.text</name>
         <load_address>0x5a08</load_address>
         <run_address>0x5a08</run_address>
         <size>0x24</size>
         <input_file_ref idref="fl-146"/>
      </object_component>
      <object_component id="oc-17">
         <name>.text:decompress:ZI</name>
         <load_address>0x5a2c</load_address>
         <run_address>0x5a2c</run_address>
         <size>0x20</size>
         <input_file_ref idref="fl-142"/>
      </object_component>
      <object_component id="oc-11">
         <name>.text:decompress:none</name>
         <load_address>0x5a4c</load_address>
         <run_address>0x5a4c</run_address>
         <size>0x14</size>
         <input_file_ref idref="fl-140"/>
      </object_component>
      <object_component id="oc-1d">
         <name>.text:decompress:rle24</name>
         <load_address>0x5a60</load_address>
         <run_address>0x5a60</run_address>
         <size>0x8</size>
         <input_file_ref idref="fl-141"/>
      </object_component>
      <object_component id="oc-31">
         <name>.text:retain</name>
         <load_address>0x5a68</load_address>
         <run_address>0x5a68</run_address>
         <size>0x4</size>
         <input_file_ref idref="fl-d"/>
      </object_component>
      <object_component id="oc-29">
         <name>.const:s_vim_init</name>
         <load_address>0x5a6c</load_address>
         <run_address>0x5a6c</run_address>
         <size>0x180</size>
         <input_file_ref idref="fl-11"/>
      </object_component>
      <object_component id="oc-d2">
         <name>.const</name>
         <load_address>0x5bec</load_address>
         <run_address>0x5bec</run_address>
         <size>0x4</size>
         <input_file_ref idref="fl-a"/>
      </object_component>
      <object_component id="oc-1d9">
         <name>.cinit..data.load</name>
         <load_address>0x5bf0</load_address>
         <run_address>0x5bf0</run_address>
         <size>0x11</size>
      </object_component>
      <object_component id="oc-1d6">
         <name>__TI_handler_table</name>
         <load_address>0x5c04</load_address>
         <run_address>0x5c04</run_address>
         <size>0xc</size>
      </object_component>
      <object_component id="oc-1d8">
         <name>.cinit..bss.load</name>
         <load_address>0x5c10</load_address>
         <run_address>0x5c10</run_address>
         <size>0x8</size>
      </object_component>
      <object_component id="oc-1d7">
         <name>__TI_cinit_table</name>
         <load_address>0x5c18</load_address>
         <run_address>0x5c18</run_address>
         <size>0x10</size>
      </object_component>
      <object_component id="oc-175">
         <name>.bss:g_spiPacket_t</name>
         <uninitialized>true</uninitialized>
         <run_address>0x8001500</run_address>
         <size>0x48</size>
         <input_file_ref idref="fl-7"/>
      </object_component>
      <object_component id="oc-e1">
         <name>.data</name>
         <load_address>0x8001548</load_address>
         <run_address>0x8001548</run_address>
         <size>0x8</size>
         <input_file_ref idref="fl-146"/>
      </object_component>
      <object_component id="oc-e4">
         <name>.data</name>
         <load_address>0x8001550</load_address>
         <run_address>0x8001550</run_address>
         <size>0x8</size>
         <input_file_ref idref="fl-144"/>
      </object_component>
      <object_component id="oc-c">
         <name>.debug_info</name>
         <load_address>0x0</load_address>
         <run_address>0x0</run_address>
         <size>0x4c6</size>
         <input_file_ref idref="fl-10"/>
      </object_component>
      <object_component id="oc-15">
         <name>.debug_info</name>
         <load_address>0x4c6</load_address>
         <run_address>0x4c6</run_address>
         <size>0x1a9</size>
         <input_file_ref idref="fl-140"/>
      </object_component>
      <object_component id="oc-19">
         <name>.debug_info</name>
         <load_address>0x66f</load_address>
         <run_address>0x66f</run_address>
         <size>0x17f</size>
         <input_file_ref idref="fl-142"/>
      </object_component>
      <object_component id="oc-21">
         <name>.debug_info</name>
         <load_address>0x7ee</load_address>
         <run_address>0x7ee</run_address>
         <size>0x1a3</size>
         <input_file_ref idref="fl-141"/>
      </object_component>
      <object_component id="oc-24">
         <name>.debug_info</name>
         <load_address>0x991</load_address>
         <run_address>0x991</run_address>
         <size>0x1a0</size>
         <input_file_ref idref="fl-3"/>
      </object_component>
      <object_component id="oc-2a">
         <name>.debug_info</name>
         <load_address>0xb31</load_address>
         <run_address>0xb31</run_address>
         <size>0xdd</size>
         <input_file_ref idref="fl-11"/>
      </object_component>
      <object_component id="oc-2d">
         <name>.debug_info</name>
         <load_address>0xc0e</load_address>
         <run_address>0xc0e</run_address>
         <size>0x109</size>
         <input_file_ref idref="fl-9"/>
      </object_component>
      <object_component id="oc-32">
         <name>.debug_info</name>
         <load_address>0xd17</load_address>
         <run_address>0xd17</run_address>
         <size>0x135</size>
         <input_file_ref idref="fl-d"/>
      </object_component>
      <object_component id="oc-39">
         <name>.debug_info</name>
         <load_address>0xe4c</load_address>
         <run_address>0xe4c</run_address>
         <size>0x46f</size>
         <input_file_ref idref="fl-11"/>
      </object_component>
      <object_component id="oc-3e">
         <name>.debug_info</name>
         <load_address>0x12bb</load_address>
         <run_address>0x12bb</run_address>
         <size>0x1f8</size>
         <input_file_ref idref="fl-11"/>
      </object_component>
      <object_component id="oc-44">
         <name>.debug_info</name>
         <load_address>0x14b3</load_address>
         <run_address>0x14b3</run_address>
         <size>0x7ba</size>
         <input_file_ref idref="fl-8"/>
      </object_component>
      <object_component id="oc-49">
         <name>.debug_info</name>
         <load_address>0x1c6d</load_address>
         <run_address>0x1c6d</run_address>
         <size>0x72e</size>
         <input_file_ref idref="fl-12"/>
      </object_component>
      <object_component id="oc-4f">
         <name>.debug_info</name>
         <load_address>0x239b</load_address>
         <run_address>0x239b</run_address>
         <size>0x27fa</size>
         <input_file_ref idref="fl-f"/>
      </object_component>
      <object_component id="oc-55">
         <name>.debug_info</name>
         <load_address>0x4b95</load_address>
         <run_address>0x4b95</run_address>
         <size>0xb66</size>
         <input_file_ref idref="fl-3"/>
      </object_component>
      <object_component id="oc-5d">
         <name>.debug_info</name>
         <load_address>0x56fb</load_address>
         <run_address>0x56fb</run_address>
         <size>0x155</size>
         <input_file_ref idref="fl-13f"/>
      </object_component>
      <object_component id="oc-60">
         <name>.debug_info</name>
         <load_address>0x5850</load_address>
         <run_address>0x5850</run_address>
         <size>0x18b</size>
         <input_file_ref idref="fl-a"/>
      </object_component>
      <object_component id="oc-69">
         <name>.debug_info</name>
         <load_address>0x59db</load_address>
         <run_address>0x59db</run_address>
         <size>0x1d7</size>
         <input_file_ref idref="fl-144"/>
      </object_component>
      <object_component id="oc-6f">
         <name>.debug_info</name>
         <load_address>0x5bb2</load_address>
         <run_address>0x5bb2</run_address>
         <size>0x14c</size>
         <input_file_ref idref="fl-145"/>
      </object_component>
      <object_component id="oc-72">
         <name>.debug_info</name>
         <load_address>0x5cfe</load_address>
         <run_address>0x5cfe</run_address>
         <size>0x46</size>
         <input_file_ref idref="fl-140"/>
      </object_component>
      <object_component id="oc-77">
         <name>.debug_info</name>
         <load_address>0x5d44</load_address>
         <run_address>0x5d44</run_address>
         <size>0x107</size>
         <input_file_ref idref="fl-140"/>
      </object_component>
      <object_component id="oc-79">
         <name>.debug_info</name>
         <load_address>0x5e4b</load_address>
         <run_address>0x5e4b</run_address>
         <size>0x46</size>
         <input_file_ref idref="fl-142"/>
      </object_component>
      <object_component id="oc-7e">
         <name>.debug_info</name>
         <load_address>0x5e91</load_address>
         <run_address>0x5e91</run_address>
         <size>0xc2</size>
         <input_file_ref idref="fl-142"/>
      </object_component>
      <object_component id="oc-81">
         <name>.debug_info</name>
         <load_address>0x5f53</load_address>
         <run_address>0x5f53</run_address>
         <size>0x204</size>
         <input_file_ref idref="fl-141"/>
      </object_component>
      <object_component id="oc-86">
         <name>.debug_info</name>
         <load_address>0x6157</load_address>
         <run_address>0x6157</run_address>
         <size>0xcc</size>
         <input_file_ref idref="fl-141"/>
      </object_component>
      <object_component id="oc-87">
         <name>.debug_info</name>
         <load_address>0x6223</load_address>
         <run_address>0x6223</run_address>
         <size>0x39</size>
         <input_file_ref idref="fl-141"/>
      </object_component>
      <object_component id="oc-8d">
         <name>.debug_info</name>
         <load_address>0x625c</load_address>
         <run_address>0x625c</run_address>
         <size>0x6ca</size>
         <input_file_ref idref="fl-5"/>
      </object_component>
      <object_component id="oc-93">
         <name>.debug_info</name>
         <load_address>0x6926</load_address>
         <run_address>0x6926</run_address>
         <size>0xae</size>
         <input_file_ref idref="fl-3"/>
      </object_component>
      <object_component id="oc-9a">
         <name>.debug_info</name>
         <load_address>0x69d4</load_address>
         <run_address>0x69d4</run_address>
         <size>0x290</size>
         <input_file_ref idref="fl-11"/>
      </object_component>
      <object_component id="oc-9c">
         <name>.debug_info</name>
         <load_address>0x6c64</load_address>
         <run_address>0x6c64</run_address>
         <size>0x101</size>
         <input_file_ref idref="fl-2"/>
      </object_component>
      <object_component id="oc-a3">
         <name>.debug_info</name>
         <load_address>0x6d65</load_address>
         <run_address>0x6d65</run_address>
         <size>0x18c</size>
         <input_file_ref idref="fl-3"/>
      </object_component>
      <object_component id="oc-a8">
         <name>.debug_info</name>
         <load_address>0x6ef1</load_address>
         <run_address>0x6ef1</run_address>
         <size>0x86</size>
         <input_file_ref idref="fl-3"/>
      </object_component>
      <object_component id="oc-b0">
         <name>.debug_info</name>
         <load_address>0x6f77</load_address>
         <run_address>0x6f77</run_address>
         <size>0x1de</size>
         <input_file_ref idref="fl-6"/>
      </object_component>
      <object_component id="oc-b6">
         <name>.debug_info</name>
         <load_address>0x7155</load_address>
         <run_address>0x7155</run_address>
         <size>0x360</size>
         <input_file_ref idref="fl-12"/>
      </object_component>
      <object_component id="oc-b8">
         <name>.debug_info</name>
         <load_address>0x74b5</load_address>
         <run_address>0x74b5</run_address>
         <size>0x37f</size>
         <input_file_ref idref="fl-e"/>
      </object_component>
      <object_component id="oc-bd">
         <name>.debug_info</name>
         <load_address>0x7834</load_address>
         <run_address>0x7834</run_address>
         <size>0x4b4</size>
         <input_file_ref idref="fl-f"/>
      </object_component>
      <object_component id="oc-bf">
         <name>.debug_info</name>
         <load_address>0x7ce8</load_address>
         <run_address>0x7ce8</run_address>
         <size>0x129</size>
         <input_file_ref idref="fl-3"/>
      </object_component>
      <object_component id="oc-c4">
         <name>.debug_info</name>
         <load_address>0x7e11</load_address>
         <run_address>0x7e11</run_address>
         <size>0x169</size>
         <input_file_ref idref="fl-3"/>
      </object_component>
      <object_component id="oc-c6">
         <name>.debug_info</name>
         <load_address>0x7f7a</load_address>
         <run_address>0x7f7a</run_address>
         <size>0x160</size>
         <input_file_ref idref="fl-143"/>
      </object_component>
      <object_component id="oc-cd">
         <name>.debug_info</name>
         <load_address>0x80da</load_address>
         <run_address>0x80da</run_address>
         <size>0xf71</size>
         <input_file_ref idref="fl-7"/>
      </object_component>
      <object_component id="oc-d3">
         <name>.debug_info</name>
         <load_address>0x904b</load_address>
         <run_address>0x904b</run_address>
         <size>0xd8</size>
         <input_file_ref idref="fl-a"/>
      </object_component>
      <object_component id="oc-d6">
         <name>.debug_info</name>
         <load_address>0x9123</load_address>
         <run_address>0x9123</run_address>
         <size>0x375</size>
         <input_file_ref idref="fl-5"/>
      </object_component>
      <object_component id="oc-db">
         <name>.debug_info</name>
         <load_address>0x9498</load_address>
         <run_address>0x9498</run_address>
         <size>0x182</size>
         <input_file_ref idref="fl-a"/>
      </object_component>
      <object_component id="oc-dc">
         <name>.debug_info</name>
         <load_address>0x961a</load_address>
         <run_address>0x961a</run_address>
         <size>0x18b</size>
         <input_file_ref idref="fl-3"/>
      </object_component>
      <object_component id="oc-e2">
         <name>.debug_info</name>
         <load_address>0x97a5</load_address>
         <run_address>0x97a5</run_address>
         <size>0xdd</size>
         <input_file_ref idref="fl-146"/>
      </object_component>
      <object_component id="oc-e5">
         <name>.debug_info</name>
         <load_address>0x9882</load_address>
         <run_address>0x9882</run_address>
         <size>0x100</size>
         <input_file_ref idref="fl-144"/>
      </object_component>
      <object_component id="oc-e8">
         <name>.debug_info</name>
         <load_address>0x9982</load_address>
         <run_address>0x9982</run_address>
         <size>0x84</size>
         <input_file_ref idref="fl-3"/>
      </object_component>
      <object_component id="oc-ed">
         <name>.debug_info</name>
         <load_address>0x9a06</load_address>
         <run_address>0x9a06</run_address>
         <size>0x15b</size>
         <input_file_ref idref="fl-144"/>
      </object_component>
      <object_component id="oc-f0">
         <name>.debug_info</name>
         <load_address>0x9b61</load_address>
         <run_address>0x9b61</run_address>
         <size>0x2c</size>
         <input_file_ref idref="fl-140"/>
      </object_component>
      <object_component id="oc-f7">
         <name>.debug_info</name>
         <load_address>0x9b8d</load_address>
         <run_address>0x9b8d</run_address>
         <size>0x2c</size>
         <input_file_ref idref="fl-5"/>
      </object_component>
      <object_component id="oc-102">
         <name>.debug_info</name>
         <load_address>0x9bb9</load_address>
         <run_address>0x9bb9</run_address>
         <size>0x29a</size>
         <input_file_ref idref="fl-5"/>
      </object_component>
      <object_component id="oc-103">
         <name>.debug_info</name>
         <load_address>0x9e53</load_address>
         <run_address>0x9e53</run_address>
         <size>0x2c</size>
         <input_file_ref idref="fl-3"/>
      </object_component>
      <object_component id="oc-10a">
         <name>.debug_info</name>
         <load_address>0x9e7f</load_address>
         <run_address>0x9e7f</run_address>
         <size>0x1f2</size>
         <input_file_ref idref="fl-3"/>
      </object_component>
      <object_component id="oc-10f">
         <name>.debug_info</name>
         <load_address>0xa071</load_address>
         <run_address>0xa071</run_address>
         <size>0x435</size>
         <input_file_ref idref="fl-5"/>
      </object_component>
      <object_component id="oc-114">
         <name>.debug_info</name>
         <load_address>0xa4a6</load_address>
         <run_address>0xa4a6</run_address>
         <size>0x1d1</size>
         <input_file_ref idref="fl-4"/>
      </object_component>
      <object_component id="oc-119">
         <name>.debug_info</name>
         <load_address>0xa677</load_address>
         <run_address>0xa677</run_address>
         <size>0x642</size>
         <input_file_ref idref="fl-5"/>
      </object_component>
      <object_component id="oc-11e">
         <name>.debug_info</name>
         <load_address>0xacb9</load_address>
         <run_address>0xacb9</run_address>
         <size>0x13e</size>
         <input_file_ref idref="fl-5"/>
      </object_component>
      <object_component id="oc-123">
         <name>.debug_info</name>
         <load_address>0xadf7</load_address>
         <run_address>0xadf7</run_address>
         <size>0x2cf</size>
         <input_file_ref idref="fl-3"/>
      </object_component>
      <object_component id="oc-128">
         <name>.debug_info</name>
         <load_address>0xb0c6</load_address>
         <run_address>0xb0c6</run_address>
         <size>0x4f</size>
         <input_file_ref idref="fl-11"/>
      </object_component>
      <object_component id="oc-12f">
         <name>.debug_info</name>
         <load_address>0xb115</load_address>
         <run_address>0xb115</run_address>
         <size>0xd3</size>
         <input_file_ref idref="fl-6"/>
      </object_component>
      <object_component id="oc-132">
         <name>.debug_info</name>
         <load_address>0xb1e8</load_address>
         <run_address>0xb1e8</run_address>
         <size>0x791</size>
         <input_file_ref idref="fl-5"/>
      </object_component>
      <object_component id="oc-137">
         <name>.debug_info</name>
         <load_address>0xb979</load_address>
         <run_address>0xb979</run_address>
         <size>0x4de</size>
         <input_file_ref idref="fl-5"/>
      </object_component>
      <object_component id="oc-13c">
         <name>.debug_info</name>
         <load_address>0xbe57</load_address>
         <run_address>0xbe57</run_address>
         <size>0x3ce</size>
         <input_file_ref idref="fl-5"/>
      </object_component>
      <object_component id="oc-141">
         <name>.debug_info</name>
         <load_address>0xc225</load_address>
         <run_address>0xc225</run_address>
         <size>0x437</size>
         <input_file_ref idref="fl-5"/>
      </object_component>
      <object_component id="oc-146">
         <name>.debug_info</name>
         <load_address>0xc65c</load_address>
         <run_address>0xc65c</run_address>
         <size>0x1ca</size>
         <input_file_ref idref="fl-5"/>
      </object_component>
      <object_component id="oc-14b">
         <name>.debug_info</name>
         <load_address>0xc826</load_address>
         <run_address>0xc826</run_address>
         <size>0x3d3</size>
         <input_file_ref idref="fl-5"/>
      </object_component>
      <object_component id="oc-150">
         <name>.debug_info</name>
         <load_address>0xcbf9</load_address>
         <run_address>0xcbf9</run_address>
         <size>0x1d8</size>
         <input_file_ref idref="fl-6"/>
      </object_component>
      <object_component id="oc-155">
         <name>.debug_info</name>
         <load_address>0xcdd1</load_address>
         <run_address>0xcdd1</run_address>
         <size>0x1de</size>
         <input_file_ref idref="fl-5"/>
      </object_component>
      <object_component id="oc-15a">
         <name>.debug_info</name>
         <load_address>0xcfaf</load_address>
         <run_address>0xcfaf</run_address>
         <size>0x2af</size>
         <input_file_ref idref="fl-c"/>
      </object_component>
      <object_component id="oc-15f">
         <name>.debug_info</name>
         <load_address>0xd25e</load_address>
         <run_address>0xd25e</run_address>
         <size>0x510</size>
         <input_file_ref idref="fl-5"/>
      </object_component>
      <object_component id="oc-164">
         <name>.debug_info</name>
         <load_address>0xd76e</load_address>
         <run_address>0xd76e</run_address>
         <size>0x17a</size>
         <input_file_ref idref="fl-5"/>
      </object_component>
      <object_component id="oc-16c">
         <name>.debug_info</name>
         <load_address>0xd8e8</load_address>
         <run_address>0xd8e8</run_address>
         <size>0x37b</size>
         <input_file_ref idref="fl-5"/>
      </object_component>
      <object_component id="oc-174">
         <name>.debug_info</name>
         <load_address>0xdc63</load_address>
         <run_address>0xdc63</run_address>
         <size>0x15d</size>
         <input_file_ref idref="fl-143"/>
      </object_component>
      <object_component id="oc-176">
         <name>.debug_info</name>
         <load_address>0xddc0</load_address>
         <run_address>0xddc0</run_address>
         <size>0xdf</size>
         <input_file_ref idref="fl-7"/>
      </object_component>
      <object_component id="oc-179">
         <name>.debug_info</name>
         <load_address>0xde9f</load_address>
         <run_address>0xde9f</run_address>
         <size>0x11e</size>
         <input_file_ref idref="fl-7"/>
      </object_component>
      <object_component id="oc-17e">
         <name>.debug_info</name>
         <load_address>0xdfbd</load_address>
         <run_address>0xdfbd</run_address>
         <size>0x26c</size>
         <input_file_ref idref="fl-5"/>
      </object_component>
      <object_component id="oc-185">
         <name>.debug_info</name>
         <load_address>0xe229</load_address>
         <run_address>0xe229</run_address>
         <size>0x1e9</size>
         <input_file_ref idref="fl-146"/>
      </object_component>
      <object_component id="oc-18b">
         <name>.debug_info</name>
         <load_address>0xe412</load_address>
         <run_address>0xe412</run_address>
         <size>0xee</size>
         <input_file_ref idref="fl-146"/>
      </object_component>
      <object_component id="oc-193">
         <name>.debug_info</name>
         <load_address>0xe500</load_address>
         <run_address>0xe500</run_address>
         <size>0xec</size>
         <input_file_ref idref="fl-4"/>
      </object_component>
      <object_component id="oc-196">
         <name>.debug_info</name>
         <load_address>0xe5ec</load_address>
         <run_address>0xe5ec</run_address>
         <size>0xc6</size>
         <input_file_ref idref="fl-6"/>
      </object_component>
      <object_component id="oc-19b">
         <name>.debug_info</name>
         <load_address>0xe6b2</load_address>
         <run_address>0xe6b2</run_address>
         <size>0xf2</size>
         <input_file_ref idref="fl-c"/>
      </object_component>
      <object_component id="oc-19e">
         <name>.debug_info</name>
         <load_address>0xe7a4</load_address>
         <run_address>0xe7a4</run_address>
         <size>0xcd</size>
         <input_file_ref idref="fl-143"/>
      </object_component>
      <object_component id="oc-1a7">
         <name>.debug_info</name>
         <load_address>0xe871</load_address>
         <run_address>0xe871</run_address>
         <size>0xb9</size>
         <input_file_ref idref="fl-7"/>
      </object_component>
      <object_component id="oc-1b1">
         <name>.debug_info</name>
         <load_address>0xe92a</load_address>
         <run_address>0xe92a</run_address>
         <size>0xda</size>
         <input_file_ref idref="fl-4"/>
      </object_component>
      <object_component id="oc-1b8">
         <name>.debug_info</name>
         <load_address>0xea04</load_address>
         <run_address>0xea04</run_address>
         <size>0x242</size>
         <input_file_ref idref="fl-c"/>
      </object_component>
      <object_component id="oc-1da">
         <name>.debug_info</name>
         <load_address>0xec46</load_address>
         <run_address>0xec46</run_address>
         <size>0xa6</size>
      </object_component>
      <object_component id="oc-d">
         <name>.debug_aranges</name>
         <load_address>0x0</load_address>
         <run_address>0x0</run_address>
         <size>0x20</size>
         <input_file_ref idref="fl-10"/>
      </object_component>
      <object_component id="oc-13">
         <name>.debug_aranges</name>
         <load_address>0x20</load_address>
         <run_address>0x20</run_address>
         <size>0x20</size>
         <input_file_ref idref="fl-140"/>
      </object_component>
      <object_component id="oc-1b">
         <name>.debug_aranges</name>
         <load_address>0x40</load_address>
         <run_address>0x40</run_address>
         <size>0x20</size>
         <input_file_ref idref="fl-142"/>
      </object_component>
      <object_component id="oc-1e">
         <name>.debug_aranges</name>
         <load_address>0x60</load_address>
         <run_address>0x60</run_address>
         <size>0x20</size>
         <input_file_ref idref="fl-141"/>
      </object_component>
      <object_component id="oc-25">
         <name>.debug_aranges</name>
         <load_address>0x80</load_address>
         <run_address>0x80</run_address>
         <size>0x20</size>
         <input_file_ref idref="fl-3"/>
      </object_component>
      <object_component id="oc-2e">
         <name>.debug_aranges</name>
         <load_address>0xa0</load_address>
         <run_address>0xa0</run_address>
         <size>0x20</size>
         <input_file_ref idref="fl-9"/>
      </object_component>
      <object_component id="oc-33">
         <name>.debug_aranges</name>
         <load_address>0xc0</load_address>
         <run_address>0xc0</run_address>
         <size>0x20</size>
         <input_file_ref idref="fl-d"/>
      </object_component>
      <object_component id="oc-3a">
         <name>.debug_aranges</name>
         <load_address>0xe0</load_address>
         <run_address>0xe0</run_address>
         <size>0x40</size>
         <input_file_ref idref="fl-11"/>
      </object_component>
      <object_component id="oc-3f">
         <name>.debug_aranges</name>
         <load_address>0x120</load_address>
         <run_address>0x120</run_address>
         <size>0x20</size>
         <input_file_ref idref="fl-11"/>
      </object_component>
      <object_component id="oc-45">
         <name>.debug_aranges</name>
         <load_address>0x140</load_address>
         <run_address>0x140</run_address>
         <size>0x100</size>
         <input_file_ref idref="fl-8"/>
      </object_component>
      <object_component id="oc-4a">
         <name>.debug_aranges</name>
         <load_address>0x240</load_address>
         <run_address>0x240</run_address>
         <size>0x68</size>
         <input_file_ref idref="fl-12"/>
      </object_component>
      <object_component id="oc-50">
         <name>.debug_aranges</name>
         <load_address>0x2a8</load_address>
         <run_address>0x2a8</run_address>
         <size>0x180</size>
         <input_file_ref idref="fl-f"/>
      </object_component>
      <object_component id="oc-56">
         <name>.debug_aranges</name>
         <load_address>0x428</load_address>
         <run_address>0x428</run_address>
         <size>0xa0</size>
         <input_file_ref idref="fl-3"/>
      </object_component>
      <object_component id="oc-5c">
         <name>.debug_aranges</name>
         <load_address>0x4c8</load_address>
         <run_address>0x4c8</run_address>
         <size>0x28</size>
         <input_file_ref idref="fl-13f"/>
      </object_component>
      <object_component id="oc-61">
         <name>.debug_aranges</name>
         <load_address>0x4f0</load_address>
         <run_address>0x4f0</run_address>
         <size>0x20</size>
         <input_file_ref idref="fl-a"/>
      </object_component>
      <object_component id="oc-66">
         <name>.debug_aranges</name>
         <load_address>0x510</load_address>
         <run_address>0x510</run_address>
         <size>0x30</size>
         <input_file_ref idref="fl-144"/>
      </object_component>
      <object_component id="oc-6d">
         <name>.debug_aranges</name>
         <load_address>0x540</load_address>
         <run_address>0x540</run_address>
         <size>0x20</size>
         <input_file_ref idref="fl-145"/>
      </object_component>
      <object_component id="oc-80">
         <name>.debug_aranges</name>
         <load_address>0x560</load_address>
         <run_address>0x560</run_address>
         <size>0x20</size>
         <input_file_ref idref="fl-141"/>
      </object_component>
      <object_component id="oc-8e">
         <name>.debug_aranges</name>
         <load_address>0x580</load_address>
         <run_address>0x580</run_address>
         <size>0x50</size>
         <input_file_ref idref="fl-5"/>
      </object_component>
      <object_component id="oc-9d">
         <name>.debug_aranges</name>
         <load_address>0x5d0</load_address>
         <run_address>0x5d0</run_address>
         <size>0x20</size>
         <input_file_ref idref="fl-2"/>
      </object_component>
      <object_component id="oc-b1">
         <name>.debug_aranges</name>
         <load_address>0x5f0</load_address>
         <run_address>0x5f0</run_address>
         <size>0x28</size>
         <input_file_ref idref="fl-6"/>
      </object_component>
      <object_component id="oc-b9">
         <name>.debug_aranges</name>
         <load_address>0x618</load_address>
         <run_address>0x618</run_address>
         <size>0x78</size>
         <input_file_ref idref="fl-e"/>
      </object_component>
      <object_component id="oc-c7">
         <name>.debug_aranges</name>
         <load_address>0x690</load_address>
         <run_address>0x690</run_address>
         <size>0x20</size>
         <input_file_ref idref="fl-143"/>
      </object_component>
      <object_component id="oc-ce">
         <name>.debug_aranges</name>
         <load_address>0x6b0</load_address>
         <run_address>0x6b0</run_address>
         <size>0x90</size>
         <input_file_ref idref="fl-7"/>
      </object_component>
      <object_component id="oc-187">
         <name>.debug_aranges</name>
         <load_address>0x740</load_address>
         <run_address>0x740</run_address>
         <size>0x30</size>
         <input_file_ref idref="fl-146"/>
      </object_component>
      <object_component id="oc-e">
         <name>.debug_pubnames</name>
         <load_address>0x0</load_address>
         <run_address>0x0</run_address>
         <size>0x1f</size>
         <input_file_ref idref="fl-10"/>
      </object_component>
      <object_component id="oc-16">
         <name>.debug_pubnames</name>
         <load_address>0x1f</load_address>
         <run_address>0x1f</run_address>
         <size>0x2b</size>
         <input_file_ref idref="fl-140"/>
      </object_component>
      <object_component id="oc-1a">
         <name>.debug_pubnames</name>
         <load_address>0x4a</load_address>
         <run_address>0x4a</run_address>
         <size>0x25</size>
         <input_file_ref idref="fl-142"/>
      </object_component>
      <object_component id="oc-22">
         <name>.debug_pubnames</name>
         <load_address>0x6f</load_address>
         <run_address>0x6f</run_address>
         <size>0x2c</size>
         <input_file_ref idref="fl-141"/>
      </object_component>
      <object_component id="oc-26">
         <name>.debug_pubnames</name>
         <load_address>0x9b</load_address>
         <run_address>0x9b</run_address>
         <size>0x27</size>
         <input_file_ref idref="fl-3"/>
      </object_component>
      <object_component id="oc-2b">
         <name>.debug_pubnames</name>
         <load_address>0xc2</load_address>
         <run_address>0xc2</run_address>
         <size>0x21</size>
         <input_file_ref idref="fl-11"/>
      </object_component>
      <object_component id="oc-2f">
         <name>.debug_pubnames</name>
         <load_address>0xe3</load_address>
         <run_address>0xe3</run_address>
         <size>0x38</size>
         <input_file_ref idref="fl-9"/>
      </object_component>
      <object_component id="oc-34">
         <name>.debug_pubnames</name>
         <load_address>0x11b</load_address>
         <run_address>0x11b</run_address>
         <size>0x27</size>
         <input_file_ref idref="fl-d"/>
      </object_component>
      <object_component id="oc-3b">
         <name>.debug_pubnames</name>
         <load_address>0x142</load_address>
         <run_address>0x142</run_address>
         <size>0x75</size>
         <input_file_ref idref="fl-11"/>
      </object_component>
      <object_component id="oc-40">
         <name>.debug_pubnames</name>
         <load_address>0x1b7</load_address>
         <run_address>0x1b7</run_address>
         <size>0x2c</size>
         <input_file_ref idref="fl-11"/>
      </object_component>
      <object_component id="oc-46">
         <name>.debug_pubnames</name>
         <load_address>0x1e3</load_address>
         <run_address>0x1e3</run_address>
         <size>0x442</size>
         <input_file_ref idref="fl-8"/>
      </object_component>
      <object_component id="oc-4b">
         <name>.debug_pubnames</name>
         <load_address>0x625</load_address>
         <run_address>0x625</run_address>
         <size>0xc5</size>
         <input_file_ref idref="fl-12"/>
      </object_component>
      <object_component id="oc-51">
         <name>.debug_pubnames</name>
         <load_address>0x6ea</load_address>
         <run_address>0x6ea</run_address>
         <size>0x37f</size>
         <input_file_ref idref="fl-f"/>
      </object_component>
      <object_component id="oc-57">
         <name>.debug_pubnames</name>
         <load_address>0xa69</load_address>
         <run_address>0xa69</run_address>
         <size>0x188</size>
         <input_file_ref idref="fl-3"/>
      </object_component>
      <object_component id="oc-5e">
         <name>.debug_pubnames</name>
         <load_address>0xbf1</load_address>
         <run_address>0xbf1</run_address>
         <size>0x37</size>
         <input_file_ref idref="fl-13f"/>
      </object_component>
      <object_component id="oc-62">
         <name>.debug_pubnames</name>
         <load_address>0xc28</load_address>
         <run_address>0xc28</run_address>
         <size>0x1b</size>
         <input_file_ref idref="fl-a"/>
      </object_component>
      <object_component id="oc-6a">
         <name>.debug_pubnames</name>
         <load_address>0xc43</load_address>
         <run_address>0xc43</run_address>
         <size>0x35</size>
         <input_file_ref idref="fl-144"/>
      </object_component>
      <object_component id="oc-70">
         <name>.debug_pubnames</name>
         <load_address>0xc78</load_address>
         <run_address>0xc78</run_address>
         <size>0x1d</size>
         <input_file_ref idref="fl-145"/>
      </object_component>
      <object_component id="oc-82">
         <name>.debug_pubnames</name>
         <load_address>0xc95</load_address>
         <run_address>0xc95</run_address>
         <size>0x2f</size>
         <input_file_ref idref="fl-141"/>
      </object_component>
      <object_component id="oc-8f">
         <name>.debug_pubnames</name>
         <load_address>0xcc4</load_address>
         <run_address>0xcc4</run_address>
         <size>0xcd</size>
         <input_file_ref idref="fl-5"/>
      </object_component>
      <object_component id="oc-9e">
         <name>.debug_pubnames</name>
         <load_address>0xd91</load_address>
         <run_address>0xd91</run_address>
         <size>0x34</size>
         <input_file_ref idref="fl-2"/>
      </object_component>
      <object_component id="oc-b2">
         <name>.debug_pubnames</name>
         <load_address>0xdc5</load_address>
         <run_address>0xdc5</run_address>
         <size>0x37</size>
         <input_file_ref idref="fl-6"/>
      </object_component>
      <object_component id="oc-ba">
         <name>.debug_pubnames</name>
         <load_address>0xdfc</load_address>
         <run_address>0xdfc</run_address>
         <size>0x1bf</size>
         <input_file_ref idref="fl-e"/>
      </object_component>
      <object_component id="oc-c8">
         <name>.debug_pubnames</name>
         <load_address>0xfbb</load_address>
         <run_address>0xfbb</run_address>
         <size>0x1e</size>
         <input_file_ref idref="fl-143"/>
      </object_component>
      <object_component id="oc-cf">
         <name>.debug_pubnames</name>
         <load_address>0xfd9</load_address>
         <run_address>0xfd9</run_address>
         <size>0x146</size>
         <input_file_ref idref="fl-7"/>
      </object_component>
      <object_component id="oc-d4">
         <name>.debug_pubnames</name>
         <load_address>0x111f</load_address>
         <run_address>0x111f</run_address>
         <size>0x1e</size>
         <input_file_ref idref="fl-a"/>
      </object_component>
      <object_component id="oc-e3">
         <name>.debug_pubnames</name>
         <load_address>0x113d</load_address>
         <run_address>0x113d</run_address>
         <size>0x28</size>
         <input_file_ref idref="fl-146"/>
      </object_component>
      <object_component id="oc-e6">
         <name>.debug_pubnames</name>
         <load_address>0x1165</load_address>
         <run_address>0x1165</run_address>
         <size>0x3a</size>
         <input_file_ref idref="fl-144"/>
      </object_component>
      <object_component id="oc-177">
         <name>.debug_pubnames</name>
         <load_address>0x119f</load_address>
         <run_address>0x119f</run_address>
         <size>0x24</size>
         <input_file_ref idref="fl-7"/>
      </object_component>
      <object_component id="oc-186">
         <name>.debug_pubnames</name>
         <load_address>0x11c3</load_address>
         <run_address>0x11c3</run_address>
         <size>0x43</size>
         <input_file_ref idref="fl-146"/>
      </object_component>
      <object_component id="oc-f">
         <name>.debug_line</name>
         <load_address>0x0</load_address>
         <run_address>0x0</run_address>
         <size>0xdf</size>
         <input_file_ref idref="fl-10"/>
      </object_component>
      <object_component id="oc-12">
         <name>.debug_line</name>
         <load_address>0xdf</load_address>
         <run_address>0xdf</run_address>
         <size>0x55</size>
         <input_file_ref idref="fl-140"/>
      </object_component>
      <object_component id="oc-1c">
         <name>.debug_line</name>
         <load_address>0x134</load_address>
         <run_address>0x134</run_address>
         <size>0x49</size>
         <input_file_ref idref="fl-142"/>
      </object_component>
      <object_component id="oc-20">
         <name>.debug_line</name>
         <load_address>0x17d</load_address>
         <run_address>0x17d</run_address>
         <size>0x4b</size>
         <input_file_ref idref="fl-141"/>
      </object_component>
      <object_component id="oc-27">
         <name>.debug_line</name>
         <load_address>0x1c8</load_address>
         <run_address>0x1c8</run_address>
         <size>0x79</size>
         <input_file_ref idref="fl-3"/>
      </object_component>
      <object_component id="oc-30">
         <name>.debug_line</name>
         <load_address>0x241</load_address>
         <run_address>0x241</run_address>
         <size>0x4f</size>
         <input_file_ref idref="fl-9"/>
      </object_component>
      <object_component id="oc-35">
         <name>.debug_line</name>
         <load_address>0x290</load_address>
         <run_address>0x290</run_address>
         <size>0x4b</size>
         <input_file_ref idref="fl-d"/>
      </object_component>
      <object_component id="oc-3c">
         <name>.debug_line</name>
         <load_address>0x2db</load_address>
         <run_address>0x2db</run_address>
         <size>0x189</size>
         <input_file_ref idref="fl-11"/>
      </object_component>
      <object_component id="oc-41">
         <name>.debug_line</name>
         <load_address>0x464</load_address>
         <run_address>0x464</run_address>
         <size>0xa6</size>
         <input_file_ref idref="fl-11"/>
      </object_component>
      <object_component id="oc-47">
         <name>.debug_line</name>
         <load_address>0x50a</load_address>
         <run_address>0x50a</run_address>
         <size>0x2c1</size>
         <input_file_ref idref="fl-8"/>
      </object_component>
      <object_component id="oc-4c">
         <name>.debug_line</name>
         <load_address>0x7cb</load_address>
         <run_address>0x7cb</run_address>
         <size>0x235</size>
         <input_file_ref idref="fl-12"/>
      </object_component>
      <object_component id="oc-52">
         <name>.debug_line</name>
         <load_address>0xa00</load_address>
         <run_address>0xa00</run_address>
         <size>0xed2</size>
         <input_file_ref idref="fl-f"/>
      </object_component>
      <object_component id="oc-58">
         <name>.debug_line</name>
         <load_address>0x18d2</load_address>
         <run_address>0x18d2</run_address>
         <size>0x285</size>
         <input_file_ref idref="fl-3"/>
      </object_component>
      <object_component id="oc-5b">
         <name>.debug_line</name>
         <load_address>0x1b57</load_address>
         <run_address>0x1b57</run_address>
         <size>0x7d</size>
         <input_file_ref idref="fl-13f"/>
      </object_component>
      <object_component id="oc-63">
         <name>.debug_line</name>
         <load_address>0x1bd4</load_address>
         <run_address>0x1bd4</run_address>
         <size>0x63</size>
         <input_file_ref idref="fl-a"/>
      </object_component>
      <object_component id="oc-67">
         <name>.debug_line</name>
         <load_address>0x1c37</load_address>
         <run_address>0x1c37</run_address>
         <size>0x80</size>
         <input_file_ref idref="fl-144"/>
      </object_component>
      <object_component id="oc-6e">
         <name>.debug_line</name>
         <load_address>0x1cb7</load_address>
         <run_address>0x1cb7</run_address>
         <size>0x9a</size>
         <input_file_ref idref="fl-145"/>
      </object_component>
      <object_component id="oc-75">
         <name>.debug_line</name>
         <load_address>0x1d51</load_address>
         <run_address>0x1d51</run_address>
         <size>0x3a</size>
         <input_file_ref idref="fl-140"/>
      </object_component>
      <object_component id="oc-7c">
         <name>.debug_line</name>
         <load_address>0x1d8b</load_address>
         <run_address>0x1d8b</run_address>
         <size>0x34</size>
         <input_file_ref idref="fl-142"/>
      </object_component>
      <object_component id="oc-84">
         <name>.debug_line</name>
         <load_address>0x1dbf</load_address>
         <run_address>0x1dbf</run_address>
         <size>0x9d</size>
         <input_file_ref idref="fl-141"/>
      </object_component>
      <object_component id="oc-8a">
         <name>.debug_line</name>
         <load_address>0x1e5c</load_address>
         <run_address>0x1e5c</run_address>
         <size>0x39</size>
         <input_file_ref idref="fl-141"/>
      </object_component>
      <object_component id="oc-90">
         <name>.debug_line</name>
         <load_address>0x1e95</load_address>
         <run_address>0x1e95</run_address>
         <size>0xd2</size>
         <input_file_ref idref="fl-5"/>
      </object_component>
      <object_component id="oc-96">
         <name>.debug_line</name>
         <load_address>0x1f67</load_address>
         <run_address>0x1f67</run_address>
         <size>0x6d</size>
         <input_file_ref idref="fl-3"/>
      </object_component>
      <object_component id="oc-99">
         <name>.debug_line</name>
         <load_address>0x1fd4</load_address>
         <run_address>0x1fd4</run_address>
         <size>0x37</size>
         <input_file_ref idref="fl-11"/>
      </object_component>
      <object_component id="oc-9f">
         <name>.debug_line</name>
         <load_address>0x200b</load_address>
         <run_address>0x200b</run_address>
         <size>0x78</size>
         <input_file_ref idref="fl-2"/>
      </object_component>
      <object_component id="oc-a6">
         <name>.debug_line</name>
         <load_address>0x2083</load_address>
         <run_address>0x2083</run_address>
         <size>0x68</size>
         <input_file_ref idref="fl-3"/>
      </object_component>
      <object_component id="oc-ab">
         <name>.debug_line</name>
         <load_address>0x20eb</load_address>
         <run_address>0x20eb</run_address>
         <size>0x6b</size>
         <input_file_ref idref="fl-3"/>
      </object_component>
      <object_component id="oc-b3">
         <name>.debug_line</name>
         <load_address>0x2156</load_address>
         <run_address>0x2156</run_address>
         <size>0x81</size>
         <input_file_ref idref="fl-6"/>
      </object_component>
      <object_component id="oc-bb">
         <name>.debug_line</name>
         <load_address>0x21d7</load_address>
         <run_address>0x21d7</run_address>
         <size>0x132</size>
         <input_file_ref idref="fl-e"/>
      </object_component>
      <object_component id="oc-c2">
         <name>.debug_line</name>
         <load_address>0x2309</load_address>
         <run_address>0x2309</run_address>
         <size>0x64</size>
         <input_file_ref idref="fl-3"/>
      </object_component>
      <object_component id="oc-ca">
         <name>.debug_line</name>
         <load_address>0x236d</load_address>
         <run_address>0x236d</run_address>
         <size>0x66</size>
         <input_file_ref idref="fl-143"/>
      </object_component>
      <object_component id="oc-d0">
         <name>.debug_line</name>
         <load_address>0x23d3</load_address>
         <run_address>0x23d3</run_address>
         <size>0x2e2</size>
         <input_file_ref idref="fl-7"/>
      </object_component>
      <object_component id="oc-d9">
         <name>.debug_line</name>
         <load_address>0x26b5</load_address>
         <run_address>0x26b5</run_address>
         <size>0x64</size>
         <input_file_ref idref="fl-5"/>
      </object_component>
      <object_component id="oc-df">
         <name>.debug_line</name>
         <load_address>0x2719</load_address>
         <run_address>0x2719</run_address>
         <size>0x59</size>
         <input_file_ref idref="fl-3"/>
      </object_component>
      <object_component id="oc-eb">
         <name>.debug_line</name>
         <load_address>0x2772</load_address>
         <run_address>0x2772</run_address>
         <size>0x20</size>
         <input_file_ref idref="fl-3"/>
      </object_component>
      <object_component id="oc-f3">
         <name>.debug_line</name>
         <load_address>0x2792</load_address>
         <run_address>0x2792</run_address>
         <size>0x5b</size>
         <input_file_ref idref="fl-140"/>
      </object_component>
      <object_component id="oc-f6">
         <name>.debug_line</name>
         <load_address>0x27ed</load_address>
         <run_address>0x27ed</run_address>
         <size>0x20</size>
         <input_file_ref idref="fl-140"/>
      </object_component>
      <object_component id="oc-fa">
         <name>.debug_line</name>
         <load_address>0x280d</load_address>
         <run_address>0x280d</run_address>
         <size>0x59</size>
         <input_file_ref idref="fl-5"/>
      </object_component>
      <object_component id="oc-fd">
         <name>.debug_line</name>
         <load_address>0x2866</load_address>
         <run_address>0x2866</run_address>
         <size>0x20</size>
         <input_file_ref idref="fl-142"/>
      </object_component>
      <object_component id="oc-100">
         <name>.debug_line</name>
         <load_address>0x2886</load_address>
         <run_address>0x2886</run_address>
         <size>0x20</size>
         <input_file_ref idref="fl-141"/>
      </object_component>
      <object_component id="oc-106">
         <name>.debug_line</name>
         <load_address>0x28a6</load_address>
         <run_address>0x28a6</run_address>
         <size>0x5a</size>
         <input_file_ref idref="fl-3"/>
      </object_component>
      <object_component id="oc-109">
         <name>.debug_line</name>
         <load_address>0x2900</load_address>
         <run_address>0x2900</run_address>
         <size>0xac</size>
         <input_file_ref idref="fl-11"/>
      </object_component>
      <object_component id="oc-10d">
         <name>.debug_line</name>
         <load_address>0x29ac</load_address>
         <run_address>0x29ac</run_address>
         <size>0x68</size>
         <input_file_ref idref="fl-3"/>
      </object_component>
      <object_component id="oc-112">
         <name>.debug_line</name>
         <load_address>0x2a14</load_address>
         <run_address>0x2a14</run_address>
         <size>0x6a</size>
         <input_file_ref idref="fl-5"/>
      </object_component>
      <object_component id="oc-117">
         <name>.debug_line</name>
         <load_address>0x2a7e</load_address>
         <run_address>0x2a7e</run_address>
         <size>0x68</size>
         <input_file_ref idref="fl-4"/>
      </object_component>
      <object_component id="oc-11c">
         <name>.debug_line</name>
         <load_address>0x2ae6</load_address>
         <run_address>0x2ae6</run_address>
         <size>0x6b</size>
         <input_file_ref idref="fl-5"/>
      </object_component>
      <object_component id="oc-121">
         <name>.debug_line</name>
         <load_address>0x2b51</load_address>
         <run_address>0x2b51</run_address>
         <size>0x6a</size>
         <input_file_ref idref="fl-5"/>
      </object_component>
      <object_component id="oc-126">
         <name>.debug_line</name>
         <load_address>0x2bbb</load_address>
         <run_address>0x2bbb</run_address>
         <size>0x68</size>
         <input_file_ref idref="fl-3"/>
      </object_component>
      <object_component id="oc-12b">
         <name>.debug_line</name>
         <load_address>0x2c23</load_address>
         <run_address>0x2c23</run_address>
         <size>0x37</size>
         <input_file_ref idref="fl-11"/>
      </object_component>
      <object_component id="oc-131">
         <name>.debug_line</name>
         <load_address>0x2c5a</load_address>
         <run_address>0x2c5a</run_address>
         <size>0xfd</size>
         <input_file_ref idref="fl-12"/>
      </object_component>
      <object_component id="oc-135">
         <name>.debug_line</name>
         <load_address>0x2d57</load_address>
         <run_address>0x2d57</run_address>
         <size>0x68</size>
         <input_file_ref idref="fl-5"/>
      </object_component>
      <object_component id="oc-13a">
         <name>.debug_line</name>
         <load_address>0x2dbf</load_address>
         <run_address>0x2dbf</run_address>
         <size>0x6b</size>
         <input_file_ref idref="fl-5"/>
      </object_component>
      <object_component id="oc-13f">
         <name>.debug_line</name>
         <load_address>0x2e2a</load_address>
         <run_address>0x2e2a</run_address>
         <size>0x68</size>
         <input_file_ref idref="fl-5"/>
      </object_component>
      <object_component id="oc-144">
         <name>.debug_line</name>
         <load_address>0x2e92</load_address>
         <run_address>0x2e92</run_address>
         <size>0x68</size>
         <input_file_ref idref="fl-5"/>
      </object_component>
      <object_component id="oc-149">
         <name>.debug_line</name>
         <load_address>0x2efa</load_address>
         <run_address>0x2efa</run_address>
         <size>0x68</size>
         <input_file_ref idref="fl-5"/>
      </object_component>
      <object_component id="oc-14e">
         <name>.debug_line</name>
         <load_address>0x2f62</load_address>
         <run_address>0x2f62</run_address>
         <size>0x68</size>
         <input_file_ref idref="fl-5"/>
      </object_component>
      <object_component id="oc-153">
         <name>.debug_line</name>
         <load_address>0x2fca</load_address>
         <run_address>0x2fca</run_address>
         <size>0x6b</size>
         <input_file_ref idref="fl-6"/>
      </object_component>
      <object_component id="oc-158">
         <name>.debug_line</name>
         <load_address>0x3035</load_address>
         <run_address>0x3035</run_address>
         <size>0x6a</size>
         <input_file_ref idref="fl-5"/>
      </object_component>
      <object_component id="oc-15d">
         <name>.debug_line</name>
         <load_address>0x309f</load_address>
         <run_address>0x309f</run_address>
         <size>0x68</size>
         <input_file_ref idref="fl-c"/>
      </object_component>
      <object_component id="oc-162">
         <name>.debug_line</name>
         <load_address>0x3107</load_address>
         <run_address>0x3107</run_address>
         <size>0x67</size>
         <input_file_ref idref="fl-5"/>
      </object_component>
      <object_component id="oc-167">
         <name>.debug_line</name>
         <load_address>0x316e</load_address>
         <run_address>0x316e</run_address>
         <size>0x68</size>
         <input_file_ref idref="fl-5"/>
      </object_component>
      <object_component id="oc-16b">
         <name>.debug_line</name>
         <load_address>0x31d6</load_address>
         <run_address>0x31d6</run_address>
         <size>0xfe</size>
         <input_file_ref idref="fl-f"/>
      </object_component>
      <object_component id="oc-16f">
         <name>.debug_line</name>
         <load_address>0x32d4</load_address>
         <run_address>0x32d4</run_address>
         <size>0x6d</size>
         <input_file_ref idref="fl-5"/>
      </object_component>
      <object_component id="oc-172">
         <name>.debug_line</name>
         <load_address>0x3341</load_address>
         <run_address>0x3341</run_address>
         <size>0x64</size>
         <input_file_ref idref="fl-3"/>
      </object_component>
      <object_component id="oc-17b">
         <name>.debug_line</name>
         <load_address>0x33a5</load_address>
         <run_address>0x33a5</run_address>
         <size>0x38</size>
         <input_file_ref idref="fl-a"/>
      </object_component>
      <object_component id="oc-17d">
         <name>.debug_line</name>
         <load_address>0x33dd</load_address>
         <run_address>0x33dd</run_address>
         <size>0x64</size>
         <input_file_ref idref="fl-a"/>
      </object_component>
      <object_component id="oc-181">
         <name>.debug_line</name>
         <load_address>0x3441</load_address>
         <run_address>0x3441</run_address>
         <size>0x68</size>
         <input_file_ref idref="fl-5"/>
      </object_component>
      <object_component id="oc-188">
         <name>.debug_line</name>
         <load_address>0x34a9</load_address>
         <run_address>0x34a9</run_address>
         <size>0x64</size>
         <input_file_ref idref="fl-146"/>
      </object_component>
      <object_component id="oc-18a">
         <name>.debug_line</name>
         <load_address>0x350d</load_address>
         <run_address>0x350d</run_address>
         <size>0x2b</size>
         <input_file_ref idref="fl-146"/>
      </object_component>
      <object_component id="oc-18e">
         <name>.debug_line</name>
         <load_address>0x3538</load_address>
         <run_address>0x3538</run_address>
         <size>0x2a</size>
         <input_file_ref idref="fl-144"/>
      </object_component>
      <object_component id="oc-190">
         <name>.debug_line</name>
         <load_address>0x3562</load_address>
         <run_address>0x3562</run_address>
         <size>0x5a</size>
         <input_file_ref idref="fl-144"/>
      </object_component>
      <object_component id="oc-192">
         <name>.debug_line</name>
         <load_address>0x35bc</load_address>
         <run_address>0x35bc</run_address>
         <size>0x20</size>
         <input_file_ref idref="fl-5"/>
      </object_component>
      <object_component id="oc-195">
         <name>.debug_line</name>
         <load_address>0x35dc</load_address>
         <run_address>0x35dc</run_address>
         <size>0x20</size>
         <input_file_ref idref="fl-6"/>
      </object_component>
      <object_component id="oc-199">
         <name>.debug_line</name>
         <load_address>0x35fc</load_address>
         <run_address>0x35fc</run_address>
         <size>0x67</size>
         <input_file_ref idref="fl-6"/>
      </object_component>
      <object_component id="oc-19d">
         <name>.debug_line</name>
         <load_address>0x3663</load_address>
         <run_address>0x3663</run_address>
         <size>0x68</size>
         <input_file_ref idref="fl-143"/>
      </object_component>
      <object_component id="oc-1a1">
         <name>.debug_line</name>
         <load_address>0x36cb</load_address>
         <run_address>0x36cb</run_address>
         <size>0x5c</size>
         <input_file_ref idref="fl-143"/>
      </object_component>
      <object_component id="oc-1a4">
         <name>.debug_line</name>
         <load_address>0x3727</load_address>
         <run_address>0x3727</run_address>
         <size>0x33</size>
         <input_file_ref idref="fl-7"/>
      </object_component>
      <object_component id="oc-1a6">
         <name>.debug_line</name>
         <load_address>0x375a</load_address>
         <run_address>0x375a</run_address>
         <size>0x20</size>
         <input_file_ref idref="fl-7"/>
      </object_component>
      <object_component id="oc-1aa">
         <name>.debug_line</name>
         <load_address>0x377a</load_address>
         <run_address>0x377a</run_address>
         <size>0x33</size>
         <input_file_ref idref="fl-7"/>
      </object_component>
      <object_component id="oc-1ae">
         <name>.debug_line</name>
         <load_address>0x37ad</load_address>
         <run_address>0x37ad</run_address>
         <size>0x20</size>
         <input_file_ref idref="fl-146"/>
      </object_component>
      <object_component id="oc-1b0">
         <name>.debug_line</name>
         <load_address>0x37cd</load_address>
         <run_address>0x37cd</run_address>
         <size>0x20</size>
         <input_file_ref idref="fl-4"/>
      </object_component>
      <object_component id="oc-1b4">
         <name>.debug_line</name>
         <load_address>0x37ed</load_address>
         <run_address>0x37ed</run_address>
         <size>0x64</size>
         <input_file_ref idref="fl-4"/>
      </object_component>
      <object_component id="oc-1b7">
         <name>.debug_line</name>
         <load_address>0x3851</load_address>
         <run_address>0x3851</run_address>
         <size>0x20</size>
         <input_file_ref idref="fl-c"/>
      </object_component>
      <object_component id="oc-1bb">
         <name>.debug_line</name>
         <load_address>0x3871</load_address>
         <run_address>0x3871</run_address>
         <size>0x68</size>
         <input_file_ref idref="fl-c"/>
      </object_component>
      <object_component id="oc-10">
         <name>.debug_frame</name>
         <load_address>0x0</load_address>
         <run_address>0x0</run_address>
         <size>0x3e</size>
         <input_file_ref idref="fl-10"/>
      </object_component>
      <object_component id="oc-14">
         <name>.debug_frame</name>
         <load_address>0x3e</load_address>
         <run_address>0x3e</run_address>
         <size>0x3f</size>
         <input_file_ref idref="fl-140"/>
      </object_component>
      <object_component id="oc-18">
         <name>.debug_frame</name>
         <load_address>0x7d</load_address>
         <run_address>0x7d</run_address>
         <size>0x3f</size>
         <input_file_ref idref="fl-142"/>
      </object_component>
      <object_component id="oc-1f">
         <name>.debug_frame</name>
         <load_address>0xbc</load_address>
         <run_address>0xbc</run_address>
         <size>0x3f</size>
         <input_file_ref idref="fl-141"/>
      </object_component>
      <object_component id="oc-28">
         <name>.debug_frame</name>
         <load_address>0xfb</load_address>
         <run_address>0xfb</run_address>
         <size>0x5b</size>
         <input_file_ref idref="fl-3"/>
      </object_component>
      <object_component id="oc-36">
         <name>.debug_frame</name>
         <load_address>0x156</load_address>
         <run_address>0x156</run_address>
         <size>0x3f</size>
         <input_file_ref idref="fl-d"/>
      </object_component>
      <object_component id="oc-3d">
         <name>.debug_frame</name>
         <load_address>0x195</load_address>
         <run_address>0x195</run_address>
         <size>0xa4</size>
         <input_file_ref idref="fl-11"/>
      </object_component>
      <object_component id="oc-42">
         <name>.debug_frame</name>
         <load_address>0x239</load_address>
         <run_address>0x239</run_address>
         <size>0x5e</size>
         <input_file_ref idref="fl-11"/>
      </object_component>
      <object_component id="oc-4d">
         <name>.debug_frame</name>
         <load_address>0x297</load_address>
         <run_address>0x297</run_address>
         <size>0x101</size>
         <input_file_ref idref="fl-12"/>
      </object_component>
      <object_component id="oc-53">
         <name>.debug_frame</name>
         <load_address>0x398</load_address>
         <run_address>0x398</run_address>
         <size>0x483</size>
         <input_file_ref idref="fl-f"/>
      </object_component>
      <object_component id="oc-59">
         <name>.debug_frame</name>
         <load_address>0x81b</load_address>
         <run_address>0x81b</run_address>
         <size>0x1a4</size>
         <input_file_ref idref="fl-3"/>
      </object_component>
      <object_component id="oc-64">
         <name>.debug_frame</name>
         <load_address>0x9bf</load_address>
         <run_address>0x9bf</run_address>
         <size>0x47</size>
         <input_file_ref idref="fl-a"/>
      </object_component>
      <object_component id="oc-68">
         <name>.debug_frame</name>
         <load_address>0xa06</load_address>
         <run_address>0xa06</run_address>
         <size>0x6f</size>
         <input_file_ref idref="fl-144"/>
      </object_component>
      <object_component id="oc-83">
         <name>.debug_frame</name>
         <load_address>0xa75</load_address>
         <run_address>0xa75</run_address>
         <size>0x46</size>
         <input_file_ref idref="fl-141"/>
      </object_component>
      <object_component id="oc-91">
         <name>.debug_frame</name>
         <load_address>0xabb</load_address>
         <run_address>0xabb</run_address>
         <size>0xcf</size>
         <input_file_ref idref="fl-5"/>
      </object_component>
      <object_component id="oc-b4">
         <name>.debug_frame</name>
         <load_address>0xb8a</load_address>
         <run_address>0xb8a</run_address>
         <size>0x56</size>
         <input_file_ref idref="fl-6"/>
      </object_component>
      <object_component id="oc-c9">
         <name>.debug_frame</name>
         <load_address>0xbe0</load_address>
         <run_address>0xbe0</run_address>
         <size>0x4a</size>
         <input_file_ref idref="fl-143"/>
      </object_component>
      <object_component id="oc-d1">
         <name>.debug_frame</name>
         <load_address>0xc2a</load_address>
         <run_address>0xc2a</run_address>
         <size>0x187</size>
         <input_file_ref idref="fl-7"/>
      </object_component>
      <object_component id="oc-184">
         <name>.debug_frame</name>
         <load_address>0xdb1</load_address>
         <run_address>0xdb1</run_address>
         <size>0x61</size>
         <input_file_ref idref="fl-146"/>
      </object_component>
      <object_component id="oc-6b">
         <name>.debug_abbrev</name>
         <load_address>0x0</load_address>
         <run_address>0x0</run_address>
         <size>0x55</size>
         <input_file_ref idref="fl-10"/>
      </object_component>
      <object_component id="oc-71">
         <name>.debug_abbrev</name>
         <load_address>0x55</load_address>
         <run_address>0x55</run_address>
         <size>0x74</size>
         <input_file_ref idref="fl-140"/>
      </object_component>
      <object_component id="oc-74">
         <name>.debug_abbrev</name>
         <load_address>0xc9</load_address>
         <run_address>0xc9</run_address>
         <size>0x24</size>
         <input_file_ref idref="fl-140"/>
      </object_component>
      <object_component id="oc-78">
         <name>.debug_abbrev</name>
         <load_address>0xed</load_address>
         <run_address>0xed</run_address>
         <size>0x6f</size>
         <input_file_ref idref="fl-142"/>
      </object_component>
      <object_component id="oc-7b">
         <name>.debug_abbrev</name>
         <load_address>0x15c</load_address>
         <run_address>0x15c</run_address>
         <size>0x24</size>
         <input_file_ref idref="fl-142"/>
      </object_component>
      <object_component id="oc-85">
         <name>.debug_abbrev</name>
         <load_address>0x180</load_address>
         <run_address>0x180</run_address>
         <size>0x74</size>
         <input_file_ref idref="fl-141"/>
      </object_component>
      <object_component id="oc-89">
         <name>.debug_abbrev</name>
         <load_address>0x1f4</load_address>
         <run_address>0x1f4</run_address>
         <size>0x24</size>
         <input_file_ref idref="fl-141"/>
      </object_component>
      <object_component id="oc-92">
         <name>.debug_abbrev</name>
         <load_address>0x218</load_address>
         <run_address>0x218</run_address>
         <size>0x6f</size>
         <input_file_ref idref="fl-3"/>
      </object_component>
      <object_component id="oc-95">
         <name>.debug_abbrev</name>
         <load_address>0x287</load_address>
         <run_address>0x287</run_address>
         <size>0x24</size>
         <input_file_ref idref="fl-3"/>
      </object_component>
      <object_component id="oc-98">
         <name>.debug_abbrev</name>
         <load_address>0x2ab</load_address>
         <run_address>0x2ab</run_address>
         <size>0x27</size>
         <input_file_ref idref="fl-11"/>
      </object_component>
      <object_component id="oc-a0">
         <name>.debug_abbrev</name>
         <load_address>0x2d2</load_address>
         <run_address>0x2d2</run_address>
         <size>0x37</size>
         <input_file_ref idref="fl-9"/>
      </object_component>
      <object_component id="oc-a1">
         <name>.debug_abbrev</name>
         <load_address>0x309</load_address>
         <run_address>0x309</run_address>
         <size>0x53</size>
         <input_file_ref idref="fl-d"/>
      </object_component>
      <object_component id="oc-a2">
         <name>.debug_abbrev</name>
         <load_address>0x35c</load_address>
         <run_address>0x35c</run_address>
         <size>0xa4</size>
         <input_file_ref idref="fl-11"/>
      </object_component>
      <object_component id="oc-a5">
         <name>.debug_abbrev</name>
         <load_address>0x400</load_address>
         <run_address>0x400</run_address>
         <size>0x7c</size>
         <input_file_ref idref="fl-3"/>
      </object_component>
      <object_component id="oc-aa">
         <name>.debug_abbrev</name>
         <load_address>0x47c</load_address>
         <run_address>0x47c</run_address>
         <size>0x55</size>
         <input_file_ref idref="fl-3"/>
      </object_component>
      <object_component id="oc-ad">
         <name>.debug_abbrev</name>
         <load_address>0x4d1</load_address>
         <run_address>0x4d1</run_address>
         <size>0x6f</size>
         <input_file_ref idref="fl-11"/>
      </object_component>
      <object_component id="oc-ae">
         <name>.debug_abbrev</name>
         <load_address>0x540</load_address>
         <run_address>0x540</run_address>
         <size>0x43</size>
         <input_file_ref idref="fl-8"/>
      </object_component>
      <object_component id="oc-b5">
         <name>.debug_abbrev</name>
         <load_address>0x583</load_address>
         <run_address>0x583</run_address>
         <size>0xd4</size>
         <input_file_ref idref="fl-12"/>
      </object_component>
      <object_component id="oc-bc">
         <name>.debug_abbrev</name>
         <load_address>0x657</load_address>
         <run_address>0x657</run_address>
         <size>0x101</size>
         <input_file_ref idref="fl-f"/>
      </object_component>
      <object_component id="oc-be">
         <name>.debug_abbrev</name>
         <load_address>0x758</load_address>
         <run_address>0x758</run_address>
         <size>0xc8</size>
         <input_file_ref idref="fl-3"/>
      </object_component>
[...]
         <object_component_ref idref="oc-43"/>
      </symbol>
      <symbol id="sm-201">
         <name>_coreClearDataFaultAddress_</name>
         <value>0x4b04</value>
         <object_component_ref idref="oc-43"/>
      </symbol>
      <symbol id="sm-202">
         <name>_coreDisableFlashEcc_</name>
         <value>0x4a94</value>
         <object_component_ref idref="oc-43"/>
      </symbol>
      <symbol id="sm-203">
         <name>__TI_PINIT_Base</name>
         <value>0x4c2c</value>
         <object_component_ref idref="oc-43"/>
      </symbol>
      <symbol id="sm-204">
         <name>_coreInitRegisters_</name>
         <value>0x48f4</value>
         <object_component_ref idref="oc-43"/>
      </symbol>
      <symbol id="sm-205">
         <name>_coreClearInstructionFaultAddress_</name>
         <value>0x4b20</value>
         <object_component_ref idref="oc-43"/>
      </symbol>
      <symbol id="sm-206">
         <name>_errata_CORTEXR4_66_</name>
         <value>0x4c14</value>
         <object_component_ref idref="oc-43"/>
      </symbol>
      <symbol id="sm-207">
         <name>_coreEnableRamEcc_</name>
         <value>0x4a48</value>
         <object_component_ref idref="oc-43"/>
      </symbol>
      <symbol id="sm-208">
         <name>_coreClearDataFault_</name>
         <value>0x4acc</value>
         <object_component_ref idref="oc-43"/>
      </symbol>
      <symbol id="sm-209">
         <name>_coreGetAuxiliaryDataFault_</name>
         <value>0x4b34</value>
         <object_component_ref idref="oc-43"/>
      </symbol>
      <symbol id="sm-20a">
         <name>_enable_interrupt_</name>
         <value>0x4b84</value>
         <object_component_ref idref="oc-43"/>
      </symbol>
      <symbol id="sm-20b">
         <name>_coreClearAuxiliaryInstructionFault_</name>
         <value>0x4b58</value>
         <object_component_ref idref="oc-43"/>
      </symbol>
      <symbol id="sm-20c">
         <name>_coreDisableRamEcc_</name>
         <value>0x4a60</value>
         <object_component_ref idref="oc-43"/>
      </symbol>
      <symbol id="sm-20d">
         <name>_coreGetDataFaultAddress_</name>
         <value>0x4afc</value>
         <object_component_ref idref="oc-43"/>
      </symbol>
      <symbol id="sm-20e">
         <name>_coreClearInstructionFault_</name>
         <value>0x4ae8</value>
         <object_component_ref idref="oc-43"/>
      </symbol>
      <symbol id="sm-20f">
         <name>_getCPSRValue_</name>
         <value>0x49f8</value>
         <object_component_ref idref="oc-43"/>
      </symbol>
      <symbol id="sm-210">
         <name>__TI_PINIT_Limit</name>
         <value>0x4c30</value>
         <object_component_ref idref="oc-43"/>
      </symbol>
      <symbol id="sm-211">
         <name>_coreEnableFlashEcc_</name>
         <value>0x4a78</value>
         <object_component_ref idref="oc-43"/>
      </symbol>
      <symbol id="sm-212">
         <name>_disable_FIQ_interrupt_</name>
         <value>0x4b74</value>
         <object_component_ref idref="oc-43"/>
      </symbol>
      <symbol id="sm-213">
         <name>_coreGetAuxiliaryInstructionFault_</name>
         <value>0x4b50</value>
         <object_component_ref idref="oc-43"/>
      </symbol>
      <symbol id="sm-214">
         <name>_coreInitStackPointer_</name>
         <value>0x49ac</value>
         <object_component_ref idref="oc-43"/>
      </symbol>
      <symbol id="sm-215">
         <name>_esmCcmErrorsClear_</name>
         <value>0x4b8c</value>
         <object_component_ref idref="oc-43"/>
      </symbol>
      <symbol id="sm-216">
         <name>_gotoCPUIdle_</name>
         <value>0x4a00</value>
         <object_component_ref idref="oc-43"/>
      </symbol>
      <symbol id="sm-217">
         <name>_coreEnableIrqVicOffset_</name>
         <value>0x4aac</value>
         <object_component_ref idref="oc-43"/>
      </symbol>
      <symbol id="sm-218">
         <name>_coreGetInstructionFault_</name>
         <value>0x4ae0</value>
         <object_component_ref idref="oc-43"/>
      </symbol>
      <symbol id="sm-219">
         <name>_coreClearAuxiliaryDataFault_</name>
         <value>0x4b3c</value>
         <object_component_ref idref="oc-43"/>
      </symbol>
      <symbol id="sm-21a">
         <name>_coreEnableEventBusExport_</name>
         <value>0x4a18</value>
         <object_component_ref idref="oc-43"/>
      </symbol>
      <symbol id="sm-226">
         <name>resetEntry</name>
         <value>0x0</value>
         <object_component_ref idref="oc-2c"/>
      </symbol>
      <symbol id="sm-23e">
         <name>main</name>
         <value>0x5990</value>
         <object_component_ref idref="oc-5f"/>
      </symbol>
      <symbol id="sm-257">
         <name>phantomInterrupt</name>
         <value>0x5a68</value>
         <object_component_ref idref="oc-31"/>
      </symbol>
      <symbol id="sm-260">
         <name>_pmuResetCounters_</name>
         <value>0x5550</value>
         <object_component_ref idref="oc-b7"/>
      </symbol>
      <symbol id="sm-261">
         <name>_pmuGetEventCount_</name>
         <value>0x5590</value>
         <object_component_ref idref="oc-b7"/>
      </symbol>
      <symbol id="sm-262">
         <name>_pmuResetEventCounters_</name>
         <value>0x5538</value>
         <object_component_ref idref="oc-b7"/>
      </symbol>
      <symbol id="sm-263">
         <name>_pmuStopCounters_</name>
         <value>0x5570</value>
         <object_component_ref idref="oc-b7"/>
      </symbol>
      <symbol id="sm-264">
         <name>_pmuInit_</name>
         <value>0x54a0</value>
         <object_component_ref idref="oc-b7"/>
      </symbol>
      <symbol id="sm-265">
         <name>_pmuGetOverflow_</name>
         <value>0x55a0</value>
         <object_component_ref idref="oc-b7"/>
      </symbol>
      <symbol id="sm-266">
         <name>_pmuResetCycleCounter_</name>
         <value>0x5520</value>
         <object_component_ref idref="oc-b7"/>
      </symbol>
      <symbol id="sm-267">
         <name>_pmuSetCountEvent_</name>
         <value>0x5578</value>
         <object_component_ref idref="oc-b7"/>
      </symbol>
      <symbol id="sm-268">
         <name>_pmuGetCycleCount_</name>
         <value>0x5588</value>
         <object_component_ref idref="oc-b7"/>
      </symbol>
      <symbol id="sm-269">
         <name>_pmuEnableCountersGlobal_</name>
         <value>0x54f0</value>
         <object_component_ref idref="oc-b7"/>
      </symbol>
      <symbol id="sm-26a">
         <name>_pmuDisableCountersGlobal_</name>
         <value>0x5508</value>
         <object_component_ref idref="oc-b7"/>
      </symbol>
      <symbol id="sm-26b">
         <name>_pmuStartCounters_</name>
         <value>0x5568</value>
         <object_component_ref idref="oc-b7"/>
      </symbol>
      <symbol id="sm-3ce">
         <name>pbistSelfCheck</name>
         <value>0x2cc</value>
         <object_component_ref idref="oc-4e"/>
      </symbol>
      <symbol id="sm-3cf">
         <name>fmcBus1ParityCheck</name>
         <value>0x1be0</value>
         <object_component_ref idref="oc-4e"/>
      </symbol>
      <symbol id="sm-3d0">
         <name>can1ParityCheck</name>
         <value>0x109c</value>
         <object_component_ref idref="oc-4e"/>
      </symbol>
      <symbol id="sm-3d1">
         <name>enableParity</name>
         <value>0x23b8</value>
         <object_component_ref idref="oc-4e"/>
      </symbol>
      <symbol id="sm-3d2">
         <name>custom_dabort</name>
         <value>0xdd4</value>
         <object_component_ref idref="oc-4e"/>
      </symbol>
      <symbol id="sm-3d3">
         <name>memoryInit</name>
         <value>0x174</value>
         <object_component_ref idref="oc-4e"/>
      </symbol>
      <symbol id="sm-3d4">
         <name>stcSelfCheck</name>
         <value>0x1b8</value>
         <object_component_ref idref="oc-4e"/>
      </symbol>
      <symbol id="sm-3d5">
         <name>efcGetConfigValue</name>
         <value>0x1f78</value>
         <object_component_ref idref="oc-4e"/>
      </symbol>
      <symbol id="sm-3d6">
         <name>can2ParityCheck</name>
         <value>0x1178</value>
         <object_component_ref idref="oc-4e"/>
      </symbol>
      <symbol id="sm-3d7">
         <name>het1ParityCheck</name>
         <value>0xe8c</value>
         <object_component_ref idref="oc-4e"/>
      </symbol>
      <symbol id="sm-3d8">
         <name>adc1ParityCheck</name>
         <value>0xfe4</value>
         <object_component_ref idref="oc-4e"/>
      </symbol>
      <symbol id="sm-3d9">
         <name>checkefcSelfTest</name>
         <value>0x79c</value>
         <object_component_ref idref="oc-4e"/>
      </symbol>
      <symbol id="sm-3da">
         <name>checkRAMECC</name>
         <value>0x139c</value>
         <object_component_ref idref="oc-4e"/>
      </symbol>
      <symbol id="sm-3db">
         <name>stcSelfCheckFail</name>
         <value>0xdd8</value>
         <object_component_ref idref="oc-4e"/>
      </symbol>
      <symbol id="sm-3dc">
         <name>ccmSelfCheck</name>
         <value>0x30</value>
         <object_component_ref idref="oc-4e"/>
      </symbol>
      <symbol id="sm-3dd">
         <name>efcCheck</name>
         <value>0x640</value>
         <object_component_ref idref="oc-4e"/>
      </symbol>
      <symbol id="sm-3de">
         <name>cpuSelfTest</name>
         <value>0x234</value>
         <object_component_ref idref="oc-4e"/>
      </symbol>
      <symbol id="sm-3df">
         <name>htu1ParityCheck</name>
         <value>0xf2c</value>
         <object_component_ref idref="oc-4e"/>
      </symbol>
      <symbol id="sm-3e0">
         <name>checkFlashECC</name>
         <value>0xcf8</value>
         <object_component_ref idref="oc-4e"/>
      </symbol>
      <symbol id="sm-3e1">
         <name>cpuSelfTestFail</name>
         <value>0xddc</value>
         <object_component_ref idref="oc-4e"/>
      </symbol>
      <symbol id="sm-3e2">
         <name>checkPLL1Slip</name>
         <value>0x1860</value>
         <object_component_ref idref="oc-4e"/>
      </symbol>
      <symbol id="sm-3e3">
         <name>mibspi1ParityCheck</name>
         <value>0x1240</value>
         <object_component_ref idref="oc-4e"/>
      </symbol>
      <symbol id="sm-3e4">
         <name>ccmr4GetConfigValue</name>
         <value>0x2014</value>
         <object_component_ref idref="oc-4e"/>
      </symbol>
      <symbol id="sm-3e5">
         <name>pbistPortTestStatus</name>
         <value>0x5f8</value>
         <object_component_ref idref="oc-4e"/>
      </symbol>
      <symbol id="sm-3e6">
         <name>checkFlashEEPROMECC</name>
         <value>0x16b8</value>
         <object_component_ref idref="oc-4e"/>
      </symbol>
      <symbol id="sm-3e7">
         <name>pbistGetConfigValue</name>
         <value>0x1d90</value>
         <object_component_ref idref="oc-4e"/>
      </symbol>
      <symbol id="sm-3e8">
         <name>vimParityCheck</name>
         <value>0xde0</value>
         <object_component_ref idref="oc-4e"/>
      </symbol>
      <symbol id="sm-3e9">
         <name>pbistIsTestCompleted</name>
         <value>0x5a8</value>
         <object_component_ref idref="oc-4e"/>
      </symbol>
      <symbol id="sm-3ea">
         <name>disableParity</name>
         <value>0x240c</value>
         <object_component_ref idref="oc-4e"/>
      </symbol>
      <symbol id="sm-3eb">
         <name>pbistRun</name>
         <value>0x4ac</value>
         <object_component_ref idref="oc-4e"/>
      </symbol>
      <symbol id="sm-3ec">
         <name>pbistFail</name>
         <value>0x1d0c</value>
         <object_component_ref idref="oc-4e"/>
      </symbol>
      <symbol id="sm-3ed">
         <name>selftestFailNotification</name>
         <value>0x20</value>
         <object_component_ref idref="oc-4e"/>
      </symbol>
      <symbol id="sm-3ee">
         <name>errata_PBIST_4</name>
         <value>0x2090</value>
         <object_component_ref idref="oc-4e"/>
      </symbol>
      <symbol id="sm-3ef">
         <name>efcSelfTest</name>
         <value>0x774</value>
         <object_component_ref idref="oc-4e"/>
      </symbol>
      <symbol id="sm-3f0">
         <name>checkB1RAMECC</name>
         <value>0xb08</value>
         <object_component_ref idref="oc-4e"/>
      </symbol>
      <symbol id="sm-3f1">
         <name>pbistStop</name>
         <value>0x578</value>
         <object_component_ref idref="oc-4e"/>
      </symbol>
      <symbol id="sm-3f2">
         <name>checkRAMAddrParity</name>
         <value>0x197c</value>
         <object_component_ref idref="oc-4e"/>
      </symbol>
      <symbol id="sm-3f3">
         <name>checkB0RAMECC</name>
         <value>0x918</value>
         <object_component_ref idref="oc-4e"/>
      </symbol>
      <symbol id="sm-3f4">
         <name>stcGetConfigValue</name>
         <value>0x1ed8</value>
         <object_component_ref idref="oc-4e"/>
      </symbol>
      <symbol id="sm-3f5">
         <name>pbistIsTestPassed</name>
         <value>0x5c4</value>
         <object_component_ref idref="oc-4e"/>
      </symbol>
      <symbol id="sm-3f6">
         <name>checkClockMonitor</name>
         <value>0x15e4</value>
         <object_component_ref idref="oc-4e"/>
      </symbol>
      <symbol id="sm-3f7">
         <name>fmcECCcheck</name>
         <value>0x878</value>
         <object_component_ref idref="oc-4e"/>
      </symbol>
      <symbol id="sm-3f8">
         <name>fmcBus2Check</name>
         <value>0x83c</value>
         <object_component_ref idref="oc-4e"/>
      </symbol>
      <symbol id="sm-3f9">
         <name>checkRAMUERRTest</name>
         <value>0x1a84</value>
         <object_component_ref idref="oc-4e"/>
      </symbol>
      <symbol id="sm-3fa">
         <name>efcStuckZeroTest</name>
         <value>0x6c8</value>
         <object_component_ref idref="oc-4e"/>
      </symbol>
      <symbol id="sm-419">
         <name>_c_int00</name>
         <value>0x4ea0</value>
         <object_component_ref idref="oc-b"/>
      </symbol>
      <symbol id="sm-4af">
         <name>vimChannelMap</name>
         <value>0x3b0c</value>
         <object_component_ref idref="oc-38"/>
      </symbol>
      <symbol id="sm-4b0">
         <name>vimInit</name>
         <value>0x3a38</value>
         <object_component_ref idref="oc-38"/>
      </symbol>
      <symbol id="sm-4b1">
         <name>vimEnableInterrupt</name>
         <value>0x3ba8</value>
         <object_component_ref idref="oc-38"/>
      </symbol>
      <symbol id="sm-4b2">
         <name>vimDisableInterrupt</name>
         <value>0x3d00</value>
         <object_component_ref idref="oc-38"/>
      </symbol>
      <symbol id="sm-4b3">
         <name>vimGetConfigValue</name>
         <value>0x3d84</value>
         <object_component_ref idref="oc-38"/>
      </symbol>
      <symbol id="sm-4b4">
         <name>vimParityErrorHandler</name>
         <value>0x4c34</value>
         <object_component_ref idref="oc-37"/>
      </symbol>
      <symbol id="sm-507">
         <name>systemGetConfigValue</name>
         <value>0x32e0</value>
         <object_component_ref idref="oc-48"/>
      </symbol>
      <symbol id="sm-508">
         <name>trimLPO</name>
         <value>0x3024</value>
         <object_component_ref idref="oc-48"/>
      </symbol>
      <symbol id="sm-509">
         <name>systemInit</name>
         <value>0x31e4</value>
         <object_component_ref idref="oc-48"/>
      </symbol>
      <symbol id="sm-50a">
         <name>tcmflashGetConfigValue</name>
         <value>0x36a0</value>
         <object_component_ref idref="oc-48"/>
      </symbol>
      <symbol id="sm-50b">
         <name>sramGetConfigValue</name>
         <value>0x384c</value>
         <object_component_ref idref="oc-48"/>
      </symbol>
      <symbol id="sm-50c">
         <name>periphInit</name>
         <value>0x30ac</value>
         <object_component_ref idref="oc-48"/>
      </symbol>
      <symbol id="sm-50d">
         <name>setupFlash</name>
         <value>0x306c</value>
         <object_component_ref idref="oc-48"/>
      </symbol>
      <symbol id="sm-50e">
         <name>setupPLL</name>
         <value>0x2fd4</value>
         <object_component_ref idref="oc-48"/>
      </symbol>
      <symbol id="sm-50f">
         <name>mapClocks</name>
         <value>0x3100</value>
         <object_component_ref idref="oc-48"/>
      </symbol>
      <symbol id="sm-510">
         <name>systemPowerDown</name>
         <value>0x32b0</value>
         <object_component_ref idref="oc-48"/>
      </symbol>
      <symbol id="sm-52b">
         <name>__TI_auto_init</name>
         <value>0x569c</value>
         <object_component_ref idref="oc-5a"/>
      </symbol>
      <symbol id="sm-542">
         <name>__TI_decompress_none</name>
         <value>0x5a4c</value>
         <object_component_ref idref="oc-11"/>
      </symbol>
      <symbol id="sm-564">
         <name>__TI_decompress_rle24</name>
         <value>0x5a60</value>
         <object_component_ref idref="oc-1d"/>
      </symbol>
      <symbol id="sm-577">
         <name>__TI_zero_init</name>
         <value>0x5a2c</value>
         <object_component_ref idref="oc-17"/>
      </symbol>
      <symbol id="sm-590">
         <name>copy_in</name>
         <value>0x5898</value>
         <object_component_ref idref="oc-c5"/>
      </symbol>
      <symbol id="sm-5b0">
         <name>C$$EXIT</name>
         <value>0x5918</value>
         <object_component_ref idref="oc-65"/>
      </symbol>
      <symbol id="sm-5b1">
         <name>abort</name>
         <value>0x5920</value>
         <object_component_ref idref="oc-65"/>
      </symbol>
      <symbol id="sm-5b2">
         <name>exit</name>
         <value>0x592c</value>
         <object_component_ref idref="oc-65"/>
      </symbol>
      <symbol id="sm-5b3">
         <name>__TI_dtors_ptr</name>
         <value>0x8001554</value>
         <object_component_ref idref="oc-e4"/>
      </symbol>
      <symbol id="sm-5b4">
         <name>__TI_cleanup_ptr</name>
         <value>0x8001550</value>
         <object_component_ref idref="oc-e4"/>
      </symbol>
      <symbol id="sm-5cd">
         <name>memcpy</name>
         <value>0x50a0</value>
         <object_component_ref idref="oc-6c"/>
      </symbol>
      <symbol id="sm-5ce">
         <name>__aeabi_memcpy</name>
         <value>0x50a0</value>
         <object_component_ref idref="oc-6c"/>
      </symbol>
      <symbol id="sm-5cf">
         <name>__aeabi_memcpy8</name>
         <value>0x50a0</value>
         <object_component_ref idref="oc-6c"/>
      </symbol>
      <symbol id="sm-5d0">
         <name>__aeabi_memcpy4</name>
         <value>0x50a0</value>
         <object_component_ref idref="oc-6c"/>
      </symbol>
      <symbol id="sm-5ea">
         <name>_nop</name>
         <value>0x5a20</value>
         <object_component_ref idref="oc-183"/>
      </symbol>
      <symbol id="sm-5eb">
         <name>_lock</name>
         <value>0x8001548</value>
         <object_component_ref idref="oc-e1"/>
      </symbol>
      <symbol id="sm-5ec">
         <name>_unlock</name>
         <value>0x800154c</value>
         <object_component_ref idref="oc-e1"/>
      </symbol>
      <symbol id="sm-5ed">
         <name>_register_lock</name>
         <value>0x5a14</value>
         <object_component_ref idref="oc-183"/>
      </symbol>
      <symbol id="sm-5ee">
         <name>_register_unlock</name>
         <value>0x5a08</value>
         <object_component_ref idref="oc-183"/>
      </symbol>
      <symbol id="sm-5ef">
         <name>__TI_static_base__</name>
         <value>0x0</value>
      </symbol>
      <symbol id="sm-5f0">
         <name>SHT$$INIT_ARRAY$$Limit</name>
         <value>0x0</value>
      </symbol>
      <symbol id="sm-5f1">
         <name>SHT$$INIT_ARRAY$$Base</name>
         <value>0x0</value>
      </symbol>
   </symbol_table>
   <title>Link successful</title>
</link_info>
