******************************************************************************
                  TI ARM Linker PC v5.1.6                      
******************************************************************************
>> Linked Fri Jan 23 21:31:24 2015

OUTPUT FILE NAME:   <Hercules Master Test.out>
ENTRY POINT SYMBOL: "_c_int00"  address: 00004ea0


MEMORY CONFIGURATION

         name            origin    length      used     unused   attr    fill
----------------------  --------  ---------  --------  --------  ----  --------
  VECTORS               00000000   00000020  00000020  00000000     X
  FLASH0                00000020   0005ffe0  00005c08  0005a3d8  R  X
  STACKS                08000000   00001500  00000000  00001500  RW  
  RAM                   08001500   00006b00  00000058  00006aa8  RW  


SEGMENT ALLOCATION MAP

run origin  load origin   length   init length attrs members
----------  ----------- ---------- ----------- ----- -------
00000000    00000000    00005c28   00005c28    r-x
  00000000    00000000    00000020   00000020    r-x .intvecs
  00000020    00000020    00005a4c   00005a4c    r-x .text
  00005a6c    00005a6c    00000184   00000184    r-- .const
  00005bf0    00005bf0    00000038   00000038    r-- .cinit
08001500    08001500    00000058   00000000    rw-
  08001500    08001500    00000048   00000000    rw- .bss
  08001548    08001548    00000010   00000000    rw- .data


SECTION ALLOCATION MAP

 output                                  attributes/
section   page    origin      length       input sections
--------  ----  ----------  ----------   ----------------
.intvecs   0    00000000    00000020     
                  00000000    00000020     sys_intvecs.obj (.intvecs)

.text      0    00000020    00005a4c     
                  00000020    000024dc     sys_selftest.obj (.text)
                  000024fc    00000ad8     spi.obj (.text)
                  00002fd4    00000a64     system.obj (.text)
                  00003a38    00000890     sys_vim.obj (.text)
                  000042c8    0000062c     esm.obj (.text)
                  000048f4    00000340     sys_core.obj (.text)
                  00004c34    0000026c     sys_vim.obj (.text:retain)
                  00004ea0    00000200     sys_startup.obj (.text:retain)
                  000050a0    00000180     rtsv7R4_A_be_eabi.lib : memcpy32.obj (.text)
                  00005220    00000150     pinmux.obj (.text)
                  00005370    00000130     esm.obj (.text:retain)
                  000054a0    00000114     sys_pmu.obj (.text)
                  000055b4    000000e8     dabort.obj (.text)
                  0000569c    000000d4     rtsv7R4_A_be_eabi.lib : auto_init.obj (.text)
                  00005770    00000098                           : copy_decompress_rle.obj (.text)
                  00005808    00000090     notification.obj (.text)
                  00005898    00000080     rtsv7R4_A_be_eabi.lib : cpy_tbl.obj (.text)
                  00005918    00000078                           : exit.obj (.text)
                  00005990    00000078     sys_main.obj (.text)
                  00005a08    00000024     rtsv7R4_A_be_eabi.lib : _lock.obj (.text)
                  00005a2c    00000020                           : copy_zero_init.obj (.text:decompress:ZI)
                  00005a4c    00000014                           : copy_decompress_none.obj (.text:decompress:none)
                  00005a60    00000008                           : copy_decompress_rle.obj (.text:decompress:rle24)
                  00005a68    00000004     sys_phantom.obj (.text:retain)

.const     0    00005a6c    00000184     
                  00005a6c    00000180     sys_vim.obj (.const:s_vim_init)
                  00005bec    00000004     sys_main.obj (.const)

.cinit     0    00005bf0    00000038     
                  00005bf0    00000011     (.cinit..data.load) [load image, compression = rle]
                  00005c01    00000003     --HOLE-- [fill = 0]
                  00005c04    0000000c     (__TI_handler_table)
                  00005c10    00000008     (.cinit..bss.load) [load image, compression = zero_init]
                  00005c18    00000010     (__TI_cinit_table)

.bss       0    08001500    00000048     UNINITIALIZED
                  08001500    00000048     spi.obj (.bss:g_spiPacket_t)

.data      0    08001548    00000010     UNINITIALIZED
                  08001548    00000008     rtsv7R4_A_be_eabi.lib : _lock.obj (.data)
                  08001550    00000008                           : exit.obj (.data)


LINKER GENERATED COPY TABLES

__TI_cinit_table @ 00005c18 records: 2, size/record: 8, table size: 16
	.data: load addr=00005bf0, load size=00000011 bytes, run addr=08001548, run size=00000010 bytes, compression=rle
	.bss: load addr=00005c10, load size=00000008 bytes, run addr=08001500, run size=00000048 bytes, compression=zero_init


LINKER GENERATED HANDLER TABLE

__TI_handler_table @ 00005c04 records: 3, size/record: 4, table size: 12
	index: 0, handler: __TI_zero_init
	index: 1, handler: __TI_decompress_rle24
	index: 2, handler: __TI_decompress_none


GLOBAL SYMBOLS: SORTED ALPHABETICALLY BY Name 

address    name
--------   ----
00005918   C$$EXIT
UNDEFED    SHT$$INIT_ARRAY$$Base
UNDEFED    SHT$$INIT_ARRAY$$Limit
00002ccc   SpiRxStatus
00002c70   SpiTxStatus
00005c18   __TI_CINIT_Base
00005c28   __TI_CINIT_Limit
00005c04   __TI_Handler_Table_Base
00005c10   __TI_Handler_Table_Limit
00004c2c   __TI_PINIT_Base
00004c30   __TI_PINIT_Limit
0000569c   __TI_auto_init
08001550   __TI_cleanup_ptr
00005a4c   __TI_decompress_none
00005a60   __TI_decompress_rle24
08001554   __TI_dtors_ptr
00000000   __TI_static_base__
00005a2c   __TI_zero_init
000050a0   __aeabi_memcpy
000050a0   __aeabi_memcpy4
000050a0   __aeabi_memcpy8
ffffffff   __binit__
ffffffff   __c_args__
00004ea0   _c_int00
00004b3c   _coreClearAuxiliaryDataFault_
00004b58   _coreClearAuxiliaryInstructionFault_
00004b04   _coreClearDataFaultAddress_
00004acc   _coreClearDataFault_
00004b20   _coreClearInstructionFaultAddress_
00004ae8   _coreClearInstructionFault_
00004a30   _coreDisableEventBusExport_
00004a94   _coreDisableFlashEcc_
00004a60   _coreDisableRamEcc_
00004a18   _coreEnableEventBusExport_
00004a78   _coreEnableFlashEcc_
00004aac   _coreEnableIrqVicOffset_
00004a48   _coreEnableRamEcc_
00004b34   _coreGetAuxiliaryDataFault_
00004b50   _coreGetAuxiliaryInstructionFault_
00004afc   _coreGetDataFaultAddress_
00004ac4   _coreGetDataFault_
00004b18   _coreGetInstructionFaultAddress_
00004ae0   _coreGetInstructionFault_
000048f4   _coreInitRegisters_
000049ac   _coreInitStackPointer_
000055b4   _dabort
00004b74   _disable_FIQ_interrupt_
00004b7c   _disable_IRQ_interrupt_
00004b6c   _disable_interrupt_
00004b84   _enable_interrupt_
00004c14   _errata_CORTEXR4_66_
00004b8c   _esmCcmErrorsClear_
000049f8   _getCPSRValue_
00004a00   _gotoCPUIdle_
08001548   _lock
00005a20   _nop
00005508   _pmuDisableCountersGlobal_
000054f0   _pmuEnableCountersGlobal_
00005588   _pmuGetCycleCount_
00005590   _pmuGetEventCount_
000055a0   _pmuGetOverflow_
000054a0   _pmuInit_
00005550   _pmuResetCounters_
00005520   _pmuResetCycleCounter_
00005538   _pmuResetEventCounters_
00005578   _pmuSetCountEvent_
00005568   _pmuStartCounters_
00005570   _pmuStopCounters_
00005a14   _register_lock
00005a08   _register_unlock
0800154c   _unlock
00005920   abort
00000fe4   adc1ParityCheck
ffffffff   binit
0000109c   can1ParityCheck
00001178   can2ParityCheck
00000030   ccmSelfCheck
00002014   ccmr4GetConfigValue
00000918   checkB0RAMECC
00000b08   checkB1RAMECC
000015e4   checkClockMonitor
00000cf8   checkFlashECC
000016b8   checkFlashEEPROMECC
00001860   checkPLL1Slip
0000197c   checkRAMAddrParity
0000139c   checkRAMECC
00001a84   checkRAMUERRTest
0000079c   checkefcSelfTest
00005898   copy_in
00000234   cpuSelfTest
00000ddc   cpuSelfTestFail
00000dd4   custom_dabort
0000240c   disableParity
00000640   efcCheck
00001f78   efcGetConfigValue
00000774   efcSelfTest
000006c8   efcStuckZeroTest
000023b8   enableParity
00002090   errata_PBIST_4
00004478   esmActivateNormalOperation
0000455c   esmClearStatus
0000459c   esmClearStatusBuffer
0000443c   esmDisableError
000044b4   esmDisableInterrupt
00004410   esmEnableError
00004488   esmEnableInterrupt
000046bc   esmEnterSelfTest
000043f4   esmError
00004794   esmGetConfigValue
000045e8   esmGetStatus
0000465c   esmGetStatusBuffer
00005808   esmGroup1Notification
00005818   esmGroup2Notification
00005370   esmHighInterrupt
000042c8   esmInit
00004744   esmSelfTestStatus
000045c8   esmSetCounterPreloadValue
000044e0   esmSetInterruptLevel
00004468   esmTriggerErrorPinReset
0000592c   exit
00001be0   fmcBus1ParityCheck
0000083c   fmcBus2Check
00000878   fmcECCcheck
00005860   gioNotification
00000e8c   het1ParityCheck
00000f2c   htu1ParityCheck
00005990   main
00003100   mapClocks
000050a0   memcpy
00000174   memoryInit
00005828   memoryPort0TestFailNotification
00005844   memoryPort1TestFailNotification
00001240   mibspi1ParityCheck
00005220   muxInit
00001d0c   pbistFail
00001d90   pbistGetConfigValue
000005a8   pbistIsTestCompleted
000005c4   pbistIsTestPassed
000005f8   pbistPortTestStatus
000004ac   pbistRun
000002cc   pbistSelfCheck
00000578   pbistStop
000030ac   periphInit
00005a68   phantomInterrupt
000052a8   pinmuxGetConfigValue
00000000   resetEntry
00000020   selftestFailNotification
0000306c   setupFlash
00002fd4   setupPLL
00002dd4   spi1GetConfigValue
00002d5c   spiDisableLoopback
00002da8   spiDisableNotification
00002d28   spiEnableLoopback
00002d78   spiEnableNotification
00005888   spiEndNotification
00002768   spiGetData
000024fc   spiInit
00005874   spiNotification
0000264c   spiReceiveData
00002b60   spiSendAndGetData
0000295c   spiSendData
0000262c   spiSetFunctional
00002a24   spiTransmitAndReceiveData
00002830   spiTransmitData
0000384c   sramGetConfigValue
00001ed8   stcGetConfigValue
000001b8   stcSelfCheck
00000dd8   stcSelfCheckFail
000032e0   systemGetConfigValue
000031e4   systemInit
000032b0   systemPowerDown
000036a0   tcmflashGetConfigValue
00003024   trimLPO
00003b0c   vimChannelMap
00003d00   vimDisableInterrupt
00003ba8   vimEnableInterrupt
00003d84   vimGetConfigValue
00003a38   vimInit
00000de0   vimParityCheck
00004c34   vimParityErrorHandler


GLOBAL SYMBOLS: SORTED BY Symbol Address 

address    name
--------   ----
00000000   __TI_static_base__
00000000   resetEntry
00000020   selftestFailNotification
00000030   ccmSelfCheck
00000174   memoryInit
000001b8   stcSelfCheck
00000234   cpuSelfTest
000002cc   pbistSelfCheck
000004ac   pbistRun
00000578   pbistStop
000005a8   pbistIsTestCompleted
000005c4   pbistIsTestPassed
000005f8   pbistPortTestStatus
00000640   efcCheck
000006c8   efcStuckZeroTest
00000774   efcSelfTest
0000079c   checkefcSelfTest
0000083c   fmcBus2Check
00000878   fmcECCcheck
00000918   checkB0RAMECC
00000b08   checkB1RAMECC
00000cf8   checkFlashECC
00000dd4   custom_dabort
00000dd8   stcSelfCheckFail
00000ddc   cpuSelfTestFail
00000de0   vimParityCheck
00000e8c   het1ParityCheck
00000f2c   htu1ParityCheck
00000fe4   adc1ParityCheck
0000109c   can1ParityCheck
00001178   can2ParityCheck
00001240   mibspi1ParityCheck
0000139c   checkRAMECC
000015e4   checkClockMonitor
000016b8   checkFlashEEPROMECC
00001860   checkPLL1Slip
0000197c   checkRAMAddrParity
00001a84   checkRAMUERRTest
00001be0   fmcBus1ParityCheck
00001d0c   pbistFail
00001d90   pbistGetConfigValue
00001ed8   stcGetConfigValue
00001f78   efcGetConfigValue
00002014   ccmr4GetConfigValue
00002090   errata_PBIST_4
000023b8   enableParity
0000240c   disableParity
000024fc   spiInit
0000262c   spiSetFunctional
0000264c   spiReceiveData
00002768   spiGetData
00002830   spiTransmitData
0000295c   spiSendData
00002a24   spiTransmitAndReceiveData
00002b60   spiSendAndGetData
00002c70   SpiTxStatus
00002ccc   SpiRxStatus
00002d28   spiEnableLoopback
00002d5c   spiDisableLoopback
00002d78   spiEnableNotification
00002da8   spiDisableNotification
00002dd4   spi1GetConfigValue
00002fd4   setupPLL
00003024   trimLPO
0000306c   setupFlash
000030ac   periphInit
00003100   mapClocks
000031e4   systemInit
000032b0   systemPowerDown
000032e0   systemGetConfigValue
000036a0   tcmflashGetConfigValue
0000384c   sramGetConfigValue
00003a38   vimInit
00003b0c   vimChannelMap
00003ba8   vimEnableInterrupt
00003d00   vimDisableInterrupt
00003d84   vimGetConfigValue
000042c8   esmInit
000043f4   esmError
00004410   esmEnableError
0000443c   esmDisableError
00004468   esmTriggerErrorPinReset
00004478   esmActivateNormalOperation
00004488   esmEnableInterrupt
000044b4   esmDisableInterrupt
000044e0   esmSetInterruptLevel
0000455c   esmClearStatus
0000459c   esmClearStatusBuffer
000045c8   esmSetCounterPreloadValue
000045e8   esmGetStatus
0000465c   esmGetStatusBuffer
000046bc   esmEnterSelfTest
00004744   esmSelfTestStatus
00004794   esmGetConfigValue
000048f4   _coreInitRegisters_
000049ac   _coreInitStackPointer_
000049f8   _getCPSRValue_
00004a00   _gotoCPUIdle_
00004a18   _coreEnableEventBusExport_
00004a30   _coreDisableEventBusExport_
00004a48   _coreEnableRamEcc_
00004a60   _coreDisableRamEcc_
00004a78   _coreEnableFlashEcc_
00004a94   _coreDisableFlashEcc_
00004aac   _coreEnableIrqVicOffset_
00004ac4   _coreGetDataFault_
00004acc   _coreClearDataFault_
00004ae0   _coreGetInstructionFault_
00004ae8   _coreClearInstructionFault_
00004afc   _coreGetDataFaultAddress_
00004b04   _coreClearDataFaultAddress_
00004b18   _coreGetInstructionFaultAddress_
00004b20   _coreClearInstructionFaultAddress_
00004b34   _coreGetAuxiliaryDataFault_
00004b3c   _coreClearAuxiliaryDataFault_
00004b50   _coreGetAuxiliaryInstructionFault_
00004b58   _coreClearAuxiliaryInstructionFault_
00004b6c   _disable_interrupt_
00004b74   _disable_FIQ_interrupt_
00004b7c   _disable_IRQ_interrupt_
00004b84   _enable_interrupt_
00004b8c   _esmCcmErrorsClear_
00004c14   _errata_CORTEXR4_66_
00004c2c   __TI_PINIT_Base
00004c30   __TI_PINIT_Limit
00004c34   vimParityErrorHandler
00004ea0   _c_int00
000050a0   __aeabi_memcpy
000050a0   __aeabi_memcpy4
000050a0   __aeabi_memcpy8
000050a0   memcpy
00005220   muxInit
000052a8   pinmuxGetConfigValue
00005370   esmHighInterrupt
000054a0   _pmuInit_
000054f0   _pmuEnableCountersGlobal_
00005508   _pmuDisableCountersGlobal_
00005520   _pmuResetCycleCounter_
00005538   _pmuResetEventCounters_
00005550   _pmuResetCounters_
00005568   _pmuStartCounters_
00005570   _pmuStopCounters_
00005578   _pmuSetCountEvent_
00005588   _pmuGetCycleCount_
00005590   _pmuGetEventCount_
000055a0   _pmuGetOverflow_
000055b4   _dabort
0000569c   __TI_auto_init
00005808   esmGroup1Notification
00005818   esmGroup2Notification
00005828   memoryPort0TestFailNotification
00005844   memoryPort1TestFailNotification
00005860   gioNotification
00005874   spiNotification
00005888   spiEndNotification
00005898   copy_in
00005918   C$$EXIT
00005920   abort
0000592c   exit
00005990   main
00005a08   _register_unlock
00005a14   _register_lock
00005a20   _nop
00005a2c   __TI_zero_init
00005a4c   __TI_decompress_none
00005a60   __TI_decompress_rle24
00005a68   phantomInterrupt
00005c04   __TI_Handler_Table_Base
00005c10   __TI_Handler_Table_Limit
00005c18   __TI_CINIT_Base
00005c28   __TI_CINIT_Limit
08001548   _lock
0800154c   _unlock
08001550   __TI_cleanup_ptr
08001554   __TI_dtors_ptr
ffffffff   __binit__
ffffffff   __c_args__
ffffffff   binit
UNDEFED    SHT$$INIT_ARRAY$$Base
UNDEFED    SHT$$INIT_ARRAY$$Limit

[180 symbols]
