******************************************************************************
                  TI ARM Linker PC v5.1.6                      
******************************************************************************
>> Linked Thu Feb 12 14:09:34 2015

OUTPUT FILE NAME:   <SCI.out>
ENTRY POINT SYMBOL: "_c_int00"  address: 00004a3c


MEMORY CONFIGURATION

         name            origin    length      used     unused   attr    fill
----------------------  --------  ---------  --------  --------  ----  --------
  VECTORS               00000000   00000020  00000020  00000000     X
  FLASH0                00000020   0005ffe0  00005bd0  0005a410  R  X
  STACKS                08000000   00001500  00000000  00001500  RW  
  RAM                   08001500   00006b00  00000025  00006adb  RW  


SEGMENT ALLOCATION MAP

run origin  load origin   length   init length attrs members
----------  ----------- ---------- ----------- ----- -------
00000000    00000000    00005bf0   00005bf0    r-x
  00000000    00000000    00000020   00000020    r-x .intvecs
  00000020    00000020    00005a18   00005a18    r-x .text
  00005a38    00005a38    00000180   00000180    r-- .const
  00005bb8    00005bb8    00000038   00000038    r-- .cinit
08001500    08001500    00000028   00000000    rw-
  08001500    08001500    00000015   00000000    rw- .bss
  08001518    08001518    00000010   00000000    rw- .data


SECTION ALLOCATION MAP

 output                                  attributes/
section   page    origin      length       input sections
--------  ----  ----------  ----------   ----------------
.intvecs   0    00000000    00000020     
                  00000000    00000020     sys_intvecs.obj (.intvecs)

.text      0    00000020    00005a18     
                  00000020    000024dc     sys_selftest.obj (.text)
                  000024fc    00000a64     system.obj (.text)
                  00002f60    00000890     sys_vim.obj (.text)
                  000037f0    00000674     sci.obj (.text)
                  00003e64    0000062c     esm.obj (.text)
                  00004490    00000340     sys_core.obj (.text)
                  000047d0    0000026c     sys_vim.obj (.text:retain)
                  00004a3c    00000200     sys_startup.obj (.text:retain)
                  00004c3c    000001d8     sci.obj (.text:retain)
                  00004e14    00000190     rtsv7R4_A_be_eabi.lib : fd_div32.obj (.text)
                  00004fa4    00000180                           : memcpy32.obj (.text)
                  00005124    00000150     pinmux.obj (.text)
                  00005274    00000130     esm.obj (.text:retain)
                  000053a4    00000114     sys_pmu.obj (.text)
                  000054b8    000000e8     dabort.obj (.text)
                  000055a0    000000d8     sys_main.obj (.text)
                  00005678    000000d4     rtsv7R4_A_be_eabi.lib : auto_init.obj (.text)
                  0000574c    00000098                           : copy_decompress_rle.obj (.text)
                  000057e4    00000080                           : cpy_tbl.obj (.text)
                  00005864    00000078                           : exit.obj (.text)
                  000058dc    0000006c     notification.obj (.text)
                  00005948    00000058     rtsv7R4_A_be_eabi.lib : fd_tou32.obj (.text)
                  000059a0    00000034                           : u_tofd32.obj (.text)
                  000059d4    00000024                           : _lock.obj (.text)
                  000059f8    00000020                           : copy_zero_init.obj (.text:decompress:ZI)
                  00005a18    00000014                           : copy_decompress_none.obj (.text:decompress:none)
                  00005a2c    00000008                           : copy_decompress_rle.obj (.text:decompress:rle24)
                  00005a34    00000004     sys_phantom.obj (.text:retain)

.const     0    00005a38    00000180     
                  00005a38    00000180     sys_vim.obj (.const:s_vim_init)

.cinit     0    00005bb8    00000038     
                  00005bb8    00000011     (.cinit..data.load) [load image, compression = rle]
                  00005bc9    00000003     --HOLE-- [fill = 0]
                  00005bcc    0000000c     (__TI_handler_table)
                  00005bd8    00000008     (.cinit..bss.load) [load image, compression = zero_init]
                  00005be0    00000010     (__TI_cinit_table)

.bss       0    08001500    00000015     UNINITIALIZED
                  08001500    00000014     (.common:g_sciTransfer_t)
                  08001514    00000001     (.common:command)

.data      0    08001518    00000010     UNINITIALIZED
                  08001518    00000008     rtsv7R4_A_be_eabi.lib : _lock.obj (.data)
                  08001520    00000008                           : exit.obj (.data)


LINKER GENERATED COPY TABLES

__TI_cinit_table @ 00005be0 records: 2, size/record: 8, table size: 16
	.data: load addr=00005bb8, load size=00000011 bytes, run addr=08001518, run size=00000010 bytes, compression=rle
	.bss: load addr=00005bd8, load size=00000008 bytes, run addr=08001500, run size=00000015 bytes, compression=zero_init


LINKER GENERATED HANDLER TABLE

__TI_handler_table @ 00005bcc records: 3, size/record: 4, table size: 12
	index: 0, handler: __TI_zero_init
	index: 1, handler: __TI_decompress_rle24
	index: 2, handler: __TI_decompress_none


GLOBAL SYMBOLS: SORTED ALPHABETICALLY BY Name 

address    name
--------   ----
00005864   C$$EXIT
UNDEFED    SHT$$INIT_ARRAY$$Base
UNDEFED    SHT$$INIT_ARRAY$$Limit
00005be0   __TI_CINIT_Base
00005bf0   __TI_CINIT_Limit
00005bcc   __TI_Handler_Table_Base
00005bd8   __TI_Handler_Table_Limit
000047c8   __TI_PINIT_Base
000047cc   __TI_PINIT_Limit
00005678   __TI_auto_init
08001520   __TI_cleanup_ptr
00005a18   __TI_decompress_none
00005a2c   __TI_decompress_rle24
08001524   __TI_dtors_ptr
00000000   __TI_static_base__
000059f8   __TI_zero_init
00005948   __aeabi_d2uiz
00004e14   __aeabi_ddiv
00004fa4   __aeabi_memcpy
00004fa4   __aeabi_memcpy4
00004fa4   __aeabi_memcpy8
000059a0   __aeabi_ui2d
ffffffff   __binit__
ffffffff   __c_args__
00004a3c   _c_int00
000046d8   _coreClearAuxiliaryDataFault_
000046f4   _coreClearAuxiliaryInstructionFault_
000046a0   _coreClearDataFaultAddress_
00004668   _coreClearDataFault_
000046bc   _coreClearInstructionFaultAddress_
00004684   _coreClearInstructionFault_
000045cc   _coreDisableEventBusExport_
00004630   _coreDisableFlashEcc_
000045fc   _coreDisableRamEcc_
000045b4   _coreEnableEventBusExport_
00004614   _coreEnableFlashEcc_
00004648   _coreEnableIrqVicOffset_
000045e4   _coreEnableRamEcc_
000046d0   _coreGetAuxiliaryDataFault_
000046ec   _coreGetAuxiliaryInstructionFault_
00004698   _coreGetDataFaultAddress_
00004660   _coreGetDataFault_
000046b4   _coreGetInstructionFaultAddress_
0000467c   _coreGetInstructionFault_
00004490   _coreInitRegisters_
00004548   _coreInitStackPointer_
000054b8   _dabort
00004710   _disable_FIQ_interrupt_
00004718   _disable_IRQ_interrupt_
00004708   _disable_interrupt_
00004720   _enable_interrupt_
000047b0   _errata_CORTEXR4_66_
00004728   _esmCcmErrorsClear_
00004594   _getCPSRValue_
0000459c   _gotoCPUIdle_
08001518   _lock
000059ec   _nop
0000540c   _pmuDisableCountersGlobal_
000053f4   _pmuEnableCountersGlobal_
0000548c   _pmuGetCycleCount_
00005494   _pmuGetEventCount_
000054a4   _pmuGetOverflow_
000053a4   _pmuInit_
00005454   _pmuResetCounters_
00005424   _pmuResetCycleCounter_
0000543c   _pmuResetEventCounters_
0000547c   _pmuSetCountEvent_
0000546c   _pmuStartCounters_
00005474   _pmuStopCounters_
000059e0   _register_lock
000059d4   _register_unlock
0800151c   _unlock
0000586c   abort
00000fe4   adc1ParityCheck
ffffffff   binit
0000109c   can1ParityCheck
00001178   can2ParityCheck
00000030   ccmSelfCheck
00002014   ccmr4GetConfigValue
00000918   checkB0RAMECC
00000b08   checkB1RAMECC
000015e4   checkClockMonitor
00000cf8   checkFlashECC
000016b8   checkFlashEEPROMECC
00001860   checkPLL1Slip
0000197c   checkRAMAddrParity
0000139c   checkRAMECC
00001a84   checkRAMUERRTest
0000079c   checkefcSelfTest
000057e4   copy_in
00000234   cpuSelfTest
00000ddc   cpuSelfTestFail
00000dd4   custom_dabort
0000240c   disableParity
00000640   efcCheck
00001f78   efcGetConfigValue
00000774   efcSelfTest
000006c8   efcStuckZeroTest
000023b8   enableParity
00002090   errata_PBIST_4
00004014   esmActivateNormalOperation
000040f8   esmClearStatus
00004138   esmClearStatusBuffer
00003fd8   esmDisableError
00004050   esmDisableInterrupt
00003fac   esmEnableError
00004024   esmEnableInterrupt
00004258   esmEnterSelfTest
00003f90   esmError
00004330   esmGetConfigValue
00004184   esmGetStatus
000041f8   esmGetStatusBuffer
00005628   esmGroup1Notification
00005638   esmGroup2Notification
00005274   esmHighInterrupt
00003e64   esmInit
000042e0   esmSelfTestStatus
00004164   esmSetCounterPreloadValue
0000407c   esmSetInterruptLevel
00004004   esmTriggerErrorPinReset
00005878   exit
00001be0   fmcBus1ParityCheck
0000083c   fmcBus2Check
00000878   fmcECCcheck
00000e8c   het1ParityCheck
00000f2c   htu1ParityCheck
00004c3c   linHighLevelInterrupt
000055a0   main
00002628   mapClocks
00004fa4   memcpy
00000174   memoryInit
000058fc   memoryPort0TestFailNotification
00005918   memoryPort1TestFailNotification
00001240   mibspi1ParityCheck
00005124   muxInit
00001d0c   pbistFail
00001d90   pbistGetConfigValue
000005a8   pbistIsTestCompleted
000005c4   pbistIsTestPassed
000005f8   pbistPortTestStatus
000004ac   pbistRun
000002cc   pbistSelfCheck
00000578   pbistStop
000025d4   periphInit
00005a34   phantomInterrupt
000051ac   pinmuxGetConfigValue
00000000   resetEntry
00003c1c   sciDisableLoopback
00003c74   sciDisableNotification
00003be8   sciEnableLoopback
00003c38   sciEnableNotification
000037f0   sciInit
00003ad0   sciIsIdleDetected
00003ab4   sciIsRxReady
00003994   sciIsTxReady
000055d8   sciNotification
00003b48   sciReceive
00003b1c   sciReceiveByte
00003aec   sciRxError
000039e0   sciSend
000039b0   sciSendByte
000038fc   sciSetBaudrate
000038dc   sciSetFunctional
00003cb8   scilinGetConfigValue
00000020   selftestFailNotification
00002594   setupFlash
000024fc   setupPLL
00002d74   sramGetConfigValue
00001ed8   stcGetConfigValue
000001b8   stcSelfCheck
00000dd8   stcSelfCheckFail
00002808   systemGetConfigValue
0000270c   systemInit
000027d8   systemPowerDown
00002bc8   tcmflashGetConfigValue
0000254c   trimLPO
00003034   vimChannelMap
00003228   vimDisableInterrupt
000030d0   vimEnableInterrupt
000032ac   vimGetConfigValue
00002f60   vimInit
00000de0   vimParityCheck
000047d0   vimParityErrorHandler


GLOBAL SYMBOLS: SORTED BY Symbol Address 

address    name
--------   ----
00000000   __TI_static_base__
00000000   resetEntry
00000020   selftestFailNotification
00000030   ccmSelfCheck
00000174   memoryInit
000001b8   stcSelfCheck
00000234   cpuSelfTest
000002cc   pbistSelfCheck
000004ac   pbistRun
00000578   pbistStop
000005a8   pbistIsTestCompleted
000005c4   pbistIsTestPassed
000005f8   pbistPortTestStatus
00000640   efcCheck
000006c8   efcStuckZeroTest
00000774   efcSelfTest
0000079c   checkefcSelfTest
0000083c   fmcBus2Check
00000878   fmcECCcheck
00000918   checkB0RAMECC
00000b08   checkB1RAMECC
00000cf8   checkFlashECC
00000dd4   custom_dabort
00000dd8   stcSelfCheckFail
00000ddc   cpuSelfTestFail
00000de0   vimParityCheck
00000e8c   het1ParityCheck
00000f2c   htu1ParityCheck
00000fe4   adc1ParityCheck
0000109c   can1ParityCheck
00001178   can2ParityCheck
00001240   mibspi1ParityCheck
0000139c   checkRAMECC
000015e4   checkClockMonitor
000016b8   checkFlashEEPROMECC
00001860   checkPLL1Slip
0000197c   checkRAMAddrParity
00001a84   checkRAMUERRTest
00001be0   fmcBus1ParityCheck
00001d0c   pbistFail
00001d90   pbistGetConfigValue
00001ed8   stcGetConfigValue
00001f78   efcGetConfigValue
00002014   ccmr4GetConfigValue
00002090   errata_PBIST_4
000023b8   enableParity
0000240c   disableParity
000024fc   setupPLL
0000254c   trimLPO
00002594   setupFlash
000025d4   periphInit
00002628   mapClocks
0000270c   systemInit
000027d8   systemPowerDown
00002808   systemGetConfigValue
00002bc8   tcmflashGetConfigValue
00002d74   sramGetConfigValue
00002f60   vimInit
00003034   vimChannelMap
000030d0   vimEnableInterrupt
00003228   vimDisableInterrupt
000032ac   vimGetConfigValue
000037f0   sciInit
000038dc   sciSetFunctional
000038fc   sciSetBaudrate
00003994   sciIsTxReady
000039b0   sciSendByte
000039e0   sciSend
00003ab4   sciIsRxReady
00003ad0   sciIsIdleDetected
00003aec   sciRxError
00003b1c   sciReceiveByte
00003b48   sciReceive
00003be8   sciEnableLoopback
00003c1c   sciDisableLoopback
00003c38   sciEnableNotification
00003c74   sciDisableNotification
00003cb8   scilinGetConfigValue
00003e64   esmInit
00003f90   esmError
00003fac   esmEnableError
00003fd8   esmDisableError
00004004   esmTriggerErrorPinReset
00004014   esmActivateNormalOperation
00004024   esmEnableInterrupt
00004050   esmDisableInterrupt
0000407c   esmSetInterruptLevel
000040f8   esmClearStatus
00004138   esmClearStatusBuffer
00004164   esmSetCounterPreloadValue
00004184   esmGetStatus
000041f8   esmGetStatusBuffer
00004258   esmEnterSelfTest
000042e0   esmSelfTestStatus
00004330   esmGetConfigValue
00004490   _coreInitRegisters_
00004548   _coreInitStackPointer_
00004594   _getCPSRValue_
0000459c   _gotoCPUIdle_
000045b4   _coreEnableEventBusExport_
000045cc   _coreDisableEventBusExport_
000045e4   _coreEnableRamEcc_
000045fc   _coreDisableRamEcc_
00004614   _coreEnableFlashEcc_
00004630   _coreDisableFlashEcc_
00004648   _coreEnableIrqVicOffset_
00004660   _coreGetDataFault_
00004668   _coreClearDataFault_
0000467c   _coreGetInstructionFault_
00004684   _coreClearInstructionFault_
00004698   _coreGetDataFaultAddress_
000046a0   _coreClearDataFaultAddress_
000046b4   _coreGetInstructionFaultAddress_
000046bc   _coreClearInstructionFaultAddress_
000046d0   _coreGetAuxiliaryDataFault_
000046d8   _coreClearAuxiliaryDataFault_
000046ec   _coreGetAuxiliaryInstructionFault_
000046f4   _coreClearAuxiliaryInstructionFault_
00004708   _disable_interrupt_
00004710   _disable_FIQ_interrupt_
00004718   _disable_IRQ_interrupt_
00004720   _enable_interrupt_
00004728   _esmCcmErrorsClear_
000047b0   _errata_CORTEXR4_66_
000047c8   __TI_PINIT_Base
000047cc   __TI_PINIT_Limit
000047d0   vimParityErrorHandler
00004a3c   _c_int00
00004c3c   linHighLevelInterrupt
00004e14   __aeabi_ddiv
00004fa4   __aeabi_memcpy
00004fa4   __aeabi_memcpy4
00004fa4   __aeabi_memcpy8
00004fa4   memcpy
00005124   muxInit
000051ac   pinmuxGetConfigValue
00005274   esmHighInterrupt
000053a4   _pmuInit_
000053f4   _pmuEnableCountersGlobal_
0000540c   _pmuDisableCountersGlobal_
00005424   _pmuResetCycleCounter_
0000543c   _pmuResetEventCounters_
00005454   _pmuResetCounters_
0000546c   _pmuStartCounters_
00005474   _pmuStopCounters_
0000547c   _pmuSetCountEvent_
0000548c   _pmuGetCycleCount_
00005494   _pmuGetEventCount_
000054a4   _pmuGetOverflow_
000054b8   _dabort
000055a0   main
000055d8   sciNotification
00005628   esmGroup1Notification
00005638   esmGroup2Notification
00005678   __TI_auto_init
000057e4   copy_in
00005864   C$$EXIT
0000586c   abort
00005878   exit
000058fc   memoryPort0TestFailNotification
00005918   memoryPort1TestFailNotification
00005948   __aeabi_d2uiz
000059a0   __aeabi_ui2d
000059d4   _register_unlock
000059e0   _register_lock
000059ec   _nop
000059f8   __TI_zero_init
00005a18   __TI_decompress_none
00005a2c   __TI_decompress_rle24
00005a34   phantomInterrupt
00005bcc   __TI_Handler_Table_Base
00005bd8   __TI_Handler_Table_Limit
00005be0   __TI_CINIT_Base
00005bf0   __TI_CINIT_Limit
08001518   _lock
0800151c   _unlock
08001520   __TI_cleanup_ptr
08001524   __TI_dtors_ptr
ffffffff   __binit__
ffffffff   __c_args__
ffffffff   binit
UNDEFED    SHT$$INIT_ARRAY$$Base
UNDEFED    SHT$$INIT_ARRAY$$Limit

[183 symbols]
